10-22 07:43:35.805 32185 32246 I Unity   : A>> 1999 [04:43:35.804635]  BgUpProcessMng: KeepTrackOnBgUploadStatusCoroutine: : 70.7 - [bgUploadInfoFile] - modifTime: 10/22/2023 7:42:03 AM last modifTime: 10/22/2023 7:42:03 AM firstTimeCheck: False fileChanged: False before: 92.3962534 seconds, 
10-22 07:43:35.806 32185 32246 I Unity   : A>> 2000 [04:43:35.805412]  BgUpProcessMng: KeepTrackOnBgUploadStatusCoroutine: : 70.4 - [bgUploadInfoFile] - looking at path: /storage/emulated/0/Android/data/com.arpalus.planogramcompliance/files/ScanUploadBatches/Session_2023-10-22_04-42-09.batchUpInfo
10-22 07:43:35.806 32185 32246 I Unity   : A>> 2001 [04:43:35.806249]  BgUpProcessMng: KeepTrackOnBgUploadStatusCoroutine: : 70.7 - [bgUploadInfoFile] - modifTime: 10/22/2023 7:42:24 AM last modifTime: 10/22/2023 7:42:24 AM firstTimeCheck: False fileChanged: False before: 71.4738895 seconds, 
10-22 07:43:35.807 32185 32246 I Unity   : A>> 2002 [04:43:35.806828]  BgUpProcessMng: keepReadPluginLogsCoroutine: [ARP_U_BgUpProcMng_ReadBgUpPlugLogCorout-20]  
10-22 07:43:36.800 32185 32246 I Unity   : A>> 2003 [04:43:36.799539]  BgUpProcessMng: KeepTrackOnBgUploadStatusCoroutine: : 70.1 - [bgUploadInfoFile] - about to search for latest update file
10-22 07:43:36.801 32185 32246 I Unity   : A>> 2004 [04:43:36.800440]  BgUpProcessMng: KeepTrackOnBgUploadStatusCoroutine: : 70.4 - [bgUploadInfoFile] - looking at path: /storage/emulated/0/Android/data/com.arpalus.planogramcompliance/files/ScanUploadBatches/Session_2023-10-21_16-30-14.batchUpInfo
10-22 07:43:36.802 32185 32246 I Unity   : A>> 2005 [04:43:36.801263]  BgUpProcessMng: KeepTrackOnBgUploadStatusCoroutine: : 70.7 - [bgUploadInfoFile] - modifTime: 10/22/2023 7:42:53 AM last modifTime: 10/22/2023 7:42:53 AM firstTimeCheck: False fileChanged: False before: 43.4568935 seconds, 
10-22 07:43:36.804 32185 32246 I Unity   : A>> 2006 [04:43:36.802338]  BgUpProcessMng: KeepTrackOnBgUploadStatusCoroutine: : 70.4 - [bgUploadInfoFile] - looking at path: /storage/emulated/0/Android/data/com.arpalus.planogramcompliance/files/ScanUploadBatches/Session_2023-10-22_04-41-50.batchUpInfo
10-22 07:43:36.805 32185 32246 I Unity   : A>> 2007 [04:43:36.804773]  BgUpProcessMng: KeepTrackOnBgUploadStatusCoroutine: : 70.7 - [bgUploadInfoFile] - modifTime: 10/22/2023 7:42:03 AM last modifTime: 10/22/2023 7:42:03 AM firstTimeCheck: False fileChanged: False before: 93.3963844 seconds, 
10-22 07:43:36.806 32185 32246 I Unity   : A>> 2008 [04:43:36.805579]  BgUpProcessMng: KeepTrackOnBgUploadStatusCoroutine: : 70.4 - [bgUploadInfoFile] - looking at path: /storage/emulated/0/Android/data/com.arpalus.planogramcompliance/files/ScanUploadBatches/Session_2023-10-22_04-42-09.batchUpInfo
10-22 07:43:36.806 32185 32246 I Unity   : A>> 2009 [04:43:36.806333]  BgUpProcessMng: KeepTrackOnBgUploadStatusCoroutine: : 70.7 - [bgUploadInfoFile] - modifTime: 10/22/2023 7:42:24 AM last modifTime: 10/22/2023 7:42:24 AM firstTimeCheck: False fileChanged: False before: 72.4739775 seconds, 
10-22 07:43:36.807 32185 32246 I Unity   : A>> 2010 [04:43:36.806948]  BgUpProcessMng: keepReadPluginLogsCoroutine: [ARP_U_BgUpProcMng_ReadBgUpPlugLogCorout-20]  
10-22 07:43:37.801 32185 32246 I Unity   : A>> 2011 [04:43:37.800899]  BgUpProcessMng: KeepTrackOnBgUploadStatusCoroutine: : 70.1 - [bgUploadInfoFile] - about to search for latest update file
10-22 07:43:37.802 32185 32246 I Unity   : A>> 2012 [04:43:37.801942]  BgUpProcessMng: KeepTrackOnBgUploadStatusCoroutine: : 70.4 - [bgUploadInfoFile] - looking at path: /storage/emulated/0/Android/data/com.arpalus.planogramcompliance/files/ScanUploadBatches/Session_2023-10-21_16-30-14.batchUpInfo
10-22 07:43:37.803 32185 32246 I Unity   : A>> 2013 [04:43:37.802881]  BgUpProcessMng: KeepTrackOnBgUploadStatusCoroutine: : 70.7 - [bgUploadInfoFile] - modifTime: 10/22/2023 7:42:53 AM last modifTime: 10/22/2023 7:42:53 AM firstTimeCheck: False fileChanged: False before: 44.4585035 seconds, 
10-22 07:43:37.804 32185 32246 I Unity   : A>> 2014 [04:43:37.803522]  BgUpProcessMng: KeepTrackOnBgUploadStatusCoroutine: : 70.4 - [bgUploadInfoFile] - looking at path: /storage/emulated/0/Android/data/com.arpalus.planogramcompliance/files/ScanUploadBatches/Session_2023-10-22_04-41-50.batchUpInfo
10-22 07:43:37.804 32185 32246 I Unity   : A>> 2015 [04:43:37.804275]  BgUpProcessMng: KeepTrackOnBgUploadStatusCoroutine: : 70.7 - [bgUploadInfoFile] - modifTime: 10/22/2023 7:42:03 AM last modifTime: 10/22/2023 7:42:03 AM firstTimeCheck: False fileChanged: False before: 94.3959254 seconds, 
10-22 07:43:37.805 32185 32246 I Unity   : A>> 2016 [04:43:37.804891]  BgUpProcessMng: KeepTrackOnBgUploadStatusCoroutine: : 70.4 - [bgUploadInfoFile] - looking at path: /storage/emulated/0/Android/data/com.arpalus.planogramcompliance/files/ScanUploadBatches/Session_2023-10-22_04-42-09.batchUpInfo
10-22 07:43:37.806 32185 32246 I Unity   : A>> 2017 [04:43:37.805869]  BgUpProcessMng: KeepTrackOnBgUploadStatusCoroutine: : 70.7 - [bgUploadInfoFile] - modifTime: 10/22/2023 7:42:24 AM last modifTime: 10/22/2023 7:42:24 AM firstTimeCheck: False fileChanged: False before: 73.4735135 seconds, 
10-22 07:43:37.807 32185 32246 I Unity   : A>> 2018 [04:43:37.806824]  BgUpProcessMng: keepReadPluginLogsCoroutine: [ARP_U_BgUpProcMng_ReadBgUpPlugLogCorout-20]  
10-22 07:43:38.804 32185 32246 I Unity   : A>> 2019 [04:43:38.804211]  BgUpProcessMng: KeepTrackOnBgUploadStatusCoroutine: : 70.1 - [bgUploadInfoFile] - about to search for latest update file
10-22 07:43:38.805 32185 32246 I Unity   : A>> 2020 [04:43:38.805088]  BgUpProcessMng: KeepTrackOnBgUploadStatusCoroutine: : 70.4 - [bgUploadInfoFile] - looking at path: /storage/emulated/0/Android/data/com.arpalus.planogramcompliance/files/ScanUploadBatches/Session_2023-10-21_16-30-14.batchUpInfo
10-22 07:43:38.806 32185 32246 I Unity   : A>> 2021 [04:43:38.805973]  BgUpProcessMng: KeepTrackOnBgUploadStatusCoroutine: : 70.7 - [bgUploadInfoFile] - modifTime: 10/22/2023 7:42:53 AM last modifTime: 10/22/2023 7:42:53 AM firstTimeCheck: False fileChanged: False before: 45.4616005 seconds, 
10-22 07:43:38.807 32185 32246 I Unity   : A>> 2022 [04:43:38.806597]  BgUpProcessMng: KeepTrackOnBgUploadStatusCoroutine: : 70.4 - [bgUploadInfoFile] - looking at path: /storage/emulated/0/Android/data/com.arpalus.planogramcompliance/files/ScanUploadBatches/Session_2023-10-22_04-41-50.batchUpInfo
10-22 07:43:38.808 32185 32246 I Unity   : A>> 2023 [04:43:38.808167]  BgUpProcessMng: KeepTrackOnBgUploadStatusCoroutine: : 70.7 - [bgUploadInfoFile] - modifTime: 10/22/2023 7:42:03 AM last modifTime: 10/22/2023 7:42:03 AM firstTimeCheck: False fileChanged: False before: 95.3998034 seconds, 
10-22 07:43:38.809 32185 32246 I Unity   : A>> 2024 [04:43:38.808833]  BgUpProcessMng: KeepTrackOnBgUploadStatusCoroutine: : 70.4 - [bgUploadInfoFile] - looking at path: /storage/emulated/0/Android/data/com.arpalus.planogramcompliance/files/ScanUploadBatches/Session_2023-10-22_04-42-09.batchUpInfo
10-22 07:43:38.810 32185 32246 I Unity   : A>> 2025 [04:43:38.810038]  BgUpProcessMng: KeepTrackOnBgUploadStatusCoroutine: : 70.7 - [bgUploadInfoFile] - modifTime: 10/22/2023 7:42:24 AM last modifTime: 10/22/2023 7:42:24 AM firstTimeCheck: False fileChanged: False before: 74.4776765 seconds, 
10-22 07:43:38.811 32185 32246 I Unity   : A>> 2026 [04:43:38.810758]  BgUpProcessMng: keepReadPluginLogsCoroutine: [ARP_U_BgUpProcMng_ReadBgUpPlugLogCorout-20]  
10-22 07:43:39.806 32185 32246 I Unity   : A>> 2027 [04:43:39.805529]  BgUpProcessMng: KeepTrackOnBgUploadStatusCoroutine: : 70.1 - [bgUploadInfoFile] - about to search for latest update file
10-22 07:43:39.815 32185 32246 I Unity   : A>> 2028 [04:43:39.806477]  BgUpProcessMng: KeepTrackOnBgUploadStatusCoroutine: : 70.4 - [bgUploadInfoFile] - looking at path: /storage/emulated/0/Android/data/com.arpalus.planogramcompliance/files/ScanUploadBatches/Session_2023-10-21_16-30-14.batchUpInfo
10-22 07:43:39.816 32185 32246 I Unity   : A>> 2029 [04:43:39.815351]  BgUpProcessMng: KeepTrackOnBgUploadStatusCoroutine: : 70.7 - [bgUploadInfoFile] - modifTime: 10/22/2023 7:42:53 AM last modifTime: 10/22/2023 7:42:53 AM firstTimeCheck: False fileChanged: False before: 46.4709645 seconds, 
10-22 07:43:39.816 32185 32246 I Unity   : A>> 2030 [04:43:39.816193]  BgUpProcessMng: KeepTrackOnBgUploadStatusCoroutine: : 70.4 - [bgUploadInfoFile] - looking at path: /storage/emulated/0/Android/data/com.arpalus.planogramcompliance/files/ScanUploadBatches/Session_2023-10-22_04-41-50.batchUpInfo
10-22 07:43:39.817 32185 32246 I Unity   : A>> 2031 [04:43:39.817019]  BgUpProcessMng: KeepTrackOnBgUploadStatusCoroutine: : 70.7 - [bgUploadInfoFile] - modifTime: 10/22/2023 7:42:03 AM last modifTime: 10/22/2023 7:42:03 AM firstTimeCheck: False fileChanged: False before: 96.4086634 seconds, 
10-22 07:43:39.818 32185 32246 I Unity   : A>> 2032 [04:43:39.817704]  BgUpProcessMng: KeepTrackOnBgUploadStatusCoroutine: : 70.4 - [bgUploadInfoFile] - looking at path: /storage/emulated/0/Android/data/com.arpalus.planogramcompliance/files/ScanUploadBatches/Session_2023-10-22_04-42-09.batchUpInfo
10-22 07:43:39.819 32185 32246 I Unity   : A>> 2033 [04:43:39.818482]  BgUpProcessMng: KeepTrackOnBgUploadStatusCoroutine: : 70.7 - [bgUploadInfoFile] - modifTime: 10/22/2023 7:42:24 AM last modifTime: 10/22/2023 7:42:24 AM firstTimeCheck: False fileChanged: False before: 75.4861255 seconds, 
10-22 07:43:39.819 32185 32246 I Unity   : A>> 2034 [04:43:39.819118]  BgUpProcessMng: keepReadPluginLogsCoroutine: [ARP_U_BgUpProcMng_ReadBgUpPlugLogCorout-20]  
10-22 07:43:39.828  2259  2360 D WindowManager: rotationForOrientation, orientationSource=ActivityRecord{b58ee38 u0 com.arpalus.planogramcompliance/com.unity3d.player.UnityPlayerActivity} t4485}
10-22 07:43:40.809 32185 32246 I Unity   : A>> 2035 [04:43:40.808319]  BgUpProcessMng: KeepTrackOnBgUploadStatusCoroutine: : 70.1 - [bgUploadInfoFile] - about to search for latest update file
10-22 07:43:40.811 32185 32246 I Unity   : A>> 2036 [04:43:40.809760]  BgUpProcessMng: KeepTrackOnBgUploadStatusCoroutine: : 70.4 - [bgUploadInfoFile] - looking at path: /storage/emulated/0/Android/data/com.arpalus.planogramcompliance/files/ScanUploadBatches/Session_2023-10-21_16-30-14.batchUpInfo
10-22 07:43:40.812 32185 32246 I Unity   : A>> 2037 [04:43:40.811656]  BgUpProcessMng: KeepTrackOnBgUploadStatusCoroutine: : 70.7 - [bgUploadInfoFile] - modifTime: 10/22/2023 7:42:53 AM last modifTime: 10/22/2023 7:42:53 AM firstTimeCheck: False fileChanged: False before: 47.4672625 seconds, 
10-22 07:43:40.813 32185 32246 I Unity   : A>> 2038 [04:43:40.812564]  BgUpProcessMng: KeepTrackOnBgUploadStatusCoroutine: : 70.4 - [bgUploadInfoFile] - looking at path: /storage/emulated/0/Android/data/com.arpalus.planogramcompliance/files/ScanUploadBatches/Session_2023-10-22_04-41-50.batchUpInfo
10-22 07:43:40.814 32185 32246 I Unity   : A>> 2039 [04:43:40.813717]  BgUpProcessMng: KeepTrackOnBgUploadStatusCoroutine: : 70.7 - [bgUploadInfoFile] - modifTime: 10/22/2023 7:42:03 AM last modifTime: 10/22/2023 7:42:03 AM firstTimeCheck: False fileChanged: False before: 97.4053474 seconds, 
10-22 07:43:40.815 32185 32246 I Unity   : A>> 2040 [04:43:40.814415]  BgUpProcessMng: KeepTrackOnBgUploadStatusCoroutine: : 70.4 - [bgUploadInfoFile] - looking at path: /storage/emulated/0/Android/data/com.arpalus.planogramcompliance/files/ScanUploadBatches/Session_2023-10-22_04-42-09.batchUpInfo
10-22 07:43:40.815 32185 32246 I Unity   : A>> 2041 [04:43:40.815250]  BgUpProcessMng: KeepTrackOnBgUploadStatusCoroutine: : 70.7 - [bgUploadInfoFile] - modifTime: 10/22/2023 7:42:24 AM last modifTime: 10/22/2023 7:42:24 AM firstTimeCheck: False fileChanged: False before: 76.4828905 seconds, 
10-22 07:43:40.816 32185 32246 I Unity   : A>> 2042 [04:43:40.815999]  BgUpProcessMng: keepReadPluginLogsCoroutine: [ARP_U_BgUpProcMng_ReadBgUpPlugLogCorout-20]  
10-22 07:43:41.810 32185 32246 I Unity   : A>> 2043 [04:43:41.809253]  BgUpProcessMng: KeepTrackOnBgUploadStatusCoroutine: : 70.1 - [bgUploadInfoFile] - about to search for latest update file
10-22 07:43:41.811 32185 32246 I Unity   : A>> 2044 [04:43:41.810396]  BgUpProcessMng: KeepTrackOnBgUploadStatusCoroutine: : 70.4 - [bgUploadInfoFile] - looking at path: /storage/emulated/0/Android/data/com.arpalus.planogramcompliance/files/ScanUploadBatches/Session_2023-10-21_16-30-14.batchUpInfo
10-22 07:43:41.812 32185 32246 I Unity   : A>> 2045 [04:43:41.811471]  BgUpProcessMng: KeepTrackOnBgUploadStatusCoroutine: : 70.7 - [bgUploadInfoFile] - modifTime: 10/22/2023 7:42:53 AM last modifTime: 10/22/2023 7:42:53 AM firstTimeCheck: False fileChanged: False before: 48.4670915 seconds, 
10-22 07:43:41.812 32185 32246 I Unity   : A>> 2046 [04:43:41.812182]  BgUpProcessMng: KeepTrackOnBgUploadStatusCoroutine: : 70.4 - [bgUploadInfoFile] - looking at path: /storage/emulated/0/Android/data/com.arpalus.planogramcompliance/files/ScanUploadBatches/Session_2023-10-22_04-41-50.batchUpInfo
10-22 07:43:41.815 32185 32246 I Unity   : A>> 2047 [04:43:41.813023]  BgUpProcessMng: KeepTrackOnBgUploadStatusCoroutine: : 70.7 - [bgUploadInfoFile] - modifTime: 10/22/2023 7:42:03 AM last modifTime: 10/22/2023 7:42:03 AM firstTimeCheck: False fileChanged: False before: 98.4046654 seconds, 
10-22 07:43:41.815 32185 32246 I Unity   : A>> 2048 [04:43:41.815276]  BgUpProcessMng: KeepTrackOnBgUploadStatusCoroutine: : 70.4 - [bgUploadInfoFile] - looking at path: /storage/emulated/0/Android/data/com.arpalus.planogramcompliance/files/ScanUploadBatches/Session_2023-10-22_04-42-09.batchUpInfo
10-22 07:43:41.816 32185 32246 I Unity   : A>> 2049 [04:43:41.816158]  BgUpProcessMng: KeepTrackOnBgUploadStatusCoroutine: : 70.7 - [bgUploadInfoFile] - modifTime: 10/22/2023 7:42:24 AM last modifTime: 10/22/2023 7:42:24 AM firstTimeCheck: False fileChanged: False before: 77.4837945 seconds, 
10-22 07:43:41.817 32185 32246 I Unity   : A>> 2050 [04:43:41.816782]  BgUpProcessMng: keepReadPluginLogsCoroutine: [ARP_U_BgUpProcMng_ReadBgUpPlugLogCorout-20]  
10-22 07:43:42.842 32185 32246 I Unity   : A>> 2051 [04:43:42.839978]  BgUpProcessMng: KeepTrackOnBgUploadStatusCoroutine: : 70.1 - [bgUploadInfoFile] - about to search for latest update file
10-22 07:43:42.844 32185 32246 I Unity   : A>> 2052 [04:43:42.842482]  BgUpProcessMng: KeepTrackOnBgUploadStatusCoroutine: : 70.4 - [bgUploadInfoFile] - looking at path: /storage/emulated/0/Android/data/com.arpalus.planogramcompliance/files/ScanUploadBatches/Session_2023-10-21_16-30-14.batchUpInfo
10-22 07:43:42.849 32185 32246 I Unity   : A>> 2053 [04:43:42.845895]  BgUpProcessMng: KeepTrackOnBgUploadStatusCoroutine: : 70.7 - [bgUploadInfoFile] - modifTime: 10/22/2023 7:42:53 AM last modifTime: 10/22/2023 7:42:53 AM firstTimeCheck: False fileChanged: False before: 49.5014785 seconds, 
10-22 07:43:42.853 32185 32246 I Unity   : A>> 2054 [04:43:42.849099]  BgUpProcessMng: KeepTrackOnBgUploadStatusCoroutine: : 70.4 - [bgUploadInfoFile] - looking at path: /storage/emulated/0/Android/data/com.arpalus.planogramcompliance/files/ScanUploadBatches/Session_2023-10-22_04-41-50.batchUpInfo
10-22 07:43:42.855 32185 32246 I Unity   : A>> 2055 [04:43:42.853831]  BgUpProcessMng: KeepTrackOnBgUploadStatusCoroutine: : 70.7 - [bgUploadInfoFile] - modifTime: 10/22/2023 7:42:03 AM last modifTime: 10/22/2023 7:42:03 AM firstTimeCheck: False fileChanged: False before: 99.4452684 seconds, 
10-22 07:43:42.856 32185 32246 I Unity   : A>> 2056 [04:43:42.855586]  BgUpProcessMng: KeepTrackOnBgUploadStatusCoroutine: : 70.4 - [bgUploadInfoFile] - looking at path: /storage/emulated/0/Android/data/com.arpalus.planogramcompliance/files/ScanUploadBatches/Session_2023-10-22_04-42-09.batchUpInfo
10-22 07:43:42.856 32185 32246 I Unity   : A>> 2057 [04:43:42.856409]  BgUpProcessMng: KeepTrackOnBgUploadStatusCoroutine: : 70.7 - [bgUploadInfoFile] - modifTime: 10/22/2023 7:42:24 AM last modifTime: 10/22/2023 7:42:24 AM firstTimeCheck: False fileChanged: False before: 78.5240455 seconds, 
10-22 07:43:42.857 32185 32246 I Unity   : A>> 2058 [04:43:42.857017]  BgUpProcessMng: keepReadPluginLogsCoroutine: [ARP_U_BgUpProcMng_ReadBgUpPlugLogCorout-20]  
10-22 07:43:43.277 32185 32710 W StorageUtil: Error getting App Check token; using placeholder token instead. Error: com.google.firebase.FirebaseException: No AppCheckProvider installed.
10-22 07:43:43.545 32185 32710 W StorageUtil: Error getting App Check token; using placeholder token instead. Error: com.google.firebase.FirebaseException: No AppCheckProvider installed.
10-22 07:43:43.848 32185 32246 I Unity   : A>> 2059 [04:43:43.843226]  BgUpProcessMng: KeepTrackOnBgUploadStatusCoroutine: : 70.1 - [bgUploadInfoFile] - about to search for latest update file
10-22 07:43:43.851 32185 32246 I Unity   : A>> 2060 [04:43:43.848674]  BgUpProcessMng: KeepTrackOnBgUploadStatusCoroutine: : 70.4 - [bgUploadInfoFile] - looking at path: /storage/emulated/0/Android/data/com.arpalus.planogramcompliance/files/ScanUploadBatches/Session_2023-10-21_16-30-14.batchUpInfo
10-22 07:43:43.854 32185 32246 I Unity   : A>> 2061 [04:43:43.851514]  BgUpProcessMng: KeepTrackOnBgUploadStatusCoroutine: : 70.7 - [bgUploadInfoFile] - modifTime: 10/22/2023 7:42:53 AM last modifTime: 10/22/2023 7:42:53 AM firstTimeCheck: False fileChanged: False before: 50.5071185 seconds, 
10-22 07:43:43.855 32185 32246 I Unity   : A>> 2062 [04:43:43.854732]  BgUpProcessMng: KeepTrackOnBgUploadStatusCoroutine: : 70.4 - [bgUploadInfoFile] - looking at path: /storage/emulated/0/Android/data/com.arpalus.planogramcompliance/files/ScanUploadBatches/Session_2023-10-22_04-41-50.batchUpInfo
10-22 07:43:43.856 32185 32246 I Unity   : A>> 2063 [04:43:43.855711]  BgUpProcessMng: KeepTrackOnBgUploadStatusCoroutine: : 70.7 - [bgUploadInfoFile] - modifTime: 10/22/2023 7:42:03 AM last modifTime: 10/22/2023 7:42:03 AM firstTimeCheck: False fileChanged: False before: 100.4473364 seconds, 
10-22 07:43:43.856 32185 32246 I Unity   : A>> 2064 [04:43:43.856331]  BgUpProcessMng: KeepTrackOnBgUploadStatusCoroutine: : 70.4 - [bgUploadInfoFile] - looking at path: /storage/emulated/0/Android/data/com.arpalus.planogramcompliance/files/ScanUploadBatches/Session_2023-10-22_04-42-09.batchUpInfo
10-22 07:43:43.857 32185 32246 I Unity   : A>> 2065 [04:43:43.857034]  BgUpProcessMng: KeepTrackOnBgUploadStatusCoroutine: : 70.7 - [bgUploadInfoFile] - modifTime: 10/22/2023 7:42:24 AM last modifTime: 10/22/2023 7:42:24 AM firstTimeCheck: False fileChanged: False before: 79.5246825 seconds, 
10-22 07:43:43.858 32185 32246 I Unity   : A>> 2066 [04:43:43.857709]  BgUpProcessMng: keepReadPluginLogsCoroutine: [ARP_U_BgUpProcMng_ReadBgUpPlugLogCorout-20]  
10-22 07:43:44.873 32185 32246 I Unity   : A>> 2067 [04:43:44.872799]  BgUpProcessMng: KeepTrackOnBgUploadStatusCoroutine: : 70.1 - [bgUploadInfoFile] - about to search for latest update file
10-22 07:43:44.874 32185 32246 I Unity   : A>> 2068 [04:43:44.873689]  BgUpProcessMng: KeepTrackOnBgUploadStatusCoroutine: : 70.4 - [bgUploadInfoFile] - looking at path: /storage/emulated/0/Android/data/com.arpalus.planogramcompliance/files/ScanUploadBatches/Session_2023-10-21_16-30-14.batchUpInfo
10-22 07:43:44.875 32185 32246 I Unity   : A>> 2069 [04:43:44.874570]  BgUpProcessMng: KeepTrackOnBgUploadStatusCoroutine: : 70.7 - [bgUploadInfoFile] - modifTime: 10/22/2023 7:42:53 AM last modifTime: 10/22/2023 7:42:53 AM firstTimeCheck: False fileChanged: False before: 51.5302025 seconds, 
10-22 07:43:44.876 32185 32246 I Unity   : A>> 2070 [04:43:44.875163]  BgUpProcessMng: KeepTrackOnBgUploadStatusCoroutine: : 70.4 - [bgUploadInfoFile] - looking at path: /storage/emulated/0/Android/data/com.arpalus.planogramcompliance/files/ScanUploadBatches/Session_2023-10-22_04-41-50.batchUpInfo
10-22 07:43:44.878 32185 32246 I Unity   : A>> 2071 [04:43:44.876232]  BgUpProcessMng: KeepTrackOnBgUploadStatusCoroutine: : 70.7 - [bgUploadInfoFile] - modifTime: 10/22/2023 7:42:03 AM last modifTime: 10/22/2023 7:42:03 AM firstTimeCheck: False fileChanged: False before: 101.4678674 seconds, 
10-22 07:43:44.878 32185 32246 I Unity   : A>> 2072 [04:43:44.878057]  BgUpProcessMng: KeepTrackOnBgUploadStatusCoroutine: : 70.4 - [bgUploadInfoFile] - looking at path: /storage/emulated/0/Android/data/com.arpalus.planogramcompliance/files/ScanUploadBatches/Session_2023-10-22_04-42-09.batchUpInfo
10-22 07:43:44.879 32185 32246 I Unity   : A>> 2073 [04:43:44.878797]  BgUpProcessMng: KeepTrackOnBgUploadStatusCoroutine: : 70.7 - [bgUploadInfoFile] - modifTime: 10/22/2023 7:42:24 AM last modifTime: 10/22/2023 7:42:24 AM firstTimeCheck: False fileChanged: False before: 80.5464375 seconds, 
10-22 07:43:44.879 32185 32246 I Unity   : A>> 2074 [04:43:44.879362]  BgUpProcessMng: keepReadPluginLogsCoroutine: [ARP_U_BgUpProcMng_ReadBgUpPlugLogCorout-20]  
10-22 07:43:45.876 32185 32246 I Unity   : A>> 2075 [04:43:45.875273]  BgUpProcessMng: KeepTrackOnBgUploadStatusCoroutine: : 70.1 - [bgUploadInfoFile] - about to search for latest update file
10-22 07:43:45.877 32185 32246 I Unity   : A>> 2076 [04:43:45.876486]  BgUpProcessMng: KeepTrackOnBgUploadStatusCoroutine: : 70.4 - [bgUploadInfoFile] - looking at path: /storage/emulated/0/Android/data/com.arpalus.planogramcompliance/files/ScanUploadBatches/Session_2023-10-21_16-30-14.batchUpInfo
10-22 07:43:45.878 32185 32246 I Unity   : A>> 2077 [04:43:45.877764]  BgUpProcessMng: KeepTrackOnBgUploadStatusCoroutine: : 70.7 - [bgUploadInfoFile] - modifTime: 10/22/2023 7:42:53 AM last modifTime: 10/22/2023 7:42:53 AM firstTimeCheck: False fileChanged: False before: 52.5333835 seconds, 
10-22 07:43:45.879 32185 32246 I Unity   : A>> 2078 [04:43:45.878510]  BgUpProcessMng: KeepTrackOnBgUploadStatusCoroutine: : 70.4 - [bgUploadInfoFile] - looking at path: /storage/emulated/0/Android/data/com.arpalus.planogramcompliance/files/ScanUploadBatches/Session_2023-10-22_04-41-50.batchUpInfo
10-22 07:43:45.879 32185 32246 I Unity   : A>> 2079 [04:43:45.879314]  BgUpProcessMng: KeepTrackOnBgUploadStatusCoroutine: : 70.7 - [bgUploadInfoFile] - modifTime: 10/22/2023 7:42:03 AM last modifTime: 10/22/2023 7:42:03 AM firstTimeCheck: False fileChanged: False before: 102.4709464 seconds, 
10-22 07:43:45.880 32185 32246 I Unity   : A>> 2080 [04:43:45.879870]  BgUpProcessMng: KeepTrackOnBgUploadStatusCoroutine: : 70.4 - [bgUploadInfoFile] - looking at path: /storage/emulated/0/Android/data/com.arpalus.planogramcompliance/files/ScanUploadBatches/Session_2023-10-22_04-42-09.batchUpInfo
10-22 07:43:45.881 32185 32246 I Unity   : A>> 2081 [04:43:45.880575]  BgUpProcessMng: KeepTrackOnBgUploadStatusCoroutine: : 70.7 - [bgUploadInfoFile] - modifTime: 10/22/2023 7:42:24 AM last modifTime: 10/22/2023 7:42:24 AM firstTimeCheck: False fileChanged: False before: 81.5482225 seconds, 
10-22 07:43:45.881 32185 32246 I Unity   : A>> 2082 [04:43:45.881154]  BgUpProcessMng: keepReadPluginLogsCoroutine: [ARP_U_BgUpProcMng_ReadBgUpPlugLogCorout-20]  
10-22 07:43:46.907 32185 32246 I Unity   : A>> 2083 [04:43:46.906325]  BgUpProcessMng: KeepTrackOnBgUploadStatusCoroutine: : 70.1 - [bgUploadInfoFile] - about to search for latest update file
10-22 07:43:46.908 32185 32246 I Unity   : A>> 2084 [04:43:46.907425]  BgUpProcessMng: KeepTrackOnBgUploadStatusCoroutine: : 70.4 - [bgUploadInfoFile] - looking at path: /storage/emulated/0/Android/data/com.arpalus.planogramcompliance/files/ScanUploadBatches/Session_2023-10-21_16-30-14.batchUpInfo
10-22 07:43:46.909 32185 32246 I Unity   : A>> 2085 [04:43:46.908518]  BgUpProcessMng: KeepTrackOnBgUploadStatusCoroutine: : 70.7 - [bgUploadInfoFile] - modifTime: 10/22/2023 7:42:53 AM last modifTime: 10/22/2023 7:42:53 AM firstTimeCheck: False fileChanged: False before: 53.5641315 seconds, 
10-22 07:43:46.910 32185 32246 I Unity   : A>> 2086 [04:43:46.909298]  BgUpProcessMng: KeepTrackOnBgUploadStatusCoroutine: : 70.4 - [bgUploadInfoFile] - looking at path: /storage/emulated/0/Android/data/com.arpalus.planogramcompliance/files/ScanUploadBatches/Session_2023-10-22_04-41-50.batchUpInfo
10-22 07:43:46.911 32185 32246 I Unity   : A>> 2087 [04:43:46.910399]  BgUpProcessMng: KeepTrackOnBgUploadStatusCoroutine: : 70.7 - [bgUploadInfoFile] - modifTime: 10/22/2023 7:42:03 AM last modifTime: 10/22/2023 7:42:03 AM firstTimeCheck: False fileChanged: False before: 103.5020294 seconds, 
10-22 07:43:46.911 32185 32246 I Unity   : A>> 2088 [04:43:46.911136]  BgUpProcessMng: KeepTrackOnBgUploadStatusCoroutine: : 70.4 - [bgUploadInfoFile] - looking at path: /storage/emulated/0/Android/data/com.arpalus.planogramcompliance/files/ScanUploadBatches/Session_2023-10-22_04-42-09.batchUpInfo
10-22 07:43:46.912 32185 32246 I Unity   : A>> 2089 [04:43:46.912168]  BgUpProcessMng: KeepTrackOnBgUploadStatusCoroutine: : 70.7 - [bgUploadInfoFile] - modifTime: 10/22/2023 7:42:24 AM last modifTime: 10/22/2023 7:42:24 AM firstTimeCheck: False fileChanged: False before: 82.5798085 seconds, 
10-22 07:43:46.913 32185 32246 I Unity   : A>> 2090 [04:43:46.912957]  BgUpProcessMng: keepReadPluginLogsCoroutine: [ARP_U_BgUpProcMng_ReadBgUpPlugLogCorout-20]  
10-22 07:43:47.943 32185 32246 I Unity   : A>> 2091 [04:43:47.941219]  BgUpProcessMng: KeepTrackOnBgUploadStatusCoroutine: : 70.1 - [bgUploadInfoFile] - about to search for latest update file
10-22 07:43:47.945 32185 32246 I Unity   : A>> 2092 [04:43:47.943358]  BgUpProcessMng: KeepTrackOnBgUploadStatusCoroutine: : 70.4 - [bgUploadInfoFile] - looking at path: /storage/emulated/0/Android/data/com.arpalus.planogramcompliance/files/ScanUploadBatches/Session_2023-10-21_16-30-14.batchUpInfo
10-22 07:43:47.948 32185 32246 I Unity   : A>> 2093 [04:43:47.946996]  BgUpProcessMng: KeepTrackOnBgUploadStatusCoroutine: : 70.7 - [bgUploadInfoFile] - modifTime: 10/22/2023 7:42:53 AM last modifTime: 10/22/2023 7:42:53 AM firstTimeCheck: False fileChanged: False before: 54.6025805 seconds, 
10-22 07:43:47.949 32185 32246 I Unity   : A>> 2094 [04:43:47.948824]  BgUpProcessMng: KeepTrackOnBgUploadStatusCoroutine: : 70.4 - [bgUploadInfoFile] - looking at path: /storage/emulated/0/Android/data/com.arpalus.planogramcompliance/files/ScanUploadBatches/Session_2023-10-22_04-41-50.batchUpInfo
10-22 07:43:47.954 32185 32246 I Unity   : A>> 2095 [04:43:47.950409]  BgUpProcessMng: KeepTrackOnBgUploadStatusCoroutine: : 70.7 - [bgUploadInfoFile] - modifTime: 10/22/2023 7:42:03 AM last modifTime: 10/22/2023 7:42:03 AM firstTimeCheck: False fileChanged: False before: 104.5420194 seconds, 
10-22 07:43:47.955 32185 32246 I Unity   : A>> 2096 [04:43:47.955015]  BgUpProcessMng: KeepTrackOnBgUploadStatusCoroutine: : 70.4 - [bgUploadInfoFile] - looking at path: /storage/emulated/0/Android/data/com.arpalus.planogramcompliance/files/ScanUploadBatches/Session_2023-10-22_04-42-09.batchUpInfo
10-22 07:43:47.956 32185 32246 I Unity   : A>> 2097 [04:43:47.956079]  BgUpProcessMng: KeepTrackOnBgUploadStatusCoroutine: : 70.7 - [bgUploadInfoFile] - modifTime: 10/22/2023 7:42:24 AM last modifTime: 10/22/2023 7:42:24 AM firstTimeCheck: False fileChanged: False before: 83.6237025 seconds, 
10-22 07:43:47.957 32185 32246 I Unity   : A>> 2098 [04:43:47.956663]  BgUpProcessMng: keepReadPluginLogsCoroutine: [ARP_U_BgUpProcMng_ReadBgUpPlugLogCorout-20]  
10-22 07:43:48.941 32185 32246 I Unity   : A>> 2099 [04:43:48.940219]  BgUpProcessMng: KeepTrackOnBgUploadStatusCoroutine: : 70.1 - [bgUploadInfoFile] - about to search for latest update file
10-22 07:43:48.942 32185 32246 I Unity   : A>> 2100 [04:43:48.941611]  BgUpProcessMng: KeepTrackOnBgUploadStatusCoroutine: : 70.4 - [bgUploadInfoFile] - looking at path: /storage/emulated/0/Android/data/com.arpalus.planogramcompliance/files/ScanUploadBatches/Session_2023-10-21_16-30-14.batchUpInfo
10-22 07:43:48.943 32185 32246 I Unity   : A>> 2101 [04:43:48.942614]  BgUpProcessMng: KeepTrackOnBgUploadStatusCoroutine: : 70.7 - [bgUploadInfoFile] - modifTime: 10/22/2023 7:42:53 AM last modifTime: 10/22/2023 7:42:53 AM firstTimeCheck: False fileChanged: False before: 55.5982375 seconds, 
10-22 07:43:48.943 32185 32246 I Unity   : A>> 2102 [04:43:48.943283]  BgUpProcessMng: KeepTrackOnBgUploadStatusCoroutine: : 70.4 - [bgUploadInfoFile] - looking at path: /storage/emulated/0/Android/data/com.arpalus.planogramcompliance/files/ScanUploadBatches/Session_2023-10-22_04-41-50.batchUpInfo
10-22 07:43:48.944 32185 32246 I Unity   : A>> 2103 [04:43:48.944111]  BgUpProcessMng: KeepTrackOnBgUploadStatusCoroutine: : 70.7 - [bgUploadInfoFile] - modifTime: 10/22/2023 7:42:03 AM last modifTime: 10/22/2023 7:42:03 AM firstTimeCheck: False fileChanged: False before: 105.5357414 seconds, 
10-22 07:43:48.946 32185 32246 I Unity   : A>> 2104 [04:43:48.944779]  BgUpProcessMng: KeepTrackOnBgUploadStatusCoroutine: : 70.4 - [bgUploadInfoFile] - looking at path: /storage/emulated/0/Android/data/com.arpalus.planogramcompliance/files/ScanUploadBatches/Session_2023-10-22_04-42-09.batchUpInfo
10-22 07:43:48.947 32185 32246 I Unity   : A>> 2105 [04:43:48.946856]  BgUpProcessMng: KeepTrackOnBgUploadStatusCoroutine: : 70.7 - [bgUploadInfoFile] - modifTime: 10/22/2023 7:42:24 AM last modifTime: 10/22/2023 7:42:24 AM firstTimeCheck: False fileChanged: False before: 84.6144805 seconds, 
10-22 07:43:48.948 32185 32246 I Unity   : A>> 2106 [04:43:48.947588]  BgUpProcessMng: keepReadPluginLogsCoroutine: [ARP_U_BgUpProcMng_ReadBgUpPlugLogCorout-20]  
10-22 07:43:49.942 32185 32246 I Unity   : A>> 2107 [04:43:49.941883]  BgUpProcessMng: KeepTrackOnBgUploadStatusCoroutine: : 70.1 - [bgUploadInfoFile] - about to search for latest update file
10-22 07:43:49.943 32185 32246 I Unity   : A>> 2108 [04:43:49.942984]  BgUpProcessMng: KeepTrackOnBgUploadStatusCoroutine: : 70.4 - [bgUploadInfoFile] - looking at path: /storage/emulated/0/Android/data/com.arpalus.planogramcompliance/files/ScanUploadBatches/Session_2023-10-21_16-30-14.batchUpInfo
10-22 07:43:49.945 32185 32246 I Unity   : A>> 2109 [04:43:49.944207]  BgUpProcessMng: KeepTrackOnBgUploadStatusCoroutine: : 70.7 - [bgUploadInfoFile] - modifTime: 10/22/2023 7:42:53 AM last modifTime: 10/22/2023 7:42:53 AM firstTimeCheck: False fileChanged: False before: 56.5998095 seconds, 
10-22 07:43:49.948 32185 32246 I Unity   : A>> 2110 [04:43:49.945051]  BgUpProcessMng: KeepTrackOnBgUploadStatusCoroutine: : 70.4 - [bgUploadInfoFile] - looking at path: /storage/emulated/0/Android/data/com.arpalus.planogramcompliance/files/ScanUploadBatches/Session_2023-10-22_04-41-50.batchUpInfo
10-22 07:43:49.951 32185 32246 I Unity   : A>> 2111 [04:43:49.948927]  BgUpProcessMng: KeepTrackOnBgUploadStatusCoroutine: : 70.7 - [bgUploadInfoFile] - modifTime: 10/22/2023 7:42:03 AM last modifTime: 10/22/2023 7:42:03 AM firstTimeCheck: False fileChanged: False before: 106.5405374 seconds, 
10-22 07:43:49.952 32185 32246 I Unity   : A>> 2112 [04:43:49.951494]  BgUpProcessMng: KeepTrackOnBgUploadStatusCoroutine: : 70.4 - [bgUploadInfoFile] - looking at path: /storage/emulated/0/Android/data/com.arpalus.planogramcompliance/files/ScanUploadBatches/Session_2023-10-22_04-42-09.batchUpInfo
10-22 07:43:49.952 32185 32246 I Unity   : A>> 2113 [04:43:49.952326]  BgUpProcessMng: KeepTrackOnBgUploadStatusCoroutine: : 70.7 - [bgUploadInfoFile] - modifTime: 10/22/2023 7:42:24 AM last modifTime: 10/22/2023 7:42:24 AM firstTimeCheck: False fileChanged: False before: 85.6199595 seconds, 
10-22 07:43:49.953 32185 32246 I Unity   : A>> 2114 [04:43:49.952912]  BgUpProcessMng: keepReadPluginLogsCoroutine: [ARP_U_BgUpProcMng_ReadBgUpPlugLogCorout-20]  
10-22 07:43:50.341 32185 32246 I Unity   : A>> 2115 [04:43:50.340166]  PageManager: MoveToPage: Home from: Settings
10-22 07:43:50.415 17953 29020 W NetworkScheduler: android.database.sqlite.SQLiteConstraintException: UNIQUE constraint failed: pending_ops.tag, pending_ops.target_class, pending_ops.target_package, pending_ops.user_id (code 2067 SQLITE_CONSTRAINT_UNIQUE[2067])
10-22 07:43:50.943 32185 32246 I Unity   : A>> 2116 [04:43:50.939213]  BgUpProcessMng: KeepTrackOnBgUploadStatusCoroutine: : 70.1 - [bgUploadInfoFile] - about to search for latest update file
10-22 07:43:50.944 32185 32246 I Unity   : A>> 2117 [04:43:50.943241]  BgUpProcessMng: KeepTrackOnBgUploadStatusCoroutine: : 70.4 - [bgUploadInfoFile] - looking at path: /storage/emulated/0/Android/data/com.arpalus.planogramcompliance/files/ScanUploadBatches/Session_2023-10-21_16-30-14.batchUpInfo
10-22 07:43:50.945 32185 32246 I Unity   : A>> 2118 [04:43:50.944912]  BgUpProcessMng: KeepTrackOnBgUploadStatusCoroutine: : 70.7 - [bgUploadInfoFile] - modifTime: 10/22/2023 7:42:53 AM last modifTime: 10/22/2023 7:42:53 AM firstTimeCheck: False fileChanged: False before: 57.6005145 seconds, 
10-22 07:43:50.946 32185 32246 I Unity   : A>> 2119 [04:43:50.945652]  BgUpProcessMng: KeepTrackOnBgUploadStatusCoroutine: : 70.4 - [bgUploadInfoFile] - looking at path: /storage/emulated/0/Android/data/com.arpalus.planogramcompliance/files/ScanUploadBatches/Session_2023-10-22_04-41-50.batchUpInfo
10-22 07:43:50.947 32185 32246 I Unity   : A>> 2120 [04:43:50.946686]  BgUpProcessMng: KeepTrackOnBgUploadStatusCoroutine: : 70.7 - [bgUploadInfoFile] - modifTime: 10/22/2023 7:42:03 AM last modifTime: 10/22/2023 7:42:03 AM firstTimeCheck: False fileChanged: False before: 107.5383294 seconds, 
10-22 07:43:50.949 32185 32246 I Unity   : A>> 2121 [04:43:50.947942]  BgUpProcessMng: KeepTrackOnBgUploadStatusCoroutine: : 70.4 - [bgUploadInfoFile] - looking at path: /storage/emulated/0/Android/data/com.arpalus.planogramcompliance/files/ScanUploadBatches/Session_2023-10-22_04-42-09.batchUpInfo
10-22 07:43:50.952 32185 32246 I Unity   : A>> 2122 [04:43:50.949980]  BgUpProcessMng: KeepTrackOnBgUploadStatusCoroutine: : 70.7 - [bgUploadInfoFile] - modifTime: 10/22/2023 7:42:24 AM last modifTime: 10/22/2023 7:42:24 AM firstTimeCheck: False fileChanged: False before: 86.6176235 seconds, 
10-22 07:43:50.953 32185 32246 I Unity   : A>> 2123 [04:43:50.952836]  BgUpProcessMng: keepReadPluginLogsCoroutine: [ARP_U_BgUpProcMng_ReadBgUpPlugLogCorout-20]  
10-22 07:43:51.078 32185 32246 I Unity   : A>> 2124 [04:43:51.078038]  PageManager: MoveToPage: AR from: Home
10-22 07:43:51.082 32185 32246 I Unity   : A>> 2125 [04:43:51.081700]  ThumbnailLoader: DestroyAllTextures: textures.Count: 65
10-22 07:43:51.118 17953  1112 W NetworkScheduler: android.database.sqlite.SQLiteConstraintException: UNIQUE constraint failed: pending_ops.tag, pending_ops.target_class, pending_ops.target_package, pending_ops.user_id (code 2067 SQLITE_CONSTRAINT_UNIQUE[2067])
10-22 07:43:51.137 32185 32246 I Unity   : A>> 2126 [04:43:51.136650]  VerticalPlaneManager: SetVerticalPlaneInteraction: True
10-22 07:43:51.138 32185 32246 I Unity   : A>> 2127 [04:43:51.137718]  PlanogramCompliance: SetScanningStage: OnARCameraSessionStart: Standby -> PlaneSelection
10-22 07:43:51.139 32185 32246 I Unity   : A>> 2128 [04:43:51.138639]  PlanogramCompliance: InitializeDetectionHeights: Vision.depthMapSizeYmeters: 6 detectionHeightCountsBinSize: 0.1 detectionHeightCountsBinsNum: 120
10-22 07:43:51.140 32185 32246 I Unity   : A>> 2129 [04:43:51.139390]  DepthMap: OnUserLoggedIn: DepthAPI: depthApiSupported: False isDepthAPIEnabled: False
10-22 07:43:51.141 32185 32246 I Unity   : A>> 2130 [04:43:51.140639]  [SGA] BgUpProcMng:  SetBgUpState: [ARP_U_BgUpProcMng_SetBgUpState-10]
10-22 07:43:51.141 32185 32246 I Unity   : A>> 2131 [04:43:51.141231]  [SGA] BgUpProcMng:  SetBgUpState: [ARP_U_BgUpProcMng_SetBgUpState-50] -  bgUp App state change:  Active_BgAllowed -> Active_BgNotAllowed
10-22 07:43:51.143 32185 32246 I Unity   : A>> 2132 [04:43:51.143192]  [SGA] BgUpProcMng: CreateStatusFileForState:  file /storage/emulated/0/Android/data/com.arpalus.planogramcompliance/files/ScanUploadBatches/US_ACTIVE_NO_UPLOAD.status created
10-22 07:43:51.144 32185 32246 I Unity   : A>> 2133 [04:43:51.143793]  [SGA] BgUpProcMng: CreateStatusFileForState: Text appended to /storage/emulated/0/Android/data/com.arpalus.planogramcompliance/files/ScanUploadBatches/US_ACTIVE_NO_UPLOAD.status
10-22 07:43:51.144 32185 32246 I Unity   : A>> 2134 [04:43:51.144410]  [SGA] BgUpProcMng:  SetBgUpState: [ARP_U_BgUpProcMng_SetBgUpState-1000]
10-22 07:43:53.238 32185 32246 I Unity   : A>> 2137 [04:43:53.238275]  VerticalPlaneManager: SetVerticalPlaneInteraction: False
10-22 07:43:53.241 32185 32246 I Unity   : A>> 0 [04:43:53.240975]  PlanogramCompliance: SetScanningStage: OnScanStart: PlaneSelection -> RecognizePlanogram
10-22 07:43:53.243 32185 32246 I Unity   : A>> 1 [04:43:53.242919]  ARCameraPage: OnStartScanButtonClick: Start Scan
10-22 07:43:53.282 17953 29020 W NetworkScheduler: android.database.sqlite.SQLiteConstraintException: UNIQUE constraint failed: pending_ops.tag, pending_ops.target_class, pending_ops.target_package, pending_ops.user_id (code 2067 SQLITE_CONSTRAINT_UNIQUE[2067])
10-22 07:43:53.324 15819 16384 E WearProxy: java.io.IOException: Connection reset by peer
10-22 07:43:53.327 32185 32246 I Unity   : A>> 3 [04:43:53.326675]  [SGA] --------------
10-22 07:43:53.330 32185 32246 I Unity   : A>> 4 [04:43:53.329799]  [SGA] --------------
10-22 07:43:53.333 32185 32246 I Unity   : A>> 5 [04:43:53.333218]  UploadSessions: SaveImage: Saving image: 1, frameNumber: 55, bytes: 2764800, total bytes saved: 2764800, memory freeMb: 983
10-22 07:43:54.108 32185 32246 I Unity   : A>> 6 [04:43:54.108037]  ARCameraPage: OnSnapClick:
10-22 07:43:54.184  2259  2259 D SGM:GameManager: identifyGamePackage. com.arpalus.planogramcompliance, mCurrentUserId: 0, callerUserId: 0, callingMethodInfo: com.android.server.ssrm.fgapps.GameAppUtils.isGame(GameAppUtils.java:84)
10-22 07:43:54.184  2259  2259 D SGM:PkgDataHelper: getGamePkgData(). com.arpalus.planogramcompliance
10-22 07:43:54.185  2259  2259 D SGM:GameManager: identifyGamePackage. com.arpalus.planogramcompliance, mCurrentUserId: 0, callerUserId: 0, callingMethodInfo: com.android.server.ssrm.fgapps.GameAppUtils.isGame(GameAppUtils.java:84)
10-22 07:43:54.185  2259  2259 D SGM:PkgDataHelper: getGamePkgData(). com.arpalus.planogramcompliance
10-22 07:43:54.186  2259  2259 D SGM:GameManager: identifyGamePackage. com.arpalus.planogramcompliance, mCurrentUserId: 0, callerUserId: 0, callingMethodInfo: com.android.server.ssrm.fgapps.GameAppUtils.isGame(GameAppUtils.java:84)
10-22 07:43:54.186  2259  2259 D SGM:PkgDataHelper: getGamePkgData(). com.arpalus.planogramcompliance
10-22 07:43:54.227 32185 32246 I Unity   : A>> 7 [04:43:54.226411]  UploadSessions: SaveImage: Saving image: 2, frameNumber: 57, bytes: 2764800, total bytes saved: 5529600, memory freeMb: 965
10-22 07:43:54.274  2259  2259 D SGM:GameManager: identifyGamePackage. com.arpalus.planogramcompliance, mCurrentUserId: 0, callerUserId: 0, callingMethodInfo: com.android.server.ssrm.fgapps.GameAppUtils.isGame(GameAppUtils.java:84)
10-22 07:43:54.274  2259  2259 D SGM:PkgDataHelper: getGamePkgData(). com.arpalus.planogramcompliance
10-22 07:43:54.275  2259  2259 D SGM:GameManager: identifyGamePackage. com.arpalus.planogramcompliance, mCurrentUserId: 0, callerUserId: 0, callingMethodInfo: com.android.server.ssrm.fgapps.GameAppUtils.isGame(GameAppUtils.java:84)
10-22 07:43:54.275  2259  2259 D SGM:PkgDataHelper: getGamePkgData(). com.arpalus.planogramcompliance
10-22 07:43:54.277  2259  2259 D SGM:GameManager: identifyGamePackage. com.arpalus.planogramcompliance, mCurrentUserId: 0, callerUserId: 0, callingMethodInfo: com.android.server.ssrm.fgapps.GameAppUtils.isGame(GameAppUtils.java:84)
10-22 07:43:54.277  2259  2259 D SGM:PkgDataHelper: getGamePkgData(). com.arpalus.planogramcompliance
10-22 07:43:54.345 32185 32246 I Unity   : A>> 9 [04:43:54.343158]  OnProductDetected: - First Detection - name: 1000038000183690 id: 120 location: (0.02, 0.00, 0.12)
10-22 07:43:54.349 32185 32246 I Unity   : A>> 10 [04:43:54.348539]  DetectedProductBB: DetectedProductBB: RemoveSelf: 1000038000183690 (0) Invalid BB size
10-22 07:43:54.350 32185 32246 I Unity   : A>> 11 [04:43:54.349613]  RemoveProductDetected: - Remove Detection - name: 1000038000183690 id: 120 location: (0.02, 0.00, 0.12)
10-22 07:43:54.592  2259  2259 D SGM:GameManager: identifyGamePackage. com.arpalus.planogramcompliance, mCurrentUserId: 0, callerUserId: 0, callingMethodInfo: com.android.server.ssrm.fgapps.GameAppUtils.isGame(GameAppUtils.java:84)
10-22 07:43:54.592  2259  2259 D SGM:PkgDataHelper: getGamePkgData(). com.arpalus.planogramcompliance
10-22 07:43:54.593  2259  2259 D SGM:GameManager: identifyGamePackage. com.arpalus.planogramcompliance, mCurrentUserId: 0, callerUserId: 0, callingMethodInfo: com.android.server.ssrm.fgapps.GameAppUtils.isGame(GameAppUtils.java:84)
10-22 07:43:54.593  2259  2259 D SGM:PkgDataHelper: getGamePkgData(). com.arpalus.planogramcompliance
10-22 07:43:54.594  2259  2259 D SGM:GameManager: identifyGamePackage. com.arpalus.planogramcompliance, mCurrentUserId: 0, callerUserId: 0, callingMethodInfo: com.android.server.ssrm.fgapps.GameAppUtils.isGame(GameAppUtils.java:84)
10-22 07:43:54.594  2259  2259 D SGM:PkgDataHelper: getGamePkgData(). com.arpalus.planogramcompliance
10-22 07:43:54.675  2259  2259 D SGM:GameManager: identifyGamePackage. com.arpalus.planogramcompliance, mCurrentUserId: 0, callerUserId: 0, callingMethodInfo: com.android.server.ssrm.fgapps.GameAppUtils.isGame(GameAppUtils.java:84)
10-22 07:43:54.675  2259  2259 D SGM:PkgDataHelper: getGamePkgData(). com.arpalus.planogramcompliance
10-22 07:43:54.678  2259  2259 D SGM:GameManager: identifyGamePackage. com.arpalus.planogramcompliance, mCurrentUserId: 0, callerUserId: 0, callingMethodInfo: com.android.server.ssrm.fgapps.GameAppUtils.isGame(GameAppUtils.java:84)
10-22 07:43:54.678  2259  2259 D SGM:PkgDataHelper: getGamePkgData(). com.arpalus.planogramcompliance
10-22 07:43:54.678  2259  2259 D SGM:GameManager: identifyGamePackage. com.arpalus.planogramcompliance, mCurrentUserId: 0, callerUserId: 0, callingMethodInfo: com.android.server.ssrm.fgapps.GameAppUtils.isGame(GameAppUtils.java:84)
10-22 07:43:54.678  2259  2259 D SGM:PkgDataHelper: getGamePkgData(). com.arpalus.planogramcompliance
10-22 07:43:54.711 32185 32246 I Unity   : A>> 12 [04:43:54.710129]  ARCameraPage: OnSnapClick:
10-22 07:43:54.757 32185 32246 I Unity   : A>> 13 [04:43:54.757123]  UploadSessions: SaveImage: Saving image: 3, frameNumber: 58, bytes: 2764800, total bytes saved: 8294400, memory freeMb: 961
10-22 07:43:54.976  2259  2259 D SGM:GameManager: identifyGamePackage. com.arpalus.planogramcompliance, mCurrentUserId: 0, callerUserId: 0, callingMethodInfo: com.android.server.ssrm.fgapps.GameAppUtils.isGame(GameAppUtils.java:84)
10-22 07:43:54.976  2259  2259 D SGM:PkgDataHelper: getGamePkgData(). com.arpalus.planogramcompliance
10-22 07:43:54.978  2259  2259 D SGM:GameManager: identifyGamePackage. com.arpalus.planogramcompliance, mCurrentUserId: 0, callerUserId: 0, callingMethodInfo: com.android.server.ssrm.fgapps.GameAppUtils.isGame(GameAppUtils.java:84)
10-22 07:43:54.978  2259  2259 D SGM:PkgDataHelper: getGamePkgData(). com.arpalus.planogramcompliance
10-22 07:43:54.979  2259  2259 D SGM:GameManager: identifyGamePackage. com.arpalus.planogramcompliance, mCurrentUserId: 0, callerUserId: 0, callingMethodInfo: com.android.server.ssrm.fgapps.GameAppUtils.isGame(GameAppUtils.java:84)
10-22 07:43:54.979  2259  2259 D SGM:PkgDataHelper: getGamePkgData(). com.arpalus.planogramcompliance
10-22 07:43:55.049  2259  2259 D SGM:GameManager: identifyGamePackage. com.arpalus.planogramcompliance, mCurrentUserId: 0, callerUserId: 0, callingMethodInfo: com.android.server.ssrm.fgapps.GameAppUtils.isGame(GameAppUtils.java:84)
10-22 07:43:55.049  2259  2259 D SGM:PkgDataHelper: getGamePkgData(). com.arpalus.planogramcompliance
10-22 07:43:55.051  2259  2259 D SGM:GameManager: identifyGamePackage. com.arpalus.planogramcompliance, mCurrentUserId: 0, callerUserId: 0, callingMethodInfo: com.android.server.ssrm.fgapps.GameAppUtils.isGame(GameAppUtils.java:84)
10-22 07:43:55.051  2259  2259 D SGM:PkgDataHelper: getGamePkgData(). com.arpalus.planogramcompliance
10-22 07:43:55.051  2259  2259 D SGM:GameManager: identifyGamePackage. com.arpalus.planogramcompliance, mCurrentUserId: 0, callerUserId: 0, callingMethodInfo: com.android.server.ssrm.fgapps.GameAppUtils.isGame(GameAppUtils.java:84)
10-22 07:43:55.051  2259  2259 D SGM:PkgDataHelper: getGamePkgData(). com.arpalus.planogramcompliance
10-22 07:43:55.278 32185 32246 I Unity   : A>> 14 [04:43:55.276004]  ARCameraPage: OnSnapClick:
10-22 07:43:55.357 32185 32246 I Unity   : A>> 15 [04:43:55.356327]  UploadSessions: SaveImage: Saving image: 4, frameNumber: 60, bytes: 2764800, total bytes saved: 11059200, memory freeMb: 968
10-22 07:43:55.942  2259  2259 D SGM:GameManager: identifyGamePackage. com.arpalus.planogramcompliance, mCurrentUserId: 0, callerUserId: 0, callingMethodInfo: com.android.server.ssrm.fgapps.GameAppUtils.isGame(GameAppUtils.java:84)
10-22 07:43:55.942  2259  2259 D SGM:PkgDataHelper: getGamePkgData(). com.arpalus.planogramcompliance
10-22 07:43:55.948  2259  2259 D SGM:GameManager: identifyGamePackage. com.arpalus.planogramcompliance, mCurrentUserId: 0, callerUserId: 0, callingMethodInfo: com.android.server.ssrm.fgapps.GameAppUtils.isGame(GameAppUtils.java:84)
10-22 07:43:55.948  2259  2259 D SGM:PkgDataHelper: getGamePkgData(). com.arpalus.planogramcompliance
10-22 07:43:55.949  2259  2259 D SGM:GameManager: identifyGamePackage. com.arpalus.planogramcompliance, mCurrentUserId: 0, callerUserId: 0, callingMethodInfo: com.android.server.ssrm.fgapps.GameAppUtils.isGame(GameAppUtils.java:84)
10-22 07:43:55.949  2259  2259 D SGM:PkgDataHelper: getGamePkgData(). com.arpalus.planogramcompliance
10-22 07:43:56.040  2259  2259 D SGM:GameManager: identifyGamePackage. com.arpalus.planogramcompliance, mCurrentUserId: 0, callerUserId: 0, callingMethodInfo: com.android.server.ssrm.fgapps.GameAppUtils.isGame(GameAppUtils.java:84)
10-22 07:43:56.040  2259  2259 D SGM:PkgDataHelper: getGamePkgData(). com.arpalus.planogramcompliance
10-22 07:43:56.042  2259  2259 D SGM:GameManager: identifyGamePackage. com.arpalus.planogramcompliance, mCurrentUserId: 0, callerUserId: 0, callingMethodInfo: com.android.server.ssrm.fgapps.GameAppUtils.isGame(GameAppUtils.java:84)
10-22 07:43:56.042  2259  2259 D SGM:PkgDataHelper: getGamePkgData(). com.arpalus.planogramcompliance
10-22 07:43:56.042  2259  2259 D SGM:GameManager: identifyGamePackage. com.arpalus.planogramcompliance, mCurrentUserId: 0, callerUserId: 0, callingMethodInfo: com.android.server.ssrm.fgapps.GameAppUtils.isGame(GameAppUtils.java:84)
10-22 07:43:56.042  2259  2259 D SGM:PkgDataHelper: getGamePkgData(). com.arpalus.planogramcompliance
10-22 07:43:56.076 32185 32246 I Unity   : A>> 16 [04:43:56.075957]  ARCameraPage: OnSnapClick:
10-22 07:43:56.192 32185 32246 W Unity   : A>> 17 [04:43:56.191491]  EncodeTexture: AddFrameToBacklog: Release due to a failed blur test. frame #63
10-22 07:43:56.354  2259  2259 D SGM:GameManager: identifyGamePackage. com.arpalus.planogramcompliance, mCurrentUserId: 0, callerUserId: 0, callingMethodInfo: com.android.server.ssrm.fgapps.GameAppUtils.isGame(GameAppUtils.java:84)
10-22 07:43:56.354  2259  2259 D SGM:PkgDataHelper: getGamePkgData(). com.arpalus.planogramcompliance
10-22 07:43:56.357  2259  2259 D SGM:GameManager: identifyGamePackage. com.arpalus.planogramcompliance, mCurrentUserId: 0, callerUserId: 0, callingMethodInfo: com.android.server.ssrm.fgapps.GameAppUtils.isGame(GameAppUtils.java:84)
10-22 07:43:56.357  2259  2259 D SGM:PkgDataHelper: getGamePkgData(). com.arpalus.planogramcompliance
10-22 07:43:56.357  2259  2259 D SGM:GameManager: identifyGamePackage. com.arpalus.planogramcompliance, mCurrentUserId: 0, callerUserId: 0, callingMethodInfo: com.android.server.ssrm.fgapps.GameAppUtils.isGame(GameAppUtils.java:84)
10-22 07:43:56.357  2259  2259 D SGM:PkgDataHelper: getGamePkgData(). com.arpalus.planogramcompliance
10-22 07:43:56.443  2259  2259 D SGM:GameManager: identifyGamePackage. com.arpalus.planogramcompliance, mCurrentUserId: 0, callerUserId: 0, callingMethodInfo: com.android.server.ssrm.fgapps.GameAppUtils.isGame(GameAppUtils.java:84)
10-22 07:43:56.443  2259  2259 D SGM:PkgDataHelper: getGamePkgData(). com.arpalus.planogramcompliance
10-22 07:43:56.451  2259  2259 D SGM:GameManager: identifyGamePackage. com.arpalus.planogramcompliance, mCurrentUserId: 0, callerUserId: 0, callingMethodInfo: com.android.server.ssrm.fgapps.GameAppUtils.isGame(GameAppUtils.java:84)
10-22 07:43:56.451  2259  2259 D SGM:PkgDataHelper: getGamePkgData(). com.arpalus.planogramcompliance
10-22 07:43:56.452  2259  2259 D SGM:GameManager: identifyGamePackage. com.arpalus.planogramcompliance, mCurrentUserId: 0, callerUserId: 0, callingMethodInfo: com.android.server.ssrm.fgapps.GameAppUtils.isGame(GameAppUtils.java:84)
10-22 07:43:56.452  2259  2259 D SGM:PkgDataHelper: getGamePkgData(). com.arpalus.planogramcompliance
10-22 07:43:56.723 32185 32246 I Unity   : A>> 18 [04:43:56.723015]  UploadSessions: SaveImage: Saving image: 5, frameNumber: 64, bytes: 2764800, total bytes saved: 13824000, memory freeMb: 995
10-22 07:43:56.775 32185 32246 I Unity   : A>> 19 [04:43:56.774692]  ARCameraPage: OnSnapClick:
10-22 07:43:56.888 32185 32246 I Unity   : A>> 20 [04:43:56.888252]  UploadSessions: SaveImage: Saving image: 6, frameNumber: 65, bytes: 2764800, total bytes saved: 16588800, memory freeMb: 988
10-22 07:43:56.949  2259  2259 D SGM:GameManager: identifyGamePackage. com.arpalus.planogramcompliance, mCurrentUserId: 0, callerUserId: 0, callingMethodInfo: com.android.server.ssrm.fgapps.GameAppUtils.isGame(GameAppUtils.java:84)
10-22 07:43:56.949  2259  2259 D SGM:PkgDataHelper: getGamePkgData(). com.arpalus.planogramcompliance
10-22 07:43:56.952  2259  2259 D SGM:GameManager: identifyGamePackage. com.arpalus.planogramcompliance, mCurrentUserId: 0, callerUserId: 0, callingMethodInfo: com.android.server.ssrm.fgapps.GameAppUtils.isGame(GameAppUtils.java:84)
