12-26 18:15:15.603  3068  3068 D SamsungLightBarControlHelper: onStatusBarAppearanceChanged() -  sbModeChanged:false, statusBarMode:MODE_LIGHTS_OUT_TRANSPARENT, barState:SHADE, isKeyguardShowing:false, navbarColorManagedByIme:false, stackAppearancesChanged:true, (), packageName:com.arpalus.planogramcompliance
12-26 18:15:15.607  1542  1542 D SurfaceFlinger:      CLIENT | 0xb40000735bcd1e90 | 0100 | RGBA_8888    |    0.0    0.0 1080.0 2241.0 |    5   83 1075 2303 | com.arpalus.planogramcompliance/com.[...]yer.UnityPlayerActivity$_31273#61391
12-26 18:15:15.611  3068  3152 I ViewRootImpl@4cb48cb[planogramcompliance]: Relayout returned: old=(0,0,1080,2316) new=(0,0,1080,2316) req=(1080,2316)8 dur=10 res=0x2 s={false 0x0} ch=true seqId=0
12-26 18:15:15.612  2249  6383 D CoreBackPreview: Window{94a3e3e u0 Splash Screen com.arpalus.planogramcompliance EXITING}: Setting back callback null
12-26 18:15:15.614  3068  3152 I ViewRootImpl@4cb48cb[planogramcompliance]: dispatchDetachedFromWindow
12-26 18:15:15.614  2249  6395 D WindowManager: Starting window removed Window{94a3e3e u0 Splash Screen com.arpalus.planogramcompliance EXITING}
12-26 18:15:15.614  2249  6395 I WindowManager: Cancelling animation restarting=false, leash=Surface(name=Surface(name=df5b3b2 com.arpalus.planogramcompliance/com.unity3d.player.UnityPlayerActivity)/@0x7f3c42d - animation-leash of starting_reveal)/@0x467e7b0
12-26 18:15:15.614  2249  6395 I WindowManager: Reparenting to original parent: Surface(name=ActivityRecord{8c518c1 u0 com.arpalus.planogramcompliance/com.unity3d.player.UnityPlayerActivity} t8196})/@0x5e6d62, destroy=false, surface=Surface(name=df5b3b2 com.arpalus.planogramcompliance/com.unity3d.player.UnityPlayerActivity)/@0x7f3c42d
12-26 18:15:15.616  2249  6395 W InputManager-JNI: Input channel object '94a3e3e Splash Screen com.arpalus.planogramcompliance (client)' was disposed without first being removed with the input manager!
12-26 18:15:15.616  2249  6395 V WindowManager: Remove Window{94a3e3e u0 Splash Screen com.arpalus.planogramcompliance EXITING}: mSurfaceController=Surface(name=Splash Screen com.arpalus.planogramcompliance$_3068)/@0x8aba0c5 mAnimatingExit=true mRemoveOnExit=false mHasSurface=true surfaceShowing=true animating=true app-animation=true mWillReplaceWindow=false mDisplayFrozen=false callers=com.android.server.wm.WindowState.removeIfPossible:3041 com.android.server.wm.WindowManagerService.removeWindow:2282 com.android.server.wm.Session.remove:236 android.view.IWindowSession$Stub.onTransact:743 com.android.server.wm.Session.onTransact:188 android.os.Binder.execTransactInternal:1321 
12-26 18:15:15.621  1542  1542 I Layer   : id=61398 removedFromDrawingState Surface(name=df5b3b2 com.arpalus.planogramcompliance/com.unity3d.player.UnityPlayerActivity)/@0x7f3c42d - animation-leash of starting_reveal#61398 (133)
12-26 18:15:15.621 31273 31314 D Unity   : [Subsystems] Discovering subsystems at path /data/app/~~fwkO8j1ZbDh1LXjFEvp2UA==/com.arpalus.planogramcompliance-NgJjNEOXHikuKlCD9iGAYg==/base.apk/assets/bin/Data/UnitySubsystems
12-26 18:15:15.621 31273 31314 D Unity   : [Subsystems] No descriptors matched for  examples in /data/app/~~fwkO8j1ZbDh1LXjFEvp2UA==/com.arpalus.planogramcompliance-NgJjNEOXHikuKlCD9iGAYg==/base.apk/assets/bin/Data/UnitySubsystems/UnityARCore/UnitySubsystemsManifest.json.
12-26 18:15:15.621 31273 31314 D Unity   : [Subsystems] 1 'inputs' descriptors matched in /data/app/~~fwkO8j1ZbDh1LXjFEvp2UA==/com.arpalus.planogramcompliance-NgJjNEOXHikuKlCD9iGAYg==/base.apk/assets/bin/Data/UnitySubsystems/UnityARCore/UnitySubsystemsManifest.json
12-26 18:15:15.621 31273 31314 D Unity   : [Subsystems] No descriptors matched for  displays in /data/app/~~fwkO8j1ZbDh1LXjFEvp2UA==/com.arpalus.planogramcompliance-NgJjNEOXHikuKlCD9iGAYg==/base.apk/assets/bin/Data/UnitySubsystems/UnityARCore/UnitySubsystemsManifest.json.
12-26 18:15:15.621 31273 31314 D Unity   : [Subsystems] No descriptors matched for  meshings in /data/app/~~fwkO8j1ZbDh1LXjFEvp2UA==/com.arpalus.planogramcompliance-NgJjNEOXHikuKlCD9iGAYg==/base.apk/assets/bin/Data/UnitySubsystems/UnityARCore/UnitySubsystemsManifest.json.
12-26 18:15:15.649  3594  3884 I AppInfo : set ComponentInfo{com.arpalus.planogramcompliance/com.unity3d.player.UnityPlayerActivity} app progress level to 100
12-26 18:15:15.650  2249  6383 E WindowManager: win=Window{94a3e3e u0 Splash Screen com.arpalus.planogramcompliance EXITING} destroySurfaces: appStopped=false cleanupOnResume=false win.mWindowRemovalAllowed=true win.mRemoveOnExit=true win.mViewVisibility=8 caller=com.android.server.wm.WindowState.onExitAnimationDone:5989 com.android.server.wm.ActivityRecord$$ExternalSyntheticLambda10.accept:2 java.util.ArrayList.forEach:1262 com.android.server.wm.ActivityRecord.onAnimationFinished:8607 com.android.server.wm.WindowContainer.doAnimationFinished:3483 com.android.server.wm.WindowContainer.onAnimationFinished:3495 com.android.server.wm.Task.onAnimationFinished:8636 
12-26 18:15:15.651  2249  6383 I WindowManager: Destroying surface Surface(name=Splash Screen com.arpalus.planogramcompliance$_3068)/@0x8aba0c5 called by com.android.server.wm.WindowStateAnimator.destroySurface:942 com.android.server.wm.WindowStateAnimator.destroySurfaceLocked:536 com.android.server.wm.WindowState.destroySurfaceUnchecked:4306 com.android.server.wm.WindowState.destroySurface:4280 com.android.server.wm.WindowState.onExitAnimationDone:5989 com.android.server.wm.ActivityRecord$$ExternalSyntheticLambda10.accept:2 java.util.ArrayList.forEach:1262 com.android.server.wm.ActivityRecord.onAnimationFinished:8607 
12-26 18:15:15.653  2249  6383 D WindowManager: 	container=Task{9b957a7 #8196 type=standard A=10638:com.arpalus.planogramcompliance U=0 visible=true visibleRequested=true mode=fullscreen translucent=false sz=1}
12-26 18:15:15.654  1542  1542 I Layer   : id=61385 removedFromDrawingState Splash Screen com.arpalus.planogramcompliance$_3068#61385 (133)
12-26 18:15:15.662  1542  1542 I Layer   : id=61384 removedFromDrawingState 94a3e3e Splash Screen com.arpalus.planogramcompliance#61384 (133)
12-26 18:15:15.663  1542  1542 I Layer   : Layer [Splash Screen com.arpalus.planogramcompliance$_3068#61385] hidden!! flag(1)
12-26 18:15:15.663  1542  1542 I SurfaceFlinger: id=61384 Removed 94a3e3e Splash Screen com.arpalus.planogramcompliance#61384 (133)
12-26 18:15:15.663  1542  1542 I SurfaceFlinger: id=61385 Removed Splash Screen com.arpalus.planogramcompliance$_3068#61385 (133)
12-26 18:15:15.663  1542  1542 I Layer   : id=61385 Destroyed Splash Screen com.arpalus.planogramcompliance$_3068#61385
12-26 18:15:15.663  1542  1542 I Layer   : id=61384 Destroyed 94a3e3e Splash Screen com.arpalus.planogramcompliance#61384
12-26 18:15:15.665  1542  1542 D SurfaceFlinger:      DEVICE | 0xb40000735bcd1e90 | 0100 | RGBA_8888    |    0.0    0.0 1080.0 2241.0 |    0   75 1080 2316 | com.arpalus.planogramcompliance/com.[...]yer.UnityPlayerActivity$_31273#61391
12-26 18:15:15.677  3594  3884 I SuggestedItemsFacade: DPS items : ProductRecognition, ComponentInfo{com.arpalus.planogramcompliance/com.unity3d.player.UnityPlayerActivity}
12-26 18:15:15.682  1510  3327 I AudioPolicyEffectException: MySpaceHandler::checkDetachCondition media 1, ring 0, mp 0
12-26 18:15:15.682  1510  3327 I AudioPolicyEffectException: MySpace detach value 1
12-26 18:15:15.686 11483 11483 I BWU@AudioPlaybackControlManager: Ph_com.arpalus.planogramcompliance is now playing [main] 
12-26 18:15:15.722  1542  1542 D SurfaceFlinger:      DEVICE | 0xb40000735bcd1e90 | 0100 | RGBA_8888    |    0.0    0.0 1080.0 2241.0 |    0   75 1080 2316 | com.arpalus.planogramcompliance/com.[...]yer.UnityPlayerActivity$_31273#61391
12-26 18:15:15.739  1542  1542 D SurfaceFlinger:      DEVICE | 0xb40000735bcd1e90 | 0100 | RGBA_8888    |    0.0    0.0 1080.0 2241.0 |    0   75 1080 2316 | com.arpalus.planogramcompliance/com.[...]yer.UnityPlayerActivity$_31273#61391
12-26 18:15:15.741  2249  6397 D SGM:GameManager: identifyForegroundApp. com.arpalus.planogramcompliance, mCurrentUserId: 0, callerUserId: 0
12-26 18:15:15.741  2249  6397 D SGM:PkgDataHelper: getGamePkgData(). com.arpalus.planogramcompliance
12-26 18:15:15.764 31273 31273 D InsetsController: cancelAnimation of types: 3, animType: 1, host: com.arpalus.planogramcompliance/com.unity3d.player.UnityPlayerActivity, from:android.view.InsetsController.notifyFinished:1375 android.view.InsetsAnimationThreadControlRunner$1.lambda$notifyFinished$0$android-view-InsetsAnimationThreadControlRunner$1:84 android.view.InsetsAnimationThreadControlRunner$1$$ExternalSyntheticLambda1.run:4 
12-26 18:15:15.823  2249  3344 D MdnieScenarioControlService:  packageName : com.arpalus.planogramcompliance    className : com.unity3d.player.UnityPlayerActivity
12-26 18:15:15.982  2249  2357 D SGM:GameManager: identifyForegroundApp. com.arpalus.planogramcompliance, mCurrentUserId: 0, callerUserId: 0
12-26 18:15:15.982  2249  2357 D SGM:PkgDataHelper: getGamePkgData(). com.arpalus.planogramcompliance
12-26 18:15:15.984 31273 31355 I BLASTBufferQueue: [SurfaceView[com.arpalus.planogramcompliance/com.unity3d.player.UnityPlayerActivity]@0#1](f:0,a:0) onFrameAvailable the first frame is available
12-26 18:15:15.987  2249  2354 I ActivityTaskManager: Fully drawn com.arpalus.planogramcompliance/com.unity3d.player.UnityPlayerActivity: +782ms
12-26 18:15:15.989  2249  6397 W ziparchive: Unable to open '/data/app/~~fwkO8j1ZbDh1LXjFEvp2UA==/com.arpalus.planogramcompliance-NgJjNEOXHikuKlCD9iGAYg==/base.dm': No such file or directory
12-26 18:15:15.989  1542  1542 D SurfaceFlinger:      DEVICE | 0xb40000735bcc3c70 | 0102 | 0x0000115    |    0.0    0.0 1080.0 2241.0 |    0   75 1080 2316 | SurfaceView[com.arpalus.planogramcom[...].UnityPlayerActivity]@0(BLAST)#61396
12-26 18:15:15.989  1542  1542 D SurfaceFlinger:      DEVICE | 0xb40000735bcd1e90 | 0100 | RGBA_8888    |    0.0    0.0 1080.0 2241.0 |    0   75 1080 2316 | com.arpalus.planogramcompliance/com.[...]yer.UnityPlayerActivity$_31273#61391
12-26 18:15:15.997 31273 31273 I ViewRootImpl@ba85abe[UnityPlayerActivity]: Drawing: package:com.arpalus.planogramcompliance, metrics=DisplayMetrics{density=2.8125, width=1080, height=2106, scaledDensity=3.6562498, xdpi=375.78073, ydpi=377.09174}, compatibilityInfo={450dpi always-compat}
12-26 18:15:16.005  1542  1542 D SurfaceFlinger:      DEVICE | 0xb40000735bcd0db0 | 0102 | 0x0000115    |    0.0    0.0 1080.0 2241.0 |    0   75 1080 2316 | SurfaceView[com.arpalus.planogramcom[...].UnityPlayerActivity]@0(BLAST)#61396
12-26 18:15:17.882  2249  6459 V WindowManager: Relayout Window{df5b3b2 u0 com.arpalus.planogramcompliance/com.unity3d.player.UnityPlayerActivity}: viewVisibility=0 req=1080x2241 d0
12-26 18:15:17.883  2249  6459 D WindowManager: updateSystemBarAttributes: displayId=0, win=Window{df5b3b2 u0 com.arpalus.planogramcompliance/com.unity3d.player.UnityPlayerActivity}, navColorWin=null, focusedCanBeNavColorWin=false, behavior=2, appearance=4, statusBarAppearanceRegions=[AppearanceRegion{ bounds=[0,0][1080,2316]}], requestedVisibilities=ITYPE_STATUS_BAR: invisible, ITYPE_NAVIGATION_BAR: invisible, ITYPE_CLIMATE_BAR: invisible, ITYPE_EXTRA_NAVIGATION_BAR: invisible, ITYPE_LOCAL_NAVIGATION_BAR_1: invisible, ITYPE_LOCAL_NAVIGATION_BAR_2: invisible, from=com.android.server.wm.DisplayPolicy.finishPostLayoutPolicyLw:2527 com.android.server.wm.DisplayContent.applySurfaceChangesTransaction:5713 com.android.server.wm.RootWindowContainer.applySurfaceChangesTransaction:1234 
12-26 18:15:17.884  3068  3068 D SamsungLightBarControlHelper: onStatusBarAppearanceChanged() -  sbModeChanged:false, statusBarMode:MODE_LIGHTS_OUT_TRANSPARENT, barState:SHADE, isKeyguardShowing:false, navbarColorManagedByIme:false, stackAppearancesChanged:true, (AppearanceRegion{ bounds=[0,0][1080,2316]}, ), packageName:com.arpalus.planogramcompliance
12-26 18:15:17.884  2249  6459 D WindowManager: applyWithNextDraw, mSyncSeqId=1, mType=0, win=Window{df5b3b2 u0 com.arpalus.planogramcompliance/com.unity3d.player.UnityPlayerActivity}, caller=com.android.server.wm.WindowState.applyWithNextDraw:7375 com.android.server.wm.WindowState.updateSurfacePosition:6544 com.android.server.wm.WindowContainer.updateSurfacePositionNonOrganized:3638 com.android.server.wm.WindowState.prepareSurfaces:6490 com.android.server.wm.WindowContainer.prepareSurfaces:2749 com.android.server.wm.ActivityRecord.prepareSurfaces:8476 
12-26 18:15:17.888 31273 31273 I ViewRootImpl@ba85abe[UnityPlayerActivity]: updateBoundsLayer: t = android.view.SurfaceControl$Transaction@9c372fc sc = Surface(name=Bounds for - com.arpalus.planogramcompliance/com.unity3d.player.UnityPlayerActivity@0)/@0x28ed85 frame = 6
12-26 18:15:17.889  1542  1542 D SurfaceFlinger:      DEVICE | 0xb40000735bca8d00 | 0102 | 0x0000115    |    0.0    0.0 1080.0 2241.0 |    0   75 1080 2316 | SurfaceView[com.arpalus.planogramcom[...].UnityPlayerActivity]@0(BLAST)#61396
12-26 18:15:17.893 31273 31273 I ViewRootImpl@ba85abe[UnityPlayerActivity]: Drawing: package:com.arpalus.planogramcompliance, metrics=DisplayMetrics{density=2.8125, width=1080, height=2106, scaledDensity=3.6562498, xdpi=375.78073, ydpi=377.09174}, compatibilityInfo={450dpi always-compat}
12-26 18:15:17.896  2249  6459 D WindowManager: finishDrawingWindow: Window{df5b3b2 u0 com.arpalus.planogramcompliance/com.unity3d.player.UnityPlayerActivity} mDrawState=HAS_DRAWN seqId=1
12-26 18:15:17.896  2249  6459 D WindowManager: executeDrawHandlers, seqId=1, h.mSeqId=1, hadHandlers=true, win=Window{df5b3b2 u0 com.arpalus.planogramcompliance/com.unity3d.player.UnityPlayerActivity}
12-26 18:15:17.898  2249  2358 D SurfaceControl: applyGlobalTransaction called, mName=finishDrawing_syncId(1)_com.arpalus.planogramcompliance/com.unity3d.player.UnityPlayerActivity
12-26 18:15:17.905  2249  6459 V WindowManager: Relayout Window{df5b3b2 u0 com.arpalus.planogramcompliance/com.unity3d.player.UnityPlayerActivity}: viewVisibility=0 req=1080x2316 d0
12-26 18:15:17.910 31273 31273 I ViewRootImpl@ba85abe[UnityPlayerActivity]: Drawing: package:com.arpalus.planogramcompliance, metrics=DisplayMetrics{density=2.8125, width=1080, height=2106, scaledDensity=3.6562498, xdpi=375.78073, ydpi=377.09174}, compatibilityInfo={450dpi always-compat}
12-26 18:15:17.913  2249  4907 D WindowManager: finishDrawingWindow: Window{df5b3b2 u0 com.arpalus.planogramcompliance/com.unity3d.player.UnityPlayerActivity} mDrawState=HAS_DRAWN seqId=1
12-26 18:15:17.915  2249  2358 D SurfaceControl: applyGlobalTransaction called, mName=finishDrawing_syncId(1)_com.arpalus.planogramcompliance/com.unity3d.player.UnityPlayerActivity
12-26 18:15:17.923 31273 31314 I Unity   : A>> 0 [04:15:17.922965]  App: FindApp: App found.
12-26 18:15:18.121 31273 31314 D BgUpPlug:  ctor: <#SGA, #bgUpPlug #Done>
12-26 18:15:18.141  2249  4907 V WindowManager: Relayout Window{df5b3b2 u0 com.arpalus.planogramcompliance/com.unity3d.player.UnityPlayerActivity}: viewVisibility=0 req=1080x2316 d0
12-26 18:15:18.145 31273 31273 I ViewRootImpl@ba85abe[UnityPlayerActivity]: updateBoundsLayer: t = android.view.SurfaceControl$Transaction@9c372fc sc = Surface(name=Bounds for - com.arpalus.planogramcompliance/com.unity3d.player.UnityPlayerActivity@0)/@0x28ed85 frame = 8
12-26 18:15:18.147 31273 31273 I ViewRootImpl@ba85abe[UnityPlayerActivity]: Drawing: package:com.arpalus.planogramcompliance, metrics=DisplayMetrics{density=2.8125, width=1080, height=2106, scaledDensity=3.6562498, xdpi=375.78073, ydpi=377.09174}, compatibilityInfo={450dpi always-compat}
12-26 18:15:18.202  2249  6397 D ConnectivityService: requestNetwork for uid/pid:10638/31273 activeRequest: null callbackRequest: 35482 [NetworkRequest [ REQUEST id=35483, [ Capabilities: INTERNET&NOT_RESTRICTED&TRUSTED&NOT_VCN_MANAGED Uid: 10638 RequestorUid: 10638 RequestorPkg: com.arpalus.planogramcompliance UnderlyingNetworks: Null] ]] callback flags: 0 order: 2147483647
12-26 18:15:18.205  2249  2884 D WifiNetworkFactory: got request NetworkRequest [ REQUEST id=35483, [ Capabilities: INTERNET&NOT_RESTRICTED&TRUSTED&NOT_VCN_MANAGED Uid: 10638 RequestorUid: 10638 RequestorPkg: com.arpalus.planogramcompliance UnderlyingNetworks: Null] ]
12-26 18:15:18.205  2249  2884 D UntrustedWifiNetworkFactory: got request NetworkRequest [ REQUEST id=35483, [ Capabilities: INTERNET&NOT_RESTRICTED&TRUSTED&NOT_VCN_MANAGED Uid: 10638 RequestorUid: 10638 RequestorPkg: com.arpalus.planogramcompliance UnderlyingNetworks: Null] ]
12-26 18:15:18.205  2249  2884 D OemPaidWifiNetworkFactory: got request NetworkRequest [ REQUEST id=35483, [ Capabilities: INTERNET&NOT_RESTRICTED&TRUSTED&NOT_VCN_MANAGED Uid: 10638 RequestorUid: 10638 RequestorPkg: com.arpalus.planogramcompliance UnderlyingNetworks: Null] ]
12-26 18:15:18.205  2249  2884 D MultiInternetWifiNetworkFactory: got request NetworkRequest [ REQUEST id=35483, [ Capabilities: INTERNET&NOT_RESTRICTED&TRUSTED&NOT_VCN_MANAGED Uid: 10638 RequestorUid: 10638 RequestorPkg: com.arpalus.planogramcompliance UnderlyingNetworks: Null] ]
12-26 18:15:18.208 31273 31314 I Unity   : A>> 1 [04:15:18.207491]  WorkFlowMng: Start: - 10
12-26 18:15:18.213  2249  6397 D ActivityTaskManager: TaskLaunchParamsModifier:task=Task{9b957a7 #8196 type=standard A=10638:com.arpalus.planogramcompliance U=0 visible=true visibleRequested=true mode=fullscreen translucent=false sz=1} activity=ActivityRecord{a737df6 u0 com.google.android.permissioncontroller/com.android.permissioncontroller.permission.ui.GrantPermissionsActivity} t-1} display-area-from-source=DefaultTaskDisplayArea@156103150 display-id=0 display-windowing-mode=1 suggested-display-area=DefaultTaskDisplayArea@156103150 inherit-from-source=fullscreen activity-options-fullscreen=Rect(0, 0 - 0, 0) non-freeform-display display-area=DefaultTaskDisplayArea@156103150 maximized-bounds
12-26 18:15:18.217  2249  6397 D ActivityTaskManager: scheduleTopResumedActivityChanged, onTop=false r=ActivityRecord{8c518c1 u0 com.arpalus.planogramcompliance/com.unity3d.player.UnityPlayerActivity} t8196} caller=com.android.server.wm.ActivityTaskSupervisor.updateTopResumedActivityIfNeeded:2510 com.android.server.wm.TaskFragment.setResumedActivity:493 com.android.server.wm.TaskFragment.onActivityStateChanged:790 com.android.server.wm.ActivityRecord.setState:6406 com.android.server.wm.TaskFragment.startPausing:1880 com.android.server.wm.TaskFragment.startPausing:1817 
12-26 18:15:18.231 31273 31314 E Unity   : DllNotFoundException: Unable to load DLL 'FirebaseCppApp-11_6_0'. Tried the load the following dynamic libraries: Unable to load dynamic library 'FirebaseCppApp-11_6_0' because of 'Failed to open the requested dynamic library (0x06000000) dlerror() = dlopen failed: library "FirebaseCppApp-11_6_0" not found
12-26 18:15:18.232 31273 31314 I Unity   : A>> 2 [04:15:18.231849]  BgUpPlugin: SetMinLogPriority:-10 - calling SetMinLogPriority - minLogPriority: 10 
12-26 18:15:18.236 31273 31314 E Unity   : AndroidJavaException: java.lang.NoSuchMethodError: no non-static method with name='SetMinPopUpsPriority' signature='(I)V' in class Ljava.lang.Object;
12-26 18:15:18.236 31273 31314 E Unity   : java.lang.NoSuchMethodError: no non-static method with name='SetMinPopUpsPriority' signature='(I)V' in class Ljava.lang.Object;
12-26 18:15:18.293  2249  2357 D SGM:FgCheckThread: notePauseComponent(), received pkgName: com.arpalus.planogramcompliance, userId: 0
12-26 18:15:18.294  2249  3591 D WindowManager: rotationForOrientation, orientationSource=ActivityRecord{8c518c1 u0 com.arpalus.planogramcompliance/com.unity3d.player.UnityPlayerActivity} t8196}
12-26 18:15:18.297  2249  3591 V WindowManager: Changing focus from Window{df5b3b2 u0 com.arpalus.planogramcompliance/com.unity3d.player.UnityPlayerActivity} to null displayId=0 Callers=com.android.server.wm.RootWindowContainer.updateFocusedWindowLocked:595 com.android.server.wm.WindowManagerService.updateFocusedWindowLocked:6803 com.android.server.wm.ActivityTaskManagerService.setResumedActivityUncheckLocked:5755 com.android.server.wm.TaskFragment.onActivityStateChanged:807 
12-26 18:15:18.297  2249  3591 D MARsPolicyManager: onPackageResumedFG pkgName = com.arpalus.planogramcompliance, userId = 0
12-26 18:15:18.305  1542  1542 I SurfaceFlinger: [df5b3b2 com.arpalus.planogramcompliance/com.unity3d.player.UnityPlayerActivity#61390] FrameRatePriority: -1
12-26 18:15:18.314  2249  6437 D InputDispatcher: Focus left window (0): df5b3b2 com.arpalus.planogramcompliance/com.unity3d.player.UnityPlayerActivity
12-26 18:15:18.315  2249  6437 D SGM:GameManager: identifyForegroundApp. com.arpalus.planogramcompliance, mCurrentUserId: 0, callerUserId: 0
12-26 18:15:18.315  2249  6437 D SGM:PkgDataHelper: getGamePkgData(). com.arpalus.planogramcompliance
12-26 18:15:18.334  2249  2358 D WindowManager: updateSystemBarAttributes: displayId=0, win=Window{6345ef4 u0 com.google.android.permissioncontroller/com.android.permissioncontroller.permission.ui.GrantPermissionsActivity}, navColorWin=Window{df5b3b2 u0 com.arpalus.planogramcompliance/com.unity3d.player.UnityPlayerActivity}, focusedCanBeNavColorWin=false, behavior=1, appearance=16, statusBarAppearanceRegions=[AppearanceRegion{ bounds=[0,0][1080,2316]}], requestedVisibilities=, from=com.android.server.wm.DisplayPolicy.finishPostLayoutPolicyLw:2527 com.android.server.wm.DisplayContent.applySurfaceChangesTransaction:5713 com.android.server.wm.RootWindowContainer.applySurfaceChangesTransaction:1234 
12-26 18:15:18.347 31273 31273 D InsetsController: onStateChanged: InsetsState: {mDisplayFrame=Rect(0, 0 - 1080, 2316), mDisplayCutout=DisplayCutout{insets=Rect(0, 75 - 0, 0) waterfall=Insets{left=0, top=0, right=0, bottom=0} boundingRect={Bounds=[Rect(0, 0 - 0, 0), Rect(692, 0 - 748, 75), Rect(0, 0 - 0, 0), Rect(0, 0 - 0, 0)]} cutoutPathParserInfo={CutoutPathParserInfo{displayWidth=1080 displayHeight=2316 physicalDisplayWidth=1440 physicalDisplayHeight=3088 density={2.8125} cutoutSpec={M 0,0 H -10 V 26.66666666666667 H 10 V 0 H 0 Z @dp} rotation={0} scale={1.0} physicalPixelDisplaySizeRatio={1.0}}}}, mRoundedCorners=RoundedCorners{[RoundedCorner{position=TopLeft, radius=8, center=Point(8, 8)}, RoundedCorner{position=TopRight, radius=8, center=Point(1072, 8)}, RoundedCorner{position=BottomRight, radius=8, center=Point(1072, 2308)}, RoundedCorner{position=BottomLeft, radius=8, center=Point(8, 2308)}]}  mRoundedCornerFrame=Rect(0, 0 - 1080, 2316), mPrivacyIndicatorBounds=PrivacyIndicatorBounds {static bounds=Rect(956, 0 - 1080, 75) rotation=0}, mSources= { InsetsSource: {mType=ITYPE_STATUS_BAR, mFrame=[0,0][1080,75], mVisible=false, mInsetsRoundedCornerFrame=false}, InsetsSource: {mType=ITYPE_NAVIGATION_BAR, mFrame=[0,2181][1080,2316], mVisible=true, mInsetsRoundedCornerFrame=false}, InsetsSource: {mType=ITYPE_LEFT_GESTURES, mFrame=[0,0][0,2316], mVisible=true, mInsetsRoundedCornerFrame=false}, InsetsSource: {mType=ITYPE_RIGHT_GESTURES, mFrame=[1080,0][1080,2316], mVisible=true, mInsetsRoundedCornerFrame=false}, InsetsSource: {mType=ITYPE_TOP_MANDATORY_GESTURES, mFrame=[0,0][1080,109], mVisible=true, mInsetsRoundedCornerFrame=false}, InsetsSource: {mType=ITYPE_BOTTOM_MANDATORY_GESTURES, mFrame=[0,2181][1080,2316], mVisible=true, mInsetsRoundedCornerFrame=false}, InsetsSource: {mType=ITYPE_LEFT_DISPLAY_CUTOUT, mFrame=[0,0][-100000,2316], mVisible=true, mInsetsRoundedCornerFrame=false}, InsetsSource: {mType=ITYPE_TOP_DISPLAY_CUTOUT, mFrame=[0,0][1080,75], mVisible=true, mInsetsRoundedCornerFrame=false}, InsetsSource: {mType=ITYPE_RIGHT_DISPLAY_CUTOUT, mFrame=[100000,0][1080,2316], mVisible=true, mInsetsRoundedCornerFrame=false}, InsetsSource: {mType=ITYPE_BOTTOM_DISPLAY_CUTOUT, mFrame=[0,100000][1080,2316], mVisible=true, mInsetsRoundedCornerFrame=false}, InsetsSource: {mType=ITYPE_TOP_TAPPABLE_ELEMENT, mFrame=[0,0][1080,75], mVisible=true, mInsetsRoundedCornerFrame=false}, InsetsSource: {mType=ITYPE_BOTTOM_TAPPABLE_ELEMENT, mFrame=[0,2181][1080,2316], mVisible=true, mInsetsRoundedCornerFrame=false}, InsetsSource: {mType=ITYPE_IME, mFrame=[0,0][0,0], mVisibleFrame=[0,2181][1080,2316], mVisible=false, mInsetsRoundedCornerFrame=false} } host=com.arpalus.planogramcompliance/com.unity3d.player.UnityPlayerActivity from=android.view.ViewRootImpl$ViewRootHandler.handleMessageImpl:6727
12-26 18:15:18.353  2249  2357 D WindowManager: updateSystemBarAttributes: displayId=0, win=Window{df5b3b2 u0 com.arpalus.planogramcompliance/com.unity3d.player.UnityPlayerActivity}, navColorWin=Window{df5b3b2 u0 com.arpalus.planogramcompliance/com.unity3d.player.UnityPlayerActivity}, focusedCanBeNavColorWin=false, behavior=2, appearance=20, statusBarAppearanceRegions=[AppearanceRegion{ bounds=[0,0][1080,2316]}], requestedVisibilities=ITYPE_STATUS_BAR: invisible, ITYPE_NAVIGATION_BAR: invisible, ITYPE_CLIMATE_BAR: invisible, ITYPE_EXTRA_NAVIGATION_BAR: invisible, ITYPE_LOCAL_NAVIGATION_BAR_1: invisible, ITYPE_LOCAL_NAVIGATION_BAR_2: invisible, from=com.android.server.wm.DisplayPolicy.focusChangedLw:3247 com.android.server.wm.DisplayContent.updateFocusedWindowLocked:4632 com.android.server.wm.RootWindowContainer.updateFocusedWindowLocked:595 
12-26 18:15:18.354  2249  2357 D InsetsSourceProvider: updateVisibility: serverVisible=true, clientVisible=false, source=InsetsSource: {mType=ITYPE_NAVIGATION_BAR, mFrame=[0,2181][1080,2316], mVisible=false, mInsetsRoundedCornerFrame=false}, controlTarget=Window{df5b3b2 u0 com.arpalus.planogramcompliance/com.unity3d.player.UnityPlayerActivity}, from=com.android.server.wm.InsetsSourceProvider.setClientVisible:536 com.android.server.wm.InsetsSourceProvider.updateClientVisibility:518 com.android.server.wm.InsetsStateController.onInsetsModified:250 com.android.server.wm.InsetsStateController.lambda$notifyPendingInsetsControlChanged$5:414 com.android.server.wm.InsetsStateController.$r8$lambda$ni7v3ZO6TRbLZqXOFahDjPeXTS0:0 com.android.server.wm.InsetsStateController$$ExternalSyntheticLambda4.run:2 com.android.server.wm.WindowAnimator.executeAfterPrepareSurfacesRunnables:345 com.android.server.wm.RootWindowContainer.performSurfacePlacementNoTrace:1020 com.android.server.wm.RootWindowContainer.performSurfacePlacement:950 com.android.server.wm.WindowSurfacePlacer.performSurfacePlacementLoop:185 
12-26 18:15:18.356  1542  1542 D SurfaceFlinger:      DEVICE | 0xb40000735bcc3c70 | 0102 | 0x0000115    |    0.0    0.0 1080.0 2241.0 |    0    0 1080 2316 | SurfaceView[com.arpalus.planogramcom[...].UnityPlayerActivity]@0(BLAST)#61396
12-26 18:15:18.357  2249  2357 D WindowManager: updateSystemBarAttributes: displayId=0, win=Window{df5b3b2 u0 com.arpalus.planogramcompliance/com.unity3d.player.UnityPlayerActivity}, navColorWin=Window{df5b3b2 u0 com.arpalus.planogramcompliance/com.unity3d.player.UnityPlayerActivity}, focusedCanBeNavColorWin=false, behavior=2, appearance=4, statusBarAppearanceRegions=[AppearanceRegion{ bounds=[0,0][1080,2316]}], requestedVisibilities=ITYPE_STATUS_BAR: invisible, ITYPE_NAVIGATION_BAR: invisible, ITYPE_CLIMATE_BAR: invisible, ITYPE_EXTRA_NAVIGATION_BAR: invisible, ITYPE_LOCAL_NAVIGATION_BAR_1: invisible, ITYPE_LOCAL_NAVIGATION_BAR_2: invisible, from=com.android.server.wm.InsetsStateController.onInsetsModified:256 com.android.server.wm.InsetsStateController.lambda$notifyPendingInsetsControlChanged$5:414 com.android.server.wm.InsetsStateController.$r8$lambda$ni7v3ZO6TRbLZqXOFahDjPeXTS0:0 
12-26 18:15:18.359 31273 31273 D InsetsController: controlAnimationUnchecked: Added types=2 animType=1 host=com.arpalus.planogramcompliance/com.unity3d.player.UnityPlayerActivity from=android.view.InsetsController.applyAnimation:1576 android.view.InsetsController.applyAnimation:1557 android.view.InsetsController.onControlsChanged:995 
12-26 18:15:18.360  2249  6305 D MARsPolicyManager: onPackageResumedFG pkgName = com.arpalus.planogramcompliance, userId = 0
12-26 18:15:18.361  2249  6305 D ActivityTaskManager: scheduleTopResumedActivityChanged, onTop=true r=ActivityRecord{8c518c1 u0 com.arpalus.planogramcompliance/com.unity3d.player.UnityPlayerActivity} t8196} caller=com.android.server.wm.ActivityTaskSupervisor.scheduleTopResumedActivityStateIfNeeded:2535 com.android.server.wm.ActivityTaskSupervisor.updateTopResumedActivityIfNeeded:2527 com.android.server.wm.TaskFragment.setResumedActivity:493 com.android.server.wm.TaskFragment.onActivityStateChanged:805 com.android.server.wm.ActivityRecord.setState:6406 com.android.server.wm.TaskFragment.resumeTopActivity:1629 
12-26 18:15:18.361  2249  6305 D InputDispatcher: Focused application(0): ActivityRecord{8c518c1 u0 com.arpalus.planogramcompliance/com.unity3d.player.UnityPlayerActivity} t8196}
12-26 18:15:18.361  2249  6305 V WindowManager: Changing focus from null to Window{df5b3b2 u0 com.arpalus.planogramcompliance/com.unity3d.player.UnityPlayerActivity} displayId=0 Callers=com.android.server.wm.RootWindowContainer.updateFocusedWindowLocked:595 com.android.server.wm.WindowManagerService.updateFocusedWindowLocked:6803 com.android.server.wm.ActivityTaskManagerService.setResumedActivityUncheckLocked:5755 com.android.server.wm.TaskFragment.onActivityStateChanged:807 
12-26 18:15:18.362  2249  6305 D WindowManager: rotationForOrientation, orientationSource=ActivityRecord{8c518c1 u0 com.arpalus.planogramcompliance/com.unity3d.player.UnityPlayerActivity} t8196}
12-26 18:15:18.366  2249  6305 D ActivityTaskManager: mStartingWindow and mStartingData is null for token=ActivityRecord{8c518c1 u0 com.arpalus.planogramcompliance/com.unity3d.player.UnityPlayerActivity} t8196}
12-26 18:15:18.369 31273 31273 D InsetsController: onStateChanged: InsetsState: {mDisplayFrame=Rect(0, 0 - 1080, 2316), mDisplayCutout=DisplayCutout{insets=Rect(0, 75 - 0, 0) waterfall=Insets{left=0, top=0, right=0, bottom=0} boundingRect={Bounds=[Rect(0, 0 - 0, 0), Rect(692, 0 - 748, 75), Rect(0, 0 - 0, 0), Rect(0, 0 - 0, 0)]} cutoutPathParserInfo={CutoutPathParserInfo{displayWidth=1080 displayHeight=2316 physicalDisplayWidth=1440 physicalDisplayHeight=3088 density={2.8125} cutoutSpec={M 0,0 H -10 V 26.66666666666667 H 10 V 0 H 0 Z @dp} rotation={0} scale={1.0} physicalPixelDisplaySizeRatio={1.0}}}}, mRoundedCorners=RoundedCorners{[RoundedCorner{position=TopLeft, radius=8, center=Point(8, 8)}, RoundedCorner{position=TopRight, radius=8, center=Point(1072, 8)}, RoundedCorner{position=BottomRight, radius=8, center=Point(1072, 2308)}, RoundedCorner{position=BottomLeft, radius=8, center=Point(8, 2308)}]}  mRoundedCornerFrame=Rect(0, 0 - 1080, 2316), mPrivacyIndicatorBounds=PrivacyIndicatorBounds {static bounds=Rect(956, 0 - 1080, 75) rotation=0}, mSources= { InsetsSource: {mType=ITYPE_STATUS_BAR, mFrame=[0,0][1080,75], mVisible=false, mInsetsRoundedCornerFrame=false}, InsetsSource: {mType=ITYPE_NAVIGATION_BAR, mFrame=[0,2181][1080,2316], mVisible=false, mInsetsRoundedCornerFrame=false}, InsetsSource: {mType=ITYPE_LEFT_GESTURES, mFrame=[0,0][0,2316], mVisible=true, mInsetsRoundedCornerFrame=false}, InsetsSource: {mType=ITYPE_RIGHT_GESTURES, mFrame=[1080,0][1080,2316], mVisible=true, mInsetsRoundedCornerFrame=false}, InsetsSource: {mType=ITYPE_TOP_MANDATORY_GESTURES, mFrame=[0,0][1080,109], mVisible=true, mInsetsRoundedCornerFrame=false}, InsetsSource: {mType=ITYPE_BOTTOM_MANDATORY_GESTURES, mFrame=[0,2181][1080,2316], mVisible=true, mInsetsRoundedCornerFrame=false}, InsetsSource: {mType=ITYPE_LEFT_DISPLAY_CUTOUT, mFrame=[0,0][-100000,2316], mVisible=true, mInsetsRoundedCornerFrame=false}, InsetsSource: {mType=ITYPE_TOP_DISPLAY_CUTOUT, mFrame=[0,0][1080,75], mVisible=true, mInsetsRoundedCornerFrame=false}, InsetsSource: {mType=ITYPE_RIGHT_DISPLAY_CUTOUT, mFrame=[100000,0][1080,2316], mVisible=true, mInsetsRoundedCornerFrame=false}, InsetsSource: {mType=ITYPE_BOTTOM_DISPLAY_CUTOUT, mFrame=[0,100000][1080,2316], mVisible=true, mInsetsRoundedCornerFrame=false}, InsetsSource: {mType=ITYPE_TOP_TAPPABLE_ELEMENT, mFrame=[0,0][1080,75], mVisible=true, mInsetsRoundedCornerFrame=false}, InsetsSource: {mType=ITYPE_BOTTOM_TAPPABLE_ELEMENT, mFrame=[0,2181][1080,2316], mVisible=true, mInsetsRoundedCornerFrame=false}, InsetsSource: {mType=ITYPE_IME, mFrame=[0,0][0,0], mVisibleFrame=[0,2181][1080,2316], mVisible=false, mInsetsRoundedCornerFrame=false} } host=com.arpalus.planogramcompliance/com.unity3d.player.UnityPlayerActivity from=android.view.ViewRootImpl$ViewRootHandler.handleMessageImpl:6727
12-26 18:15:18.372  1542  1542 I SurfaceFlinger: [df5b3b2 com.arpalus.planogramcompliance/com.unity3d.player.UnityPlayerActivity#61390] FrameRatePriority: 1
12-26 18:15:18.374  3068  3068 D NavigationBar: onSystemBarAttributesChanged() -  displayId:0, appearance:20, packageName: com.arpalus.planogramcompliance (APPEARANCE_LOW_PROFILE_BARS APPEARANCE_LIGHT_NAVIGATION_BARS ), navbarColorManagedByIme:false
12-26 18:15:18.375  3068  3068 D NavigationBar: onSystemBarAttributesChanged() -  displayId:0, appearance:4, packageName: com.arpalus.planogramcompliance (APPEARANCE_LOW_PROFILE_BARS ), navbarColorManagedByIme:false
12-26 18:15:18.375  3068  3068 D SamsungLightBarControlHelper: updateNavigation(White button) isLightBar:false, hasLightBarNavigationBarFlag:false, packageName:com.arpalus.planogramcompliance, DirectReplying:false, NavBarColorManagerdByIme:false, ForceDarkForScrim:false, QsCustomizing:false, PanelHasWhiteBg:true
12-26 18:15:18.376 31273 31273 I MSHandlerLifeCycle: check: return. Multi-window not supported pkg=com.arpalus.planogramcompliance
12-26 18:15:18.377  1542  1542 D SurfaceFlinger:      DEVICE | 0xb40000735bcc3c70 | 0102 | 0x0000115    |    0.0    0.0 1080.0 2241.0 |    0    0 1080 2316 | SurfaceView[com.arpalus.planogramcom[...].UnityPlayerActivity]@0(BLAST)#61396
12-26 18:15:18.377  2249  2357 D SGM:FgCheckThread: noteResumeComponent(), received pkgName: com.arpalus.planogramcompliance, userId: 0
12-26 18:15:18.377  2249  2853 D SGM:FgCheckThread: onLooperPrepared(), msg: MSG_APP_RESUME, pkgName: com.arpalus.planogramcompliance, userid: 0
12-26 18:15:18.378  2249  2357 D SGM:GameManager: identifyGamePackage. com.arpalus.planogramcompliance, mCurrentUserId: 0, callerUserId: 0, callingMethodInfo: com.android.server.ssrm.SortingMachine.isGame(SortingMachine.java:162)
12-26 18:15:18.378  2249  2357 D SGM:PkgDataHelper: getGamePkgData(). com.arpalus.planogramcompliance
12-26 18:15:18.379  2249  2357 D SGM:GameManager: identifyGamePackage. com.arpalus.planogramcompliance, mCurrentUserId: 0, callerUserId: 0, callingMethodInfo: com.samsung.android.game.SemGameManager.isGamePackage(SemGameManager.java:104)
12-26 18:15:18.379  2249  2357 D SGM:PkgDataHelper: getGamePkgData(). com.arpalus.planogramcompliance
12-26 18:15:18.379  2249  2357 D SGM:SemGameManager: isGamePackage(), pkgName=com.arpalus.planogramcompliance, ret=false
12-26 18:15:18.381  2249  6464 D InputDispatcher: Focus entered window (0): df5b3b2 com.arpalus.planogramcompliance/com.unity3d.player.UnityPlayerActivity
12-26 18:15:18.384  2249  3591 V WindowManager: Relayout Window{df5b3b2 u0 com.arpalus.planogramcompliance/com.unity3d.player.UnityPlayerActivity}: viewVisibility=0 req=1080x2316 d0
12-26 18:15:18.386  2249  2357 I GameSDK@LifeCycle: noteResumeComponent(): package name  : com.arpalus.planogramcompliance
12-26 18:15:18.388 31273 31273 I ViewRootImpl@ba85abe[UnityPlayerActivity]: updateBoundsLayer: t = android.view.SurfaceControl$Transaction@9c372fc sc = Surface(name=Bounds for - com.arpalus.planogramcompliance/com.unity3d.player.UnityPlayerActivity@0)/@0x28ed85 frame = 9
12-26 18:15:18.388  7086  7086 E TrayStateController: java.lang.IllegalArgumentException: Unknown authority com.samsung.systemui.navillera.navilleraprovider
12-26 18:15:18.389 31273 31273 I ViewRootImpl@ba85abe[UnityPlayerActivity]: Drawing: package:com.arpalus.planogramcompliance, metrics=DisplayMetrics{density=2.8125, width=1080, height=2106, scaledDensity=3.6562498, xdpi=375.78073, ydpi=377.09174}, compatibilityInfo={450dpi always-compat}
12-26 18:15:18.394  1542  1542 D SurfaceFlinger:      DEVICE | 0xb40000735bcc3c70 | 0102 | 0x0000115    |    0.0    0.0 1080.0 2241.0 |    0    0 1080 2316 | SurfaceView[com.arpalus.planogramcom[...].UnityPlayerActivity]@0(BLAST)#61396
12-26 18:15:18.405 32224 32224 I GoogleInputMethodService: GoogleInputMethodService.onStartInput():1909 onStartInput(EditorInfo{inputType=0x0(NULL) imeOptions=0x0 privateImeOptions=null actionName=UNSPECIFIED actionLabel=null actionId=0 initialSelStart=-1 initialSelEnd=-1 initialCapsMode=0x0 hintText=null label=null packageName=com.arpalus.planogramcompliance fieldId=2130771971 fieldName=null extras=Bundle[{displayId=0}] hintLocales=[]}, false)
12-26 18:15:18.407  1542  1542 D SurfaceFlinger:      DEVICE | 0xb40000735bcc3c70 | 0102 | 0x0000115    |    0.0    0.0 1080.0 2241.0 |    0    0 1080 2316 | SurfaceView[com.arpalus.planogramcom[...].UnityPlayerActivity]@0(BLAST)#61396
12-26 18:15:18.419  1510  3327 I AudioPolicyEffectException: MySpaceHandler::checkDetachCondition media 1, ring 0, mp 0
12-26 18:15:18.419  1510  3327 I AudioPolicyEffectException: MySpace detach value 1
12-26 18:15:18.422  7086  7086 I ActivityUtils: HomePackage : com.sec.android.app.launcher, resumePackageName : com.arpalus.planogramcompliance
12-26 18:15:18.425 11483 11483 I BWU@AudioPlaybackControlManager: Ph_com.arpalus.planogramcompliance is now playing [main] 
12-26 18:15:18.443  2249  3033 I Pageboost: Prefetch Hit! : com.arpalus.planogramcompliance
12-26 18:15:18.466  6124  6155 I [AirCmd]_ActivitySwitchDetector: onTaskStackChanged : componentName - ComponentInfo{com.arpalus.planogramcompliance/com.unity3d.player.UnityPlayerActivity}
12-26 18:15:18.466  6124  6155 I [AirCmd]_ActivitySwitchDetector: onTaskStackChanged : mTopMostActivity - ComponentInfo{com.arpalus.planogramcompliance/com.unity3d.player.UnityPlayerActivity}
12-26 18:15:18.481  1542  1542 D SurfaceFlinger:      DEVICE | 0xb40000735bcc3c70 | 0102 | 0x0000115    |    0.0    0.0 1080.0 2241.0 |    0    0 1080 2316 | SurfaceView[com.arpalus.planogramcom[...].UnityPlayerActivity]@0(BLAST)#61396
12-26 18:15:18.515 31273 31357 I CameraManagerGlobal: Camera 0 facing CAMERA_FACING_BACK state now CAMERA_STATE_CLOSED for client com.arpalus.planogramcompliance API Level 2User Id 0
12-26 18:15:18.537  2249  3344 D MdnieScenarioControlService:  packageName : com.arpalus.planogramcompliance    className : com.unity3d.player.UnityPlayerActivity
12-26 18:15:18.585  1826  5315 I CameraService: CameraService::connect call (PID -1 "com.arpalus.planogramcompliance", camera ID 0) and Camera API version 2
12-26 18:15:18.585  1826  5315 I CameraService: isUidActiveLocked E: uid 10638, callingPackage com.arpalus.planogramcompliance, isRegistered true
12-26 18:15:18.585  1826  5315 I CameraService: isUidActiveLocked X: uid 10638, callingPackage com.arpalus.planogramcompliance, isActive true.
12-26 18:15:18.586  1826  5315 I CameraService: CameraService::validateClientPermissionsLocked is ok : calling pid 31273, calling uid 10638, client com.arpalus.planogramcompliance , cameraservice pid=1826, device user 0, currently allowed device users: 0
12-26 18:15:18.586  1826  5315 I Camera2ClientBase: Camera 0: Opened. Client: com.arpalus.planogramcompliance (PID 31273, UID 10638)
12-26 18:15:18.586  1826  5315 I CameraService: isNoSALoggingPackage: com.arpalus.planogramcompliance is a third party package.
12-26 18:15:18.586  1826  5315 I CameraService: service.camera.client set to com.arpalus.planogramcompliance
12-26 18:15:18.587  1826  5315 I CameraService: startCameraOps: Start camera ops, package name = com.arpalus.planogramcompliance, client UID = 10638
12-26 18:15:18.610  1462  1462 I Unihal  : UniHal3InterfaceEntry.cpp: uni_set_parameters: 456: set_parameters : pkgName=com.arpalus.planogramcompliance;
12-26 18:15:18.611  1826  5315 I CameraService: connectHelper: Skip Request Injector ExtraRequests to new client(com.arpalus.planogramcompliance)
12-26 18:15:18.611  1826  5315 I CameraServiceProxyWrapper: updateProxyDeviceState: notifyCameraState for Camera ID 0, newState 0, facing 0, clientName com.arpalus.planogramcompliance, apiLevel 2
12-26 18:15:18.611  2249  6464 I CameraManagerGlobal: Camera 0 facing CAMERA_FACING_BACK state now CAMERA_STATE_OPEN for client com.arpalus.planogramcompliance API Level 2User Id 0
12-26 18:15:18.611  3423 30170 I CameraManagerGlobal: Camera 0 facing CAMERA_FACING_BACK state now CAMERA_STATE_OPEN for client com.arpalus.planogramcompliance API Level 2User Id 0
12-26 18:15:18.611  6372 11034 I CameraManagerGlobal: Camera 0 facing CAMERA_FACING_BACK state now CAMERA_STATE_OPEN for client com.arpalus.planogramcompliance API Level 2User Id 0
12-26 18:15:18.611 19317 19331 I CameraManagerGlobal: Camera 0 facing CAMERA_FACING_BACK state now CAMERA_STATE_OPEN for client com.arpalus.planogramcompliance API Level 2User Id 0
12-26 18:15:18.611  6124 12664 I CameraManagerGlobal: Camera 0 facing CAMERA_FACING_BACK state now CAMERA_STATE_OPEN for client com.arpalus.planogramcompliance API Level 2User Id 0
12-26 18:15:18.611  3068  4139 I CameraManagerGlobal: Camera 0 facing CAMERA_FACING_BACK state now CAMERA_STATE_OPEN for client com.arpalus.planogramcompliance API Level 2User Id 0
12-26 18:15:18.612  1826  5315 I CameraService: isNoSALoggingPackage: com.arpalus.planogramcompliance is a third party package.
12-26 18:15:18.612 31273 31357 I CameraManagerGlobal: Camera 0 facing CAMERA_FACING_BACK state now CAMERA_STATE_OPEN for client com.arpalus.planogramcompliance API Level 2User Id 0
12-26 18:15:18.613 26800 26826 I CameraManagerGlobal: Camera 0 facing CAMERA_FACING_BACK state now CAMERA_STATE_OPEN for client com.arpalus.planogramcompliance API Level 2User Id 0
12-26 18:15:18.656  2249  3097 D LocationManagerService: fused provider added registration from 10638/com.arpalus.planogramcompliance/764ACEB5 -> Request[@0 BALANCED, minUpdateDistance=10.0, WorkSource{10638 com.arpalus.planogramcompliance}]
12-26 18:15:18.657  2249  3097 D LocationManagerService: gps provider added registration from 10638/com.arpalus.planogramcompliance/764ACEB5 -> Request[@0 HIGH_ACCURACY, minUpdateDistance=10.0, WorkSource{10638 com.arpalus.planogramcompliance}]
12-26 18:15:18.659  2249  4987 D LocationManagerService: passive provider added registration from 10638/com.arpalus.planogramcompliance/764ACEB5 -> Request[PASSIVE, minUpdateInterval=0, minUpdateDistance=10.0, WorkSource{10638 com.arpalus.planogramcompliance}]
12-26 18:15:18.659  2249  2915 D GnssLocationProvider: setRequest ProviderRequest[@0, HIGH_ACCURACY, WorkSource{10638 com.arpalus.planogramcompliance}]
12-26 18:15:18.660  4191  4266 E RequestManager_FLP: [LocationManager] Location request 764ACEB5(Listener) fused interval=0ms (min=0ms) from com.arpalus.planogramcompliance (10638_FINE_fg_true_foreground)
12-26 18:15:18.661  4191  4266 W ListenerMonitor_FLP: Failed to add listener, packageUid=com.arpalus.planogramcompliance_10638 / listener=764ACEB5
12-26 18:15:18.661  4191  4266 E RequestManager_FLP: [LocationManager] Location request 764ACEB5(Listener) gps interval=0ms (min=0ms) from com.arpalus.planogramcompliance (10638_FINE_fg_true_foreground)
12-26 18:15:18.661  4191  4266 W ListenerMonitor_FLP: Failed to add listener, packageUid=com.arpalus.planogramcompliance_10638 / listener=764ACEB5
12-26 18:15:18.661  4191  4266 E RequestManager_FLP: [LocationManager] Location request 764ACEB5(Listener) passive (min=0ms) from com.arpalus.planogramcompliance (10638_FINE_fg_true_foreground)
12-26 18:15:18.663  2249  3097 D LocationManagerService: network provider added registration from 10638/com.arpalus.planogramcompliance/764ACEB5 -> Request[@0 BALANCED, minUpdateDistance=10.0, WorkSource{10638 com.arpalus.planogramcompliance}]
12-26 18:15:18.667  4191  4266 W ListenerMonitor_FLP: Failed to add listener, packageUid=com.arpalus.planogramcompliance_10638 / listener=764ACEB5
12-26 18:15:18.667  4191  4266 E RequestManager_FLP: [LocationManager] Location request 764ACEB5(Listener) network interval=0ms (min=0ms) from com.arpalus.planogramcompliance (10638_FINE_fg_true_foreground)
12-26 18:15:18.668  4191  4266 I SettingManager_FLP: Location icon is enabled by com.arpalus.planogramcompliance(10638)
12-26 18:15:18.671  4191  4266 I NlpMonitor_FLP: monitorNlp, package=com.arpalus.planogramcompliance/ interval=0
12-26 18:15:18.673  2249  3097 V LocationManagerService: passive provider registration 10638/com.arpalus.planogramcompliance/764ACEB5 dropped delivery - too close
12-26 18:15:18.681  4191  4266 I AppState_FLP: Success to save #0 snapshot in appStateMap, time=986199977 / appList=com.arpalus.planogramcompliance_gps_0_1
12-26 18:15:18.681  1542  1542 D SurfaceFlinger:      DEVICE | 0xb40000735bcd4cb0 | 0102 | 0x0000115    |    0.0    0.0 1080.0 2316.0 |    0    0 1080 2316 | SurfaceView[com.arpalus.planogramcom[...].UnityPlayerActivity]@0(BLAST)#61396
12-26 18:15:18.697  6124  6124 I [AirCmd]_RemoteSpenMainController: hasGeneralAction : packageName is com.arpalus.planogramcompliance, activityName is com.unity3d.player.UnityPlayerActivity, hasActions is false
12-26 18:15:18.708 31273 31273 D InsetsController: cancelAnimation of types: 2, animType: 1, host: com.arpalus.planogramcompliance/com.unity3d.player.UnityPlayerActivity, from:android.view.InsetsController.notifyFinished:1375 android.view.InsetsAnimationThreadControlRunner$1.lambda$notifyFinished$0$android-view-InsetsAnimationThreadControlRunner$1:84 android.view.InsetsAnimationThreadControlRunner$1$$ExternalSyntheticLambda1.run:4 
12-26 18:15:18.720 15132 31241 W SemanticLocation: com.google.android.gms.auth.UserRecoverableAuthException: BadAuthentication
12-26 18:15:18.751 31273 31314 I Unity   : A>> 3 [04:15:18.751159]  GPS: Location: (31.72, 35.17, 908.00), accuracy: (20.00, 20.00)
12-26 18:15:18.752  2249  3591 D LocationManagerService: passive provider removed registration from 10638/com.arpalus.planogramcompliance/764ACEB5
12-26 18:15:18.752  2249  3591 D LocationManagerService: network provider removed registration from 10638/com.arpalus.planogramcompliance/764ACEB5
12-26 18:15:18.753  2249  3591 D LocationManagerService: fused provider removed registration from 10638/com.arpalus.planogramcompliance/764ACEB5
12-26 18:15:18.753  2249  3591 D LocationManagerService: gps provider removed registration from 10638/com.arpalus.planogramcompliance/764ACEB5
12-26 18:15:18.753  4191  4266 E RequestManager_FLP: [LocationManager] Location remove 764ACEB5 from com.arpalus.planogramcompliance
12-26 18:15:18.755  4191  4266 E RequestManager_FLP: [LocationManager] Location remove 764ACEB5 from com.arpalus.planogramcompliance
12-26 18:15:18.758  4191  4266 E RequestManager_FLP: [LocationManager] Location remove 764ACEB5 from com.arpalus.planogramcompliance
12-26 18:15:18.758  4191  4266 E RequestManager_FLP: [LocationManager] Location remove 764ACEB5 from com.arpalus.planogramcompliance
12-26 18:15:18.902  2249  2357 D SGM:GameManager: identifyForegroundApp. com.arpalus.planogramcompliance, mCurrentUserId: 0, callerUserId: 0
12-26 18:15:18.902  2249  2357 D SGM:PkgDataHelper: getGamePkgData(). com.arpalus.planogramcompliance
12-26 18:15:18.924  1826 31550 I CameraService: startCameraStreamingOps: Start camera streaming ops, package name = com.arpalus.planogramcompliance, client UID = 10638
12-26 18:15:18.925  1826 31550 I CameraServiceProxyWrapper: updateProxyDeviceState: notifyCameraState for Camera ID 0, newState 1, facing 0, clientName com.arpalus.planogramcompliance, apiLevel 2
12-26 18:15:18.925  2249  4987 I CameraService_proxy: wmi.addRefreshRateRangeForPackage minFPS = 30.000002, maxFPS = 60.0, clientName = com.arpalus.planogramcompliance
12-26 18:15:18.926  2249  3097 I CameraManagerGlobal: Camera 0 facing CAMERA_FACING_BACK state now CAMERA_STATE_ACTIVE for client com.arpalus.planogramcompliance API Level 2User Id 0
12-26 18:15:18.926 19317 19331 I CameraManagerGlobal: Camera 0 facing CAMERA_FACING_BACK state now CAMERA_STATE_ACTIVE for client com.arpalus.planogramcompliance API Level 2User Id 0
12-26 18:15:18.926 26800 26826 I CameraManagerGlobal: Camera 0 facing CAMERA_FACING_BACK state now CAMERA_STATE_ACTIVE for client com.arpalus.planogramcompliance API Level 2User Id 0
12-26 18:15:18.926  3423 30170 I CameraManagerGlobal: Camera 0 facing CAMERA_FACING_BACK state now CAMERA_STATE_ACTIVE for client com.arpalus.planogramcompliance API Level 2User Id 0
12-26 18:15:18.926  6124 12664 I CameraManagerGlobal: Camera 0 facing CAMERA_FACING_BACK state now CAMERA_STATE_ACTIVE for client com.arpalus.planogramcompliance API Level 2User Id 0
12-26 18:15:18.926  6372 11034 I CameraManagerGlobal: Camera 0 facing CAMERA_FACING_BACK state now CAMERA_STATE_ACTIVE for client com.arpalus.planogramcompliance API Level 2User Id 0
12-26 18:15:18.926 31273 31517 I CameraManagerGlobal: Camera 0 facing CAMERA_FACING_BACK state now CAMERA_STATE_ACTIVE for client com.arpalus.planogramcompliance API Level 2User Id 0
12-26 18:15:18.926  3068  3084 I CameraManagerGlobal: Camera 0 facing CAMERA_FACING_BACK state now CAMERA_STATE_ACTIVE for client com.arpalus.planogramcompliance API Level 2User Id 0
12-26 18:15:18.930  1542  1542 I LayerHistory: com.arpalus.planogramcompliance/com.unity3d.player.UnityPlayerActivity$_31273#61391 Max (can't resolve refresh rate)
12-26 18:15:18.931  1542  1542 I LayerHistory: SurfaceView[com.arpalus.planogramcompliance/com.unity3d.player.UnityPlayerActivity]@0(BLAST)#61396 Max (can't resolve refresh rate)
