12-26 18:15:10.071  2249  2355 D WindowManager: requestTransientBars: swipeTarget=Window{945ec14 u0 NavigationBar0}, controlTarget=Window{6280746 u0 com.arpalus.planogramcompliance/com.unity3d.player.UnityPlayerActivity}, canShowTransient=true, restorePositionTypes=0x0, from=com.android.server.wm.DisplayPolicy.-$$Nest$mrequestTransientBars:0 com.android.server.wm.DisplayPolicy$1.onSwipeFromBottom:608 
12-26 18:15:10.139  1542  1542 D SurfaceFlinger:      DEVICE | 0xb40000735bcd8100 | 0102 | 0x0000115    |    0.0    0.0 1080.0 2316.0 |    0    0 1080 2316 | SurfaceView[com.arpalus.planogramcom[...].UnityPlayerActivity]@0(BLAST)#61348
12-26 18:15:10.155  1542  1542 D SurfaceFlinger:      DEVICE | 0xb40000735bcd7ad0 | 0102 | 0x0000115    |    0.0    0.0 1080.0 2316.0 |    0    0 1080 2316 | SurfaceView[com.arpalus.planogramcom[...].UnityPlayerActivity]@0(BLAST)#61348
12-26 18:15:10.172  2249  2249 D SGM:GameManager: identifyGamePackage. com.arpalus.planogramcompliance, mCurrentUserId: 0, callerUserId: 0, callingMethodInfo: com.android.server.ssrm.fgapps.GameAppUtils.isGame(GameAppUtils.java:84)
12-26 18:15:10.172  2249  2249 D SGM:PkgDataHelper: getGamePkgData(). com.arpalus.planogramcompliance
12-26 18:15:10.173  1542  1542 D SurfaceFlinger:      DEVICE | 0xb40000735bcd7ad0 | 0102 | 0x0000115    |    0.0    0.0 1080.0 2316.0 |    0    0 1080 2316 | SurfaceView[com.arpalus.planogramcom[...].UnityPlayerActivity]@0(BLAST)#61348
12-26 18:15:10.181  2249  2249 D SGM:GameManager: identifyGamePackage. com.arpalus.planogramcompliance, mCurrentUserId: 0, callerUserId: 0, callingMethodInfo: com.android.server.ssrm.fgapps.GameAppUtils.isGame(GameAppUtils.java:84)
12-26 18:15:10.181  2249  2249 D SGM:PkgDataHelper: getGamePkgData(). com.arpalus.planogramcompliance
12-26 18:15:10.181  2249  2249 D SGM:GameManager: identifyGamePackage. com.arpalus.planogramcompliance, mCurrentUserId: 0, callerUserId: 0, callingMethodInfo: com.android.server.ssrm.fgapps.GameAppUtils.isGame(GameAppUtils.java:84)
12-26 18:15:10.181  2249  2249 D SGM:PkgDataHelper: getGamePkgData(). com.arpalus.planogramcompliance
12-26 18:15:10.756  3594  3594 I TopTaskTracker: getCachedTopTask : tasks = [TaskInfo{userId=0 taskId=8195 displayId=0 isRunning=true baseIntent=Intent { act=android.intent.action.MAIN cat=[android.intent.category.LAUNCHER] flg=0x10200000 cmp=com.arpalus.planogramcompliance/com.unity3d.player.UnityPlayerActivity } baseActivity=ComponentInfo{com.arpalus.planogramcompliance/com.unity3d.player.UnityPlayerActivity} topActivity=ComponentInfo{com.arpalus.planogramcompliance/com.unity3d.player.UnityPlayerActivity} origActivity=null realActivity=ComponentInfo{com.arpalus.planogramcompliance/com.unity3d.player.UnityPlayerActivity} numActivities=1 lastActiveTime=986163137 supportsSplitScreenMultiWindow=false supportsMultiWindow=false resizeMode=0 isResizeable=false minWidth=-1 minHeight=-1 defaultMinSize=220 token=WCT{android.window.IWindowContainerToken$Stub$Proxy@44efaff} topActivityType=1 pictureInPictureParams=null shouldDockBigOverlays=false launchIntoPipHostTaskId=0 displayCutoutSafeInsets=Rect(0, 75 - 0, 0) topActivityInfo=ActivityInfo{654c0cc com.unity3d.player.UnityPlayerActivity} launchCookies=[com.android.launcher3.util.ObjectWrapper@e9c6f15] positionInParent=Point(0, 0) parentTaskId=-1 isFocused=false isVisible=false isSleeping=false topActivityInSizeCompat=false topActivityEligibleForLetterboxEducation= false locusId=null displayAreaFeatureId=1 cameraCompatControlState=hidden originallySupportedSplitScreen=false hasWallpaper=false isTopTransparentActivity=false topActivityInFixedAspectRatio=false topActivityInDisplayCompat=false topActivityInBoundsCompat=false topActivityBounds=null}, TaskInfo{userId=0 taskId=7478 displayId=0 isRunning=true baseIntent=Intent { act=android.intent.action.MAIN cat=[android.intent.category.HOME] flg=0x10000100 cmp=com.sec.android.app.launcher/.activities.LauncherActivity } baseActivity=ComponentInfo{com.sec.android.app.launcher/com.sec.android.app.launcher.activities.LauncherActivity} topActivity=ComponentInfo{com.sec.android.app.launcher/com.android.launcher3.uioverrides.QuickstepLauncher} origActivity=ComponentInfo{com.sec.android.app.launcher/com.sec.android.app.launcher.activities.LauncherActivity} realActivity=ComponentInfo{com.sec.android.app.launcher/com.android.launcher3.uioverrides.QuickstepLauncher} numActivities=1 lastActiveTime=985983153 supportsSplitScreenMultiWindow=true supportsMultiWindow=true resizeMode=2 isResizeable=true minWidth=-1 minHeight=-1 defaultMinSize=220 token=WCT{android.window.IWindowContainerToken$Stub$Proxy@a29ab07} topActivityType=2 pictureInPictureParams=null shouldDockBigOverlays=false launchIntoPipHostTaskId=0 displayCutoutSafeInsets=Rect(0, 75 - 0, 0) topActivityInfo=ActivityInfo{4442434 com.sec.android.app.launcher.activities.LauncherActivity} launchCookies=[] positionInParent=Point(0, 0) parentTaskId=-1 isFocused=false isVisible=false isSleeping=false topActivityInSizeCompat=false topActivityEligibleForLetterboxEducation= false locusId=LocusId[17_chars] displayAreaFeatureId=1 cameraCompatControlState=hidden originallySupportedSplitScreen=true hasWallpaper=false isTopTransparentActivity=false topActivityInFixedAspectRatio=false topActivityInDisplayCompat=false topActivityInBoundsCompat=false topActivityBounds=null}]
12-26 18:15:10.767  3594  3594 I ApplyLoadPlanOperationImpl: taskId = 8195, ComponentInfo{com.arpalus.planogramcompliance/com.unity3d.player.UnityPlayerActivity} ]
12-26 18:15:10.770  2249  6395 D WindowManager: Moved rootTask=Task{b5c5345 #1 type=home ?? U=0 visible=false visibleRequested=false mode=fullscreen translucent=true sz=1} behind rootTask=Task{6e0e39b #8195 type=standard A=10638:com.arpalus.planogramcompliance U=0 visible=true visibleRequested=true mode=fullscreen translucent=false sz=1}
12-26 18:15:10.785  1542  1542 D SurfaceFlinger:      DEVICE | 0xb40000735bcd7ad0 | 0102 | 0x0000115    |    0.0    0.0 1080.0 2316.0 |    0    0 1080 2316 | SurfaceView[com.arpalus.planogramcom[...].UnityPlayerActivity]@0(BLAST)#61348
12-26 18:15:10.801  3594 11190 I AppIconSolution: getThemeIconWithBG called with public API, pkg = com.arpalus.planogramcompliance, mode = 48
12-26 18:15:10.803  3594 11190 I AppIconSolution: start to load, pkg=com.arpalus.planogramcompliance, bg=192-192, dr=135-135, forDefault=true, density=450
12-26 18:15:10.803  3594 11190 I AppIconSolution: getIconScale, pkg=com.arpalus.planogramcompliance, size=135, iconScale=IconScale[alpha=0, scale=1.0, isCrop=true]
12-26 18:15:10.807  3594 11190 I AppIconSolution: default container[CROP], pkg=com.arpalus.planogramcompliance, bg=135-135, dr=135-135, isNight = false
12-26 18:15:10.808  1542  1542 I LayerHistory: SurfaceView[com.arpalus.planogramcompliance/com.unity3d.player.UnityPlayerActivity]@0(BLAST)#61348 Max (can't resolve refresh rate)
12-26 18:15:10.814  3594 11190 I LauncherActivityInfo: packageName: com.arpalus.planogramcompliance, useThemeIcon: false, height: 135, width: 135, density: 450
12-26 18:15:10.821  3594  3884 I SuggestedItemsFacade: filteredItem : com.arpalus.planogramcompliance/com.unity3d.player.UnityPlayerActivity#0
12-26 18:15:10.821  3594  3884 I SuggestedItemsFacade: item removed by filter - com.arpalus.planogramcompliance
12-26 18:15:10.825  2249  4345 D SGM:GameManager: identifyForegroundApp. com.arpalus.planogramcompliance, mCurrentUserId: 0, callerUserId: 0
12-26 18:15:10.825  2249  4345 D SGM:PkgDataHelper: getGamePkgData(). com.arpalus.planogramcompliance
12-26 18:15:10.832  2249  6305 D SGM:GameManager: identifyGamePackage. com.arpalus.planogramcompliance, mCurrentUserId: 0, callerUserId: 0, callingMethodInfo: com.samsung.android.game.IGameManagerService$Stub.onTransact(IGameManagerService.java:233)
12-26 18:15:10.832  2249  6305 D SGM:PkgDataHelper: getGamePkgData(). com.arpalus.planogramcompliance
12-26 18:15:10.842  1542  1542 D SurfaceFlinger:      CLIENT | 0xb40000735bcd12c0 | 0102 | 0x0000115    |    0.0    0.0 1080.0 2316.0 |    0    0 1080 2316 | SurfaceView[com.arpalus.planogramcom[...].UnityPlayerActivity]@0(BLAST)#61348
12-26 18:15:10.844  2249  3928 D InputDispatcher: Focus left window (0): 6280746 com.arpalus.planogramcompliance/com.unity3d.player.UnityPlayerActivity
12-26 18:15:10.892  2249  6459 D ActivityTaskManager: setCanAffectSystemUiFlags: false for Task{6e0e39b #8195 type=standard A=10638:com.arpalus.planogramcompliance U=0 visible=true visibleRequested=true mode=fullscreen translucent=false sz=1} from com.android.server.wm.RecentsAnimationController$3.setAnimationTargetsBehindSystemBars:342 android.view.IRecentsAnimationController$Stub.onTransact:317 android.os.Binder.execTransactInternal:1316 android.os.Binder.execTransact:1280 <bottom of call stack> <bottom of call stack> <bottom of call stack> <bottom of call stack> <bottom of call stack> <bottom of call stack> 
12-26 18:15:10.931  2249  3344 D MdnieScenarioControlService:  packageName : com.arpalus.planogramcompliance    className : com.unity3d.player.UnityPlayerActivity
12-26 18:15:11.195  2249  6459 D ActivityTaskManager: setCanAffectSystemUiFlags: true for Task{6e0e39b #8195 type=standard A=10638:com.arpalus.planogramcompliance U=0 visible=true visibleRequested=true mode=fullscreen translucent=false sz=1} from com.android.server.wm.RecentsAnimationController$TaskAnimationAdapter.onRemove:1448 com.android.server.wm.RecentsAnimationController.removeAnimation:612 com.android.server.wm.RecentsAnimationController.cleanupAnimation:1080 com.android.server.wm.WindowManagerService.cleanupRecentsAnimation:3500 com.android.server.wm.RecentsAnimation.lambda$finishAnimation$0:354 com.android.server.wm.RecentsAnimation.$r8$lambda$I2tOJ5Vj5ug_uSlyaHOonygt-D0:0 com.android.server.wm.RecentsAnimation$$ExternalSyntheticLambda2.run:8 com.android.server.wm.WindowManagerService.inSurfaceTransaction:9606 com.android.server.wm.RecentsAnimation.finishAnimation:344 com.android.server.wm.RecentsAnimation.onAnimationFinished:471 
12-26 18:15:11.196  2249  6459 D WindowManager: onAnimationFinished(): targetRootTask=Task{b5c5345 #1 type=home ?? U=0 visible=false visibleRequested=true mode=fullscreen translucent=false sz=1} targetActivity=ActivityRecord{3acee51 u0 com.sec.android.app.launcher/.activities.LauncherActivity} t7478} mRestoreTargetBehindRootTask=Task{6e0e39b #8195 type=standard A=10638:com.arpalus.planogramcompliance U=0 visible=true visibleRequested=true mode=fullscreen translucent=false sz=1}
12-26 18:15:11.196  2249  6459 V WindowManager: Changing focus from Window{6280746 u0 com.arpalus.planogramcompliance/com.unity3d.player.UnityPlayerActivity} to Window{2a1afae u0 com.sec.android.app.launcher/com.sec.android.app.launcher.activities.LauncherActivity} displayId=0 Callers=com.android.server.wm.RootWindowContainer.updateFocusedWindowLocked:595 com.android.server.wm.WindowManagerService.updateFocusedWindowLocked:6803 com.android.server.wm.DisplayContent.layoutAndAssignWindowLayersIfNeeded:4794 com.android.server.wm.TaskDisplayArea.positionChildTaskAt:587 
12-26 18:15:11.200  2249  6459 D ActivityTaskManager: scheduleTopResumedActivityChanged, onTop=false r=ActivityRecord{3eea020 u0 com.arpalus.planogramcompliance/com.unity3d.player.UnityPlayerActivity} t8195} caller=com.android.server.wm.ActivityTaskSupervisor.updateTopResumedActivityIfNeeded:2510 com.android.server.wm.TaskDisplayArea.positionChildTaskAt:602 com.android.server.wm.TaskDisplayArea.positionChildAt:537 com.android.server.wm.Task.moveToFrontInner:6053 com.android.server.wm.Task.moveToFront:6019 com.android.server.wm.Task.moveToFront:5953 
12-26 18:15:11.209  7086  7086 E TrayStateController: java.lang.IllegalArgumentException: Unknown authority com.samsung.systemui.navillera.navilleraprovider
12-26 18:15:11.214  2249  6459 V WindowManager: Setting visibility of Window{6280746 u0 com.arpalus.planogramcompliance/com.unity3d.player.UnityPlayerActivity}: false, caller=com.android.server.wm.WindowContainer.sendAppVisibilityToClients:1246 com.android.server.wm.WindowToken.setClientVisible:431 com.android.server.wm.ActivityRecord.setClientVisible:7691 com.android.server.wm.ActivityRecord.onAnimationFinished:8590 com.android.server.wm.ActivityRecord.postApplyAnimation:6252 
12-26 18:15:11.224  1542  1542 I Layer   : Layer [com.arpalus.planogramcompliance/com.unity3d.player.UnityPlayerActivity$_30674#61343] hidden!! flag(1)
12-26 18:15:11.224  1542  1542 I SurfaceFlinger: [6280746 com.arpalus.planogramcompliance/com.unity3d.player.UnityPlayerActivity#61342] FrameRatePriority: -1
12-26 18:15:11.237  2249  2357 D SGM:FgCheckThread: notePauseComponent(), received pkgName: com.arpalus.planogramcompliance, userId: 0
12-26 18:15:11.257  6124 12664 I [AirCmd]_ActivitySwitchDetector: onTaskFocusChanged : mTopMostActivity - ComponentInfo{com.arpalus.planogramcompliance/com.unity3d.player.UnityPlayerActivity}
12-26 18:15:11.261  6124 12664 I [AirCmd]_RemoteSpenMainController: onSwitch : check hasActions for 3rd party camera app resume state. camera package is com.arpalus.planogramcompliance and camera activity is com.unity3d.player.UnityPlayerActivity whiteApp=false
12-26 18:15:11.375  1826  6601 E CameraDeviceClient: notifyError: pid=30674, errorCode=5, errorStreamId=1, frameNumber=764
12-26 18:15:11.375  1826  6601 E CameraDeviceClient: notifyError: pid=30674, skipClientNotification=false
12-26 18:15:11.376  1826  6601 E CameraDeviceClient: notifyError: pid=30674, errorCode=5, errorStreamId=0, frameNumber=764
12-26 18:15:11.376  1826  6601 E CameraDeviceClient: notifyError: pid=30674, skipClientNotification=false
12-26 18:15:11.377  1826  6601 E CameraDeviceClient: notifyError: pid=30674, errorCode=4, errorStreamId=0, frameNumber=765
12-26 18:15:11.377  1826  6601 E CameraDeviceClient: notifyError: pid=30674, skipClientNotification=false
12-26 18:15:11.378  1826  6601 E Camera3-OutputUtils: Camera 0: notifyError: cannot find in-flight request on frame 764 error
12-26 18:15:11.378  1826  6601 E CameraDeviceClient: notifyError: pid=30674, errorCode=4, errorStreamId=0, frameNumber=764
12-26 18:15:11.378  1826  6601 E CameraDeviceClient: notifyError: pid=30674, skipClientNotification=false
12-26 18:15:11.379  1826  6601 E CameraDeviceClient: notifyError: pid=30674, errorCode=4, errorStreamId=0, frameNumber=766
12-26 18:15:11.379  1826  6601 E CameraDeviceClient: notifyError: pid=30674, skipClientNotification=false
12-26 18:15:11.379  1826  6601 E CameraDeviceClient: notifyError: pid=30674, errorCode=4, errorStreamId=0, frameNumber=767
12-26 18:15:11.379  1826  6601 E CameraDeviceClient: notifyError: pid=30674, skipClientNotification=false
12-26 18:15:11.379  1826  6601 E CameraDeviceClient: notifyError: pid=30674, errorCode=5, errorStreamId=0, frameNumber=765
12-26 18:15:11.379  1826  6601 E CameraDeviceClient: notifyError: pid=30674, skipClientNotification=false
12-26 18:15:11.380  1826  6601 E CameraDeviceClient: notifyError: pid=30674, errorCode=4, errorStreamId=0, frameNumber=768
12-26 18:15:11.380  1826  6601 E CameraDeviceClient: notifyError: pid=30674, skipClientNotification=false
12-26 18:15:11.380  1826  6601 E CameraDeviceClient: notifyError: pid=30674, errorCode=4, errorStreamId=0, frameNumber=769
12-26 18:15:11.380  1826  6601 E CameraDeviceClient: notifyError: pid=30674, skipClientNotification=false
12-26 18:15:11.381  1826  6601 E CameraDeviceClient: notifyError: pid=30674, errorCode=4, errorStreamId=0, frameNumber=770
12-26 18:15:11.381  1826  6601 E CameraDeviceClient: notifyError: pid=30674, skipClientNotification=false
12-26 18:15:11.381  1826  6601 E CameraDeviceClient: notifyError: pid=30674, errorCode=5, errorStreamId=1, frameNumber=765
12-26 18:15:11.381  1826  6601 E CameraDeviceClient: notifyError: pid=30674, skipClientNotification=false
12-26 18:15:11.382  1826  6601 E CameraDeviceClient: notifyError: pid=30674, errorCode=5, errorStreamId=0, frameNumber=766
12-26 18:15:11.382  1826  6601 E CameraDeviceClient: notifyError: pid=30674, skipClientNotification=false
12-26 18:15:11.382  1826  6601 E CameraDeviceClient: notifyError: pid=30674, errorCode=5, errorStreamId=1, frameNumber=766
12-26 18:15:11.382  1826  6601 E CameraDeviceClient: notifyError: pid=30674, skipClientNotification=false
12-26 18:15:11.384  1826  6601 E CameraDeviceClient: notifyError: pid=30674, errorCode=5, errorStreamId=0, frameNumber=767
12-26 18:15:11.384  1826  6601 E CameraDeviceClient: notifyError: pid=30674, skipClientNotification=false
12-26 18:15:11.384  1826  6601 E CameraDeviceClient: notifyError: pid=30674, errorCode=5, errorStreamId=1, frameNumber=767
12-26 18:15:11.384  1826  6601 E CameraDeviceClient: notifyError: pid=30674, skipClientNotification=false
12-26 18:15:11.385  1826  6601 E CameraDeviceClient: notifyError: pid=30674, errorCode=5, errorStreamId=0, frameNumber=768
12-26 18:15:11.385  1826  6601 E CameraDeviceClient: notifyError: pid=30674, skipClientNotification=false
12-26 18:15:11.385  1826  6601 E CameraDeviceClient: notifyError: pid=30674, errorCode=5, errorStreamId=1, frameNumber=768
12-26 18:15:11.385  1826  6601 E CameraDeviceClient: notifyError: pid=30674, skipClientNotification=false
12-26 18:15:11.386  1826  6601 E CameraDeviceClient: notifyError: pid=30674, errorCode=5, errorStreamId=0, frameNumber=769
12-26 18:15:11.386  1826  6601 E CameraDeviceClient: notifyError: pid=30674, skipClientNotification=false
12-26 18:15:11.386  1826  6601 E CameraDeviceClient: notifyError: pid=30674, errorCode=5, errorStreamId=1, frameNumber=769
12-26 18:15:11.386  1826  6601 E CameraDeviceClient: notifyError: pid=30674, skipClientNotification=false
12-26 18:15:11.387  1826  6601 E CameraDeviceClient: notifyError: pid=30674, errorCode=5, errorStreamId=0, frameNumber=770
12-26 18:15:11.387  1826  6601 E CameraDeviceClient: notifyError: pid=30674, skipClientNotification=false
12-26 18:15:11.387  1826  6601 E CameraDeviceClient: notifyError: pid=30674, errorCode=5, errorStreamId=1, frameNumber=770
12-26 18:15:11.387  1826  6601 E CameraDeviceClient: notifyError: pid=30674, skipClientNotification=false
12-26 18:15:11.388  1826 31005 I CameraService: finishCameraStreamingOps: finish camera streaming ops, package name = com.arpalus.planogramcompliance, client UID = 10638
12-26 18:15:11.388  1826 31005 I CameraServiceProxyWrapper: updateProxyDeviceState: notifyCameraState for Camera ID 0, newState 2, facing 0, clientName com.arpalus.planogramcompliance, apiLevel 2
12-26 18:15:11.388  2249  6395 I CameraService_proxy: wmi.removeRefreshRateRangeForPackage clientName = com.arpalus.planogramcompliance
12-26 18:15:11.388  2249  6395 I CameraManagerGlobal: Camera 0 facing CAMERA_FACING_BACK state now CAMERA_STATE_IDLE for client com.arpalus.planogramcompliance API Level 2User Id 0
12-26 18:15:11.389 19317 31238 I CameraManagerGlobal: Camera 0 facing CAMERA_FACING_BACK state now CAMERA_STATE_IDLE for client com.arpalus.planogramcompliance API Level 2User Id 0
12-26 18:15:11.389  3423 23907 I CameraManagerGlobal: Camera 0 facing CAMERA_FACING_BACK state now CAMERA_STATE_IDLE for client com.arpalus.planogramcompliance API Level 2User Id 0
12-26 18:15:11.389 26800 31237 I CameraManagerGlobal: Camera 0 facing CAMERA_FACING_BACK state now CAMERA_STATE_IDLE for client com.arpalus.planogramcompliance API Level 2User Id 0
12-26 18:15:11.389  6372 11034 I CameraManagerGlobal: Camera 0 facing CAMERA_FACING_BACK state now CAMERA_STATE_IDLE for client com.arpalus.planogramcompliance API Level 2User Id 0
12-26 18:15:11.389  6124  6155 I CameraManagerGlobal: Camera 0 facing CAMERA_FACING_BACK state now CAMERA_STATE_IDLE for client com.arpalus.planogramcompliance API Level 2User Id 0
12-26 18:15:11.389  3068  3219 I CameraManagerGlobal: Camera 0 facing CAMERA_FACING_BACK state now CAMERA_STATE_IDLE for client com.arpalus.planogramcompliance API Level 2User Id 0
12-26 18:15:11.389 30674 30976 I CameraManagerGlobal: Camera 0 facing CAMERA_FACING_BACK state now CAMERA_STATE_IDLE for client com.arpalus.planogramcompliance API Level 2User Id 0
12-26 18:15:11.593  1826  5824 I CameraServiceProxyWrapper: updateProxyDeviceState: notifyCameraState for Camera ID 0, newState 3, facing 0, clientName com.arpalus.planogramcompliance, apiLevel 2
12-26 18:15:11.594  1826  5824 I CameraService: finishCameraOps: Finish camera ops, package name = com.arpalus.planogramcompliance, client UID = 10638
12-26 18:15:11.595  3423 23907 I CameraManagerGlobal: Camera 0 facing CAMERA_FACING_BACK state now CAMERA_STATE_CLOSED for client com.arpalus.planogramcompliance API Level 2User Id 0
12-26 18:15:11.595  2249  6314 I CameraManagerGlobal: Camera 0 facing CAMERA_FACING_BACK state now CAMERA_STATE_CLOSED for client com.arpalus.planogramcompliance API Level 2User Id 0
12-26 18:15:11.595  3068  4137 I CameraManagerGlobal: Camera 0 facing CAMERA_FACING_BACK state now CAMERA_STATE_CLOSED for client com.arpalus.planogramcompliance API Level 2User Id 0
12-26 18:15:11.595 26800 31237 I CameraManagerGlobal: Camera 0 facing CAMERA_FACING_BACK state now CAMERA_STATE_CLOSED for client com.arpalus.planogramcompliance API Level 2User Id 0
12-26 18:15:11.595  6124  6155 I CameraManagerGlobal: Camera 0 facing CAMERA_FACING_BACK state now CAMERA_STATE_CLOSED for client com.arpalus.planogramcompliance API Level 2User Id 0
12-26 18:15:11.595 19317 31238 I CameraManagerGlobal: Camera 0 facing CAMERA_FACING_BACK state now CAMERA_STATE_CLOSED for client com.arpalus.planogramcompliance API Level 2User Id 0
12-26 18:15:11.595 30674 30976 I CameraManagerGlobal: Camera 0 facing CAMERA_FACING_BACK state now CAMERA_STATE_CLOSED for client com.arpalus.planogramcompliance API Level 2User Id 0
12-26 18:15:11.596  6372 11034 I CameraManagerGlobal: Camera 0 facing CAMERA_FACING_BACK state now CAMERA_STATE_CLOSED for client com.arpalus.planogramcompliance API Level 2User Id 0
12-26 18:15:11.625 30674 30674 D InsetsController: onStateChanged: InsetsState: {mDisplayFrame=Rect(0, 0 - 1080, 2316), mDisplayCutout=DisplayCutout{insets=Rect(0, 75 - 0, 0) waterfall=Insets{left=0, top=0, right=0, bottom=0} boundingRect={Bounds=[Rect(0, 0 - 0, 0), Rect(692, 0 - 748, 75), Rect(0, 0 - 0, 0), Rect(0, 0 - 0, 0)]} cutoutPathParserInfo={CutoutPathParserInfo{displayWidth=1080 displayHeight=2316 physicalDisplayWidth=1440 physicalDisplayHeight=3088 density={2.8125} cutoutSpec={M 0,0 H -10 V 26.66666666666667 H 10 V 0 H 0 Z @dp} rotation={0} scale={1.0} physicalPixelDisplaySizeRatio={1.0}}}}, mRoundedCorners=RoundedCorners{[RoundedCorner{position=TopLeft, radius=8, center=Point(8, 8)}, RoundedCorner{position=TopRight, radius=8, center=Point(1072, 8)}, RoundedCorner{position=BottomRight, radius=8, center=Point(1072, 2308)}, RoundedCorner{position=BottomLeft, radius=8, center=Point(8, 2308)}]}  mRoundedCornerFrame=Rect(0, 0 - 1080, 2316), mPrivacyIndicatorBounds=PrivacyIndicatorBounds {static bounds=Rect(956, 0 - 1080, 75) rotation=0}, mSources= { InsetsSource: {mType=ITYPE_STATUS_BAR, mFrame=[0,0][1080,75], mVisible=true, mInsetsRoundedCornerFrame=false}, InsetsSource: {mType=ITYPE_NAVIGATION_BAR, mFrame=[0,2181][1080,2316], mVisible=true, mInsetsRoundedCornerFrame=false}, InsetsSource: {mType=ITYPE_LEFT_GESTURES, mFrame=[0,0][0,2316], mVisible=true, mInsetsRoundedCornerFrame=false}, InsetsSource: {mType=ITYPE_RIGHT_GESTURES, mFrame=[1080,0][1080,2316], mVisible=true, mInsetsRoundedCornerFrame=false}, InsetsSource: {mType=ITYPE_TOP_MANDATORY_GESTURES, mFrame=[0,0][1080,109], mVisible=true, mInsetsRoundedCornerFrame=false}, InsetsSource: {mType=ITYPE_BOTTOM_MANDATORY_GESTURES, mFrame=[0,2181][1080,2316], mVisible=true, mInsetsRoundedCornerFrame=false}, InsetsSource: {mType=ITYPE_LEFT_DISPLAY_CUTOUT, mFrame=[0,0][-100000,2316], mVisible=true, mInsetsRoundedCornerFrame=false}, InsetsSource: {mType=ITYPE_TOP_DISPLAY_CUTOUT, mFrame=[0,0][1080,75], mVisible=true, mInsetsRoundedCornerFrame=false}, InsetsSource: {mType=ITYPE_RIGHT_DISPLAY_CUTOUT, mFrame=[100000,0][1080,2316], mVisible=true, mInsetsRoundedCornerFrame=false}, InsetsSource: {mType=ITYPE_BOTTOM_DISPLAY_CUTOUT, mFrame=[0,100000][1080,2316], mVisible=true, mInsetsRoundedCornerFrame=false}, InsetsSource: {mType=ITYPE_TOP_TAPPABLE_ELEMENT, mFrame=[0,0][1080,75], mVisible=true, mInsetsRoundedCornerFrame=false}, InsetsSource: {mType=ITYPE_BOTTOM_TAPPABLE_ELEMENT, mFrame=[0,2181][1080,2316], mVisible=true, mInsetsRoundedCornerFrame=false}, InsetsSource: {mType=ITYPE_IME, mFrame=[0,0][0,0], mVisibleFrame=[0,2181][1080,2316], mVisible=false, mInsetsRoundedCornerFrame=false} } host=com.arpalus.planogramcompliance/com.unity3d.player.UnityPlayerActivity from=android.view.ViewRootImpl$ViewRootHandler.handleMessageImpl:6740
12-26 18:15:11.707  1542  1542 I Layer   : id=61348 removedFromDrawingState SurfaceView[com.arpalus.planogramcompliance/com.unity3d.player.UnityPlayerActivity]@0(BLAST)#61348 (127)
12-26 18:15:11.707  1542  1542 I Layer   : id=61349 removedFromDrawingState Background for SurfaceView[com.arpalus.planogramcompliance/com.unity3d.player.UnityPlayerActivity]@0#61349 (127)
12-26 18:15:11.707  1542  1542 I Layer   : id=61347 removedFromDrawingState SurfaceView[com.arpalus.planogramcompliance/com.unity3d.player.UnityPlayerActivity]@0#61347 (127)
12-26 18:15:11.707  1542  1542 I SurfaceFlinger: id=61349 Removed Background for SurfaceView[com.arpalus.planogramcompliance/com.unity3d.player.UnityPlayerActivity]@0#61349 (127)
12-26 18:15:11.707  1542  1542 I SurfaceFlinger: id=61347 Removed SurfaceView[com.arpalus.planogramcompliance/com.unity3d.player.UnityPlayerActivity]@0#61347 (127)
12-26 18:15:11.707  1542  2372 I SurfaceFlinger: id=61346 Removed Bounds for - com.arpalus.planogramcompliance/com.unity3d.player.UnityPlayerActivity@0#61346 (127)
12-26 18:15:11.707  1542  1542 I SurfaceFlinger: id=61348 Removed SurfaceView[com.arpalus.planogramcompliance/com.unity3d.player.UnityPlayerActivity]@0(BLAST)#61348 (127)
12-26 18:15:11.707  1542  1542 I Layer   : id=61347 Destroyed SurfaceView[com.arpalus.planogramcompliance/com.unity3d.player.UnityPlayerActivity]@0#61347
12-26 18:15:11.707  1542  1542 I Layer   : id=61349 Destroyed Background for SurfaceView[com.arpalus.planogramcompliance/com.unity3d.player.UnityPlayerActivity]@0#61349
12-26 18:15:11.707  1542  1542 I Layer   : id=61348 Destroyed SurfaceView[com.arpalus.planogramcompliance/com.unity3d.player.UnityPlayerActivity]@0(BLAST)#61348
12-26 18:15:11.711 30674 30674 I MSHandlerLifeCycle: check: return. Multi-window not supported pkg=com.arpalus.planogramcompliance
12-26 18:15:11.720  2249  3928 V WindowManager: Relayout Window{6280746 u0 com.arpalus.planogramcompliance/com.unity3d.player.UnityPlayerActivity}: viewVisibility=8 req=1080x2316 d0
12-26 18:15:11.729  2249  3928 E WindowManager: win=Window{6280746 u0 com.arpalus.planogramcompliance/com.unity3d.player.UnityPlayerActivity} destroySurfaces: appStopped=true cleanupOnResume=false win.mWindowRemovalAllowed=false win.mRemoveOnExit=false win.mViewVisibility=8 caller=com.android.server.wm.ActivityRecord.destroySurfaces:6539 com.android.server.wm.ActivityRecord.destroySurfaces:6520 com.android.server.wm.ActivityRecord.notifyAppStopped:6584 com.android.server.wm.ActivityRecord.activityStopped:7172 com.android.server.wm.ActivityClientController.activityStopped:258 android.app.IActivityClientController$Stub.onTransact:613 com.android.server.wm.ActivityClientController.onTransact:136 
12-26 18:15:11.729  2249  3928 I WindowManager: Destroying surface Surface(name=com.arpalus.planogramcompliance/com.unity3d.player.UnityPlayerActivity$_30674)/@0x34dcabf called by com.android.server.wm.WindowStateAnimator.destroySurface:942 com.android.server.wm.WindowStateAnimator.destroySurfaceLocked:536 com.android.server.wm.WindowState.destroySurfaceUnchecked:4306 com.android.server.wm.WindowState.destroySurface:4280 com.android.server.wm.ActivityRecord.destroySurfaces:6539 com.android.server.wm.ActivityRecord.destroySurfaces:6520 com.android.server.wm.ActivityRecord.notifyAppStopped:6584 com.android.server.wm.ActivityRecord.activityStopped:7172 
12-26 18:15:11.730  2249  3928 D ActivityTaskManager: mStartingWindow and mStartingData is null for token=ActivityRecord{3eea020 u0 com.arpalus.planogramcompliance/com.unity3d.player.UnityPlayerActivity} t8195}
12-26 18:15:11.732  1542  1542 I Layer   : id=61343 removedFromDrawingState com.arpalus.planogramcompliance/com.unity3d.player.UnityPlayerActivity$_30674#61343 (124)
12-26 18:15:11.732  1542  1542 I Layer   : id=61346 removedFromDrawingState Bounds for - com.arpalus.planogramcompliance/com.unity3d.player.UnityPlayerActivity@0#61346 (124)
12-26 18:15:11.732  1542  1542 I SurfaceFlinger: id=61343 Removed com.arpalus.planogramcompliance/com.unity3d.player.UnityPlayerActivity$_30674#61343 (124)
12-26 18:15:11.733  1542  1542 I Layer   : id=61343 Destroyed com.arpalus.planogramcompliance/com.unity3d.player.UnityPlayerActivity$_30674#61343
12-26 18:15:11.733  1542  1542 I Layer   : id=61346 Destroyed Bounds for - com.arpalus.planogramcompliance/com.unity3d.player.UnityPlayerActivity@0#61346
12-26 18:15:12.380  2249  2357 I ActivityManager: Killing 30674:com.arpalus.planogramcompliance/u0a638 (adj 850): remove task
12-26 18:15:12.381  2249  2357 D ActivityManager: [SD] user menu kill listen remove action name:com.arpalus.planogramcompliance uid:10638
12-26 18:15:12.567  2249  3794 I WindowManager: WIN DEATH: Window{6280746 u0 com.arpalus.planogramcompliance/com.unity3d.player.UnityPlayerActivity}
12-26 18:15:12.568  2249  3794 W InputManager-JNI: Input channel object '6280746 com.arpalus.planogramcompliance/com.unity3d.player.UnityPlayerActivity (client)' was disposed without first being removed with the input manager!
12-26 18:15:12.568  2249  3794 V WindowManager: Remove Window{6280746 u0 com.arpalus.planogramcompliance/com.unity3d.player.UnityPlayerActivity}: mSurfaceController=null mAnimatingExit=false mRemoveOnExit=false mHasSurface=false surfaceShowing=false animating=false app-animation=false mWillReplaceWindow=false mDisplayFrozen=false callers=com.android.server.wm.WindowState.-$$Nest$mremoveIfPossible:0 com.android.server.wm.WindowState$DeathRecipient.binderDied:3808 android.os.IBinder$DeathRecipient.binderDied:323 android.os.BinderProxy.sendDeathNotice:781 <bottom of call stack> <bottom of call stack> 
12-26 18:15:12.570  1826  6692 I Camera2ClientBase: Closed Camera 0. Client was: com.arpalus.planogramcompliance (PID 30674, UID 10638)
12-26 18:15:12.573  1542  3163 I SurfaceFlinger: id=61341 Removed dba3323 ActivityRecordInputSink com.arpalus.planogramcompliance/com.unity3d.player.UnityPlayerActivity#61341 (122)
12-26 18:15:12.575  1542  1542 I Layer   : id=61342 removedFromDrawingState 6280746 com.arpalus.planogramcompliance/com.unity3d.player.UnityPlayerActivity#61342 (123)
12-26 18:15:12.575  1542  1542 I SurfaceFlinger: id=61342 Removed 6280746 com.arpalus.planogramcompliance/com.unity3d.player.UnityPlayerActivity#61342 (123)
12-26 18:15:12.575  1542  1542 I Layer   : id=61342 Destroyed 6280746 com.arpalus.planogramcompliance/com.unity3d.player.UnityPlayerActivity#61342
12-26 18:15:12.577  2249  4907 W InputManager-JNI: Input channel object 'Letterbox_left_ActivityRecord{3eea020 u0 com.arpalus.planogramcompliance/com.unity3d.player.UnityPlayerActivity} t8195} (client)' was disposed without first being removed with the input manager!
12-26 18:15:12.578  2249  4907 W InputManager-JNI: Input channel object 'Letterbox_top_ActivityRecord{3eea020 u0 com.arpalus.planogramcompliance/com.unity3d.player.UnityPlayerActivity} t8195} (client)' was disposed without first being removed with the input manager!
12-26 18:15:12.578  2249  4907 W InputManager-JNI: Input channel object 'Letterbox_right_ActivityRecord{3eea020 u0 com.arpalus.planogramcompliance/com.unity3d.player.UnityPlayerActivity} t8195} (client)' was disposed without first being removed with the input manager!
12-26 18:15:12.578  2249  4907 W InputManager-JNI: Input channel object 'Letterbox_bottom_ActivityRecord{3eea020 u0 com.arpalus.planogramcompliance/com.unity3d.player.UnityPlayerActivity} t8195} (client)' was disposed without first being removed with the input manager!
12-26 18:15:12.583  1542  1542 I Layer   : id=61335 removedFromDrawingState ActivityRecord{3eea020 u0 com.arpalus.planogramcompliance/com.unity3d.player.UnityPlayerActivity} t8195}#61335 (122)
12-26 18:15:12.583  1542  1542 I Layer   : id=61341 removedFromDrawingState dba3323 ActivityRecordInputSink com.arpalus.planogramcompliance/com.unity3d.player.UnityPlayerActivity#61341 (122)
12-26 18:15:12.583  1542  1542 I Layer   : id=61335 removedFromDrawingState ActivityRecord{3eea020 u0 com.arpalus.planogramcompliance/com.unity3d.player.UnityPlayerActivity} t8195}#61335 (122)
12-26 18:15:12.583  1542  1542 I Layer   : id=61341 removedFromDrawingState dba3323 ActivityRecordInputSink com.arpalus.planogramcompliance/com.unity3d.player.UnityPlayerActivity#61341 (122)
12-26 18:15:12.583  1542  1542 I SurfaceFlinger: id=61335 Removed ActivityRecord{3eea020 u0 com.arpalus.planogramcompliance/com.unity3d.player.UnityPlayerActivity} t8195}#61335 (122)
12-26 18:15:12.583  1542  1542 I Layer   : id=61335 Destroyed ActivityRecord{3eea020 u0 com.arpalus.planogramcompliance/com.unity3d.player.UnityPlayerActivity} t8195}#61335
12-26 18:15:12.583  1542  1542 I Layer   : id=61341 Destroyed dba3323 ActivityRecordInputSink com.arpalus.planogramcompliance/com.unity3d.player.UnityPlayerActivity#61341
12-26 18:15:12.584  2249  2366 W UsageStatsService: Unexpected activity event reported! (com.arpalus.planogramcompliance/com.unity3d.player.UnityPlayerActivity event : 23 instanceId : 133976888)
12-26 18:15:15.002  2249  3033 I Pageboost: IO Prefetch for : com.arpalus.planogramcompliance
12-26 18:15:15.003  4387 31270 E pageboostd: prefetch start : app comarpalusplanogramcompliance
12-26 18:15:15.008  4387 31270 E pageboostd: comarpalusplanogramcompliance, amt 87195648 scnt 148 fcnt 1
12-26 18:15:15.008  4387 31270 E pageboostd: prefetch end : app comarpalusplanogramcompliance data_amount 87195648
12-26 18:15:15.156  2249  3027 I Pageboost: start alp : com.arpalus.planogramcompliance
12-26 18:15:15.158  2249  3033 I Pageboost: alp for : com.arpalus.planogramcompliance , 0
12-26 18:15:15.158  2249  2357 I ChimeraSystemEventListener: appLaunchIntent package name is: com.arpalus.planogramcompliance
12-26 18:15:15.159  4387 31272 E pageboostd: alp start : app comarpalusplanogramcompliance
12-26 18:15:15.160  4387 31272 E pageboostd: comarpalusplanogramcompliance, amt 6918144 scnt 6 fcnt 0
12-26 18:15:15.165  4387 31272 E pageboostd: comarpalusplanogramcompliance, amt 80277504 scnt 142 fcnt 1
12-26 18:15:15.165  4387 31272 E pageboostd: alp end : app comarpalusplanogramcompliance data_amount 87195648
12-26 18:15:15.170  3068  3154 D ShellStartingWindow: preload Icon com.arpalus.planogramcompliance
12-26 18:15:15.176  2249  2369 I ActivityManager: Start proc 31273:com.arpalus.planogramcompliance/u0a638 for activelaunch {com.arpalus.planogramcompliance/com.unity3d.player.UnityPlayerActivity}
12-26 18:15:15.176  2249  2369 D DynamicHiddenApp_BGProtectManager: [SecIpm] it's a ML_TYPE_EMPTYPROCESS protected process com.arpalus.planogramcompliance
12-26 18:15:15.205  2249  2357 I ChimeraSystemEventListener: appLaunchIntent package name is: com.arpalus.planogramcompliance
12-26 18:15:15.205  2249  6397 I Pageboost: onAppLaunch : com.arpalus.planogramcompliance
12-26 18:15:15.206  2249  6397 I ActivityTaskManager: START u0 {act=android.intent.action.MAIN cat=[android.intent.category.LAUNCHER] flg=0x10200000 cmp=com.arpalus.planogramcompliance/com.unity3d.player.UnityPlayerActivity bnds=[442,878][638,1173]} from uid 10138
12-26 18:15:15.207  2249  6397 D ActivityTaskManager: TaskLaunchParamsModifier:task=null activity=ActivityRecord{8c518c1 u0 com.arpalus.planogramcompliance/com.unity3d.player.UnityPlayerActivity} display-from-option=0 display-id=0 display-windowing-mode=1 suggested-display-area=DefaultTaskDisplayArea@156103150
12-26 18:15:15.207  2249  6397 D [secipm]: mSecIpmManager Preload com.arpalus.planogramcompliance dex files
12-26 18:15:15.207  2249  6397 D ActivityTaskManager: TaskLaunchParamsModifier:task=null activity=ActivityRecord{8c518c1 u0 com.arpalus.planogramcompliance/com.unity3d.player.UnityPlayerActivity} t-1} display-from-option=0 display-id=0 display-windowing-mode=1 suggested-display-area=DefaultTaskDisplayArea@156103150 inherit-from-source=fullscreen activity-options-fullscreen=Rect(0, 0 - 0, 0) non-freeform-display display-area=DefaultTaskDisplayArea@156103150 maximized-bounds
12-26 18:15:15.214  3594  3884 I AppIconSolution: getThemeIconWithBG called with public API, pkg = com.arpalus.planogramcompliance, mode = 48
12-26 18:15:15.214  2249  6397 D ActivityTaskManager: TaskLaunchParamsModifier:task=Task{9b957a7 #8196 type=standard A=10638:com.arpalus.planogramcompliance U=0 visible=false visibleRequested=false mode=fullscreen translucent=true sz=0} activity=ActivityRecord{8c518c1 u0 com.arpalus.planogramcompliance/com.unity3d.player.UnityPlayerActivity} t-1} display-from-option=0 display-id=0 display-windowing-mode=1 suggested-display-area=DefaultTaskDisplayArea@156103150 inherit-from-source=fullscreen activity-options-fullscreen=Rect(0, 0 - 0, 0) non-freeform-display display-area=DefaultTaskDisplayArea@156103150 maximized-bounds
12-26 18:15:15.215  3594  3884 I AppIconSolution: start to load, pkg=com.arpalus.planogramcompliance, bg=192-192, dr=192-192, forDefault=true, density=640
12-26 18:15:15.215  1542  1734 I SurfaceFlinger: id=61383 createSurf, flag=80004, ActivityRecord{8c518c1 u0 com.arpalus.planogramcompliance/com.unity3d.player.UnityPlayerActivity} t8196}#61383
12-26 18:15:15.215  3594  3884 I AppIconSolution: getIconScale, pkg=com.arpalus.planogramcompliance, size=192, iconScale=IconScale[alpha=0, scale=1.0, isCrop=true]
12-26 18:15:15.216  3594  3884 I AppIconSolution: default container[CROP], pkg=com.arpalus.planogramcompliance, bg=192-192, dr=192-192, isNight = false
12-26 18:15:15.217  3594  3884 I LauncherActivityInfo: packageName: com.arpalus.planogramcompliance, useThemeIcon: false, height: 192, width: 192, density: 640
12-26 18:15:15.218  2249  6397 V WindowManager: Added starting ActivityRecord{8c518c1 u0 com.arpalus.planogramcompliance/com.unity3d.player.UnityPlayerActivity} t8196}: startingWindow=null startingView=com.android.server.wm.StartingSurfaceController$StartingSurface@e19c743
12-26 18:15:15.224  2249  3794 D MARsPolicyManager: onPackageResumedFG pkgName = com.arpalus.planogramcompliance, userId = 0
12-26 18:15:15.225  2249  3794 D WindowManagerServiceExt: notifyOccludeChangeNotice: cn=ComponentInfo{com.arpalus.planogramcompliance/com.unity3d.player.UnityPlayerActivity} occludesParent=true inMultiWindow=false styleFloating=false caller=com.android.server.wm.WindowManagerServiceExt.updateOccludeTargetIfNeeded:1402 com.android.server.wm.DisplayContent.ensureActivitiesVisible:7532 com.android.server.wm.RootWindowContainer.ensureActivitiesVisible:2248 com.android.server.wm.RootWindowContainer.ensureActivitiesVisible:2229 com.android.server.wm.TaskFragment.completePause:2076 
12-26 18:15:15.230  1542  1733 I SurfaceFlinger: id=61384 createSurf, flag=80004, 94a3e3e Splash Screen com.arpalus.planogramcompliance#61384
12-26 18:15:15.232  2249  3928 V WindowManager: addWindow: ActivityRecord{8c518c1 u0 com.arpalus.planogramcompliance/com.unity3d.player.UnityPlayerActivity} t8196} startingWindow=Window{94a3e3e u0 Splash Screen com.arpalus.planogramcompliance}
12-26 18:15:15.233  2249  3928 D WindowManager: rotationForOrientation, orientationSource=ActivityRecord{8c518c1 u0 com.arpalus.planogramcompliance/com.unity3d.player.UnityPlayerActivity} t8196}
12-26 18:15:15.234  3068  3152 D InsetsController: onStateChanged: InsetsState: {mDisplayFrame=Rect(0, 0 - 1080, 2316), mDisplayCutout=DisplayCutout{insets=Rect(0, 75 - 0, 0) waterfall=Insets{left=0, top=0, right=0, bottom=0} boundingRect={Bounds=[Rect(0, 0 - 0, 0), Rect(692, 0 - 748, 75), Rect(0, 0 - 0, 0), Rect(0, 0 - 0, 0)]} cutoutPathParserInfo={CutoutPathParserInfo{displayWidth=1080 displayHeight=2316 physicalDisplayWidth=1440 physicalDisplayHeight=3088 density={2.8125} cutoutSpec={M 0,0 H -10 V 26.66666666666667 H 10 V 0 H 0 Z @dp} rotation={0} scale={1.0} physicalPixelDisplaySizeRatio={1.0}}}}, mRoundedCorners=RoundedCorners{[RoundedCorner{position=TopLeft, radius=8, center=Point(8, 8)}, RoundedCorner{position=TopRight, radius=8, center=Point(1072, 8)}, RoundedCorner{position=BottomRight, radius=8, center=Point(1072, 2308)}, RoundedCorner{position=BottomLeft, radius=8, center=Point(8, 2308)}]}  mRoundedCornerFrame=Rect(0, 0 - 1080, 2316), mPrivacyIndicatorBounds=PrivacyIndicatorBounds {static bounds=Rect(956, 0 - 1080, 75) rotation=0}, mSources= { InsetsSource: {mType=ITYPE_STATUS_BAR, mFrame=[0,0][1080,75], mVisible=true, mInsetsRoundedCornerFrame=false}, InsetsSource: {mType=ITYPE_NAVIGATION_BAR, mFrame=[0,2181][1080,2316], mVisible=true, mInsetsRoundedCornerFrame=false}, InsetsSource: {mType=ITYPE_LEFT_GESTURES, mFrame=[0,0][0,2316], mVisible=true, mInsetsRoundedCornerFrame=false}, InsetsSource: {mType=ITYPE_RIGHT_GESTURES, mFrame=[1080,0][1080,2316], mVisible=true, mInsetsRoundedCornerFrame=false}, InsetsSource: {mType=ITYPE_TOP_MANDATORY_GESTURES, mFrame=[0,0][1080,109], mVisible=true, mInsetsRoundedCornerFrame=false}, InsetsSource: {mType=ITYPE_BOTTOM_MANDATORY_GESTURES, mFrame=[0,2181][1080,2316], mVisible=true, mInsetsRoundedCornerFrame=false}, InsetsSource: {mType=ITYPE_LEFT_DISPLAY_CUTOUT, mFrame=[0,0][-100000,2316], mVisible=true, mInsetsRoundedCornerFrame=false}, InsetsSource: {mType=ITYPE_TOP_DISPLAY_CUTOUT, mFrame=[0,0][1080,75], mVisible=true, mInsetsRoundedCornerFrame=false}, InsetsSource: {mType=ITYPE_RIGHT_DISPLAY_CUTOUT, mFrame=[100000,0][1080,2316], mVisible=true, mInsetsRoundedCornerFrame=false}, InsetsSource: {mType=ITYPE_BOTTOM_DISPLAY_CUTOUT, mFrame=[0,100000][1080,2316], mVisible=true, mInsetsRoundedCornerFrame=false}, InsetsSource: {mType=ITYPE_TOP_TAPPABLE_ELEMENT, mFrame=[0,0][1080,75], mVisible=true, mInsetsRoundedCornerFrame=false}, InsetsSource: {mType=ITYPE_BOTTOM_TAPPABLE_ELEMENT, mFrame=[0,2181][1080,2316], mVisible=true, mInsetsRoundedCornerFrame=false}, InsetsSource: {mType=ITYPE_IME, mFrame=[0,0][0,0], mVisibleFrame=[0,2181][1080,2316], mVisible=false, mInsetsRoundedCornerFrame=false} } host=Splash Screen com.arpalus.planogramcompliance from=android.view.ViewRootImpl.setView:1732
12-26 18:15:15.235  2249  3928 D CoreBackPreview: Window{94a3e3e u0 Splash Screen com.arpalus.planogramcompliance}: Setting back callback OnBackInvokedCallbackInfo{mCallback=android.window.IOnBackInvokedCallback$Stub$Proxy@d388a84, mPriority=0}
12-26 18:15:15.236  3068  3152 I ViewRootImpl@4cb48cb[planogramcompliance]: setView = android.widget.FrameLayout@fc3a6a7 TM=true
12-26 18:15:15.237  3068  3152 I ViewRootImpl@4cb48cb[planogramcompliance]: performTraversals params={(0,0)(fillxfill) sim={adjust=pan} ty=APPLICATION_STARTING fmt=TRANSLUCENT wanim=0x10302f4
12-26 18:15:15.237  3068  3152 I ViewRootImpl@4cb48cb[planogramcompliance]:   fl=81030118
12-26 18:15:15.237  3068  3152 I ViewRootImpl@4cb48cb[planogramcompliance]:   pfl=16000010
12-26 18:15:15.237  3068  3152 I ViewRootImpl@4cb48cb[planogramcompliance]:   apr=LIGHT_STATUS_BARS LIGHT_NAVIGATION_BARS
12-26 18:15:15.237  3068  3152 I ViewRootImpl@4cb48cb[planogramcompliance]:   bhv=DEFAULT
12-26 18:15:15.237  3068  3152 I ViewRootImpl@4cb48cb[planogramcompliance]:   fitSides= naviIconColor=0}
12-26 18:15:15.237  3068  3152 I ViewRootImpl@4cb48cb[planogramcompliance]: performTraversals mFirst=true windowShouldResize=true viewVisibilityChanged=false mForceNextWindowRelayout=false params={(0,0)(fillxfill) sim={adjust=pan} ty=APPLICATION_STARTING fmt=TRANSLUCENT wanim=0x10302f4
12-26 18:15:15.237  3068  3152 I ViewRootImpl@4cb48cb[planogramcompliance]:   fl=81030118
12-26 18:15:15.237  3068  3152 I ViewRootImpl@4cb48cb[planogramcompliance]:   pfl=16000010
12-26 18:15:15.237  3068  3152 I ViewRootImpl@4cb48cb[planogramcompliance]:   apr=LIGHT_STATUS_BARS LIGHT_NAVIGATION_BARS
12-26 18:15:15.237  3068  3152 I ViewRootImpl@4cb48cb[planogramcompliance]:   bhv=DEFAULT
12-26 18:15:15.237  3068  3152 I ViewRootImpl@4cb48cb[planogramcompliance]:   fitSides= naviIconColor=0}
12-26 18:15:15.238  2249  6301 V WindowManager: Relayout Window{94a3e3e u0 Splash Screen com.arpalus.planogramcompliance}: viewVisibility=0 req=1080x2316 d0
12-26 18:15:15.240  1542  1733 I SurfaceFlinger: id=61385 createSurf, flag=40004, Splash Screen com.arpalus.planogramcompliance$_3068#61385
12-26 18:15:15.241  2249  6301 D WindowManager: makeSurface duration=2 name=Splash Screen com.arpalus.planogramcompliance$_3068
12-26 18:15:15.246  3068  3152 I ViewRootImpl@4cb48cb[planogramcompliance]: updateBlastSurfaceIfNeeded mBlastBufferQueue=null isSameSurfaceControl=false
12-26 18:15:15.247  3068  3152 I BLASTBufferQueue: new BLASTBufferQueue, mName= ViewRootImpl@4cb48cb[planogramcompliance] mNativeObject= 0xb4000070787b1d50 sc.mNativeObject= 0xb400007009060b40 caller= android.view.ViewRootImpl.updateBlastSurfaceIfNeeded:2909 android.view.ViewRootImpl.relayoutWindow:9847 android.view.ViewRootImpl.performTraversals:3884 android.view.ViewRootImpl.doTraversal:3116 android.view.ViewRootImpl$TraversalRunnable.run:10885 android.view.Choreographer$CallbackRecord.run:1301 android.view.Choreographer$CallbackRecord.run:1309 android.view.Choreographer.doCallbacks:923 android.view.Choreographer.doFrame:852 android.view.Choreographer$FrameDisplayEventReceiver.run:1283 
12-26 18:15:15.247  2249  3928 I ActivityManager: DSS OFF for com.arpalus.planogramcompliance
12-26 18:15:15.247  3068  3152 I BLASTBufferQueue: update, w= 1080 h= 2316 mName = ViewRootImpl@4cb48cb[planogramcompliance] mNativeObject= 0xb4000070787b1d50 sc.mNativeObject= 0xb400007009060b40 format= -3 caller= android.graphics.BLASTBufferQueue.<init>:84 android.view.ViewRootImpl.updateBlastSurfaceIfNeeded:2909 android.view.ViewRootImpl.relayoutWindow:9847 android.view.ViewRootImpl.performTraversals:3884 android.view.ViewRootImpl.doTraversal:3116 android.view.ViewRootImpl$TraversalRunnable.run:10885 
12-26 18:15:15.247  3068  3152 I ViewRootImpl@4cb48cb[planogramcompliance]: Relayout returned: old=(0,0,1080,2316) new=(0,0,1080,2316) req=(1080,2316)0 dur=9 res=0x3 s={true 0xb4000071087aee20} ch=true seqId=0
12-26 18:15:15.247  3068  3152 I ViewRootImpl@4cb48cb[planogramcompliance]: mThreadedRenderer.initialize() mSurface={isValid=true 0xb4000071087aee20} hwInitialized=true
12-26 18:15:15.248  3068  3152 I ViewRootImpl@4cb48cb[planogramcompliance]: reportNextDraw android.view.ViewRootImpl.performTraversals:4438 android.view.ViewRootImpl.doTraversal:3116 android.view.ViewRootImpl$TraversalRunnable.run:10885 android.view.Choreographer$CallbackRecord.run:1301 android.view.Choreographer$CallbackRecord.run:1309 
12-26 18:15:15.248  3068  3152 I ViewRootImpl@4cb48cb[planogramcompliance]: Setup new sync id=0
12-26 18:15:15.248  3068  3152 I ViewRootImpl@4cb48cb[planogramcompliance]: Setting syncFrameCallback
12-26 18:15:15.248  3068  3152 I ViewRootImpl@4cb48cb[planogramcompliance]: registerCallbacksForSync syncBuffer=false
12-26 18:15:15.250  3068  3190 I ViewRootImpl@4cb48cb[planogramcompliance]: Received frameDrawingCallback syncResult=0 frameNum=1.
12-26 18:15:15.250  3068  3190 I ViewRootImpl@4cb48cb[planogramcompliance]: Setting up sync and frameCommitCallback
12-26 18:15:15.251  3068  3169 I BLASTBufferQueue: [ViewRootImpl@4cb48cb[planogramcompliance]#2227](f:0,a:0) onFrameAvailable the first frame is available
12-26 18:15:15.252  3068  3169 I ViewRootImpl@4cb48cb[planogramcompliance]: Received frameCommittedCallback lastAttemptedDrawFrameNum=1 didProduceBuffer=true
12-26 18:15:15.254  3068  3152 I ViewRootImpl@4cb48cb[planogramcompliance]: onSyncComplete
12-26 18:15:15.254  3068  3152 I ViewRootImpl@4cb48cb[planogramcompliance]: setupSync seqId=0 mSyncId=0 fn=1 caller=android.view.ViewRootImpl$$ExternalSyntheticLambda11.accept:6 android.window.SurfaceSyncer.lambda$setupSync$1$android-window-SurfaceSyncer:128 android.window.SurfaceSyncer$$ExternalSyntheticLambda1.accept:8 android.window.SurfaceSyncer$SyncSet.checkIfSyncIsComplete:382 android.window.SurfaceSyncer$SyncSet.markSyncReady:359 android.window.SurfaceSyncer.markSyncReady:151 android.view.ViewRootImpl.performTraversals:4503 
12-26 18:15:15.254  3068  3152 I ViewRootImpl@4cb48cb[planogramcompliance]: reportDrawFinished seqId=0 mSyncId=-1 fn=1 mSurfaceChangedTransaction=0xb400007038b4b8b0
12-26 18:15:15.254  2249  6301 D WindowManager: finishDrawingWindow: Window{94a3e3e u0 Splash Screen com.arpalus.planogramcompliance} mDrawState=DRAW_PENDING seqId=0
12-26 18:15:15.254  2249  6301 V WindowManager: Finishing drawing window Window{94a3e3e u0 Splash Screen com.arpalus.planogramcompliance}: mDrawState=DRAW_PENDING
12-26 18:15:15.254  2249  6301 V WindowManager: Draw state now committed in Window{94a3e3e u0 Splash Screen com.arpalus.planogramcompliance}
12-26 18:15:15.255  2249  2358 D WindowManager: performShow logReadyForDisplay win=Window{94a3e3e u0 Splash Screen com.arpalus.planogramcompliance} mToken.waitingToShow:true isTransitionSet:true
12-26 18:15:15.272  2249  2358 D WindowManager: createAnimationAdapter(): container=Task{9b957a7 #8196 type=standard A=10638:com.arpalus.planogramcompliance U=0 visible=true visibleRequested=true mode=fullscreen translucent=false sz=1}
12-26 18:15:15.274  2249  2358 V WindowManager: performShowLocked: mDrawState=HAS_DRAWN in Window{94a3e3e u0 Splash Screen com.arpalus.planogramcompliance}
12-26 18:15:15.275  2249  2358 D WindowManager: 	Add container=Task{9b957a7 #8196 type=standard A=10638:com.arpalus.planogramcompliance U=0 visible=true visibleRequested=true mode=fullscreen translucent=false sz=1}
