10-22 07:43:56.952  2259  2259 D SGM:PkgDataHelper: getGamePkgData(). com.arpalus.planogramcompliance
10-22 07:43:56.952  2259  2259 D SGM:GameManager: identifyGamePackage. com.arpalus.planogramcompliance, mCurrentUserId: 0, callerUserId: 0, callingMethodInfo: com.android.server.ssrm.fgapps.GameAppUtils.isGame(GameAppUtils.java:84)
10-22 07:43:56.952  2259  2259 D SGM:PkgDataHelper: getGamePkgData(). com.arpalus.planogramcompliance
10-22 07:43:57.041  2259  2259 D SGM:GameManager: identifyGamePackage. com.arpalus.planogramcompliance, mCurrentUserId: 0, callerUserId: 0, callingMethodInfo: com.android.server.ssrm.fgapps.GameAppUtils.isGame(GameAppUtils.java:84)
10-22 07:43:57.041  2259  2259 D SGM:PkgDataHelper: getGamePkgData(). com.arpalus.planogramcompliance
10-22 07:43:57.042  2259  2259 D SGM:GameManager: identifyGamePackage. com.arpalus.planogramcompliance, mCurrentUserId: 0, callerUserId: 0, callingMethodInfo: com.android.server.ssrm.fgapps.GameAppUtils.isGame(GameAppUtils.java:84)
10-22 07:43:57.042  2259  2259 D SGM:PkgDataHelper: getGamePkgData(). com.arpalus.planogramcompliance
10-22 07:43:57.042  2259  2259 D SGM:GameManager: identifyGamePackage. com.arpalus.planogramcompliance, mCurrentUserId: 0, callerUserId: 0, callingMethodInfo: com.android.server.ssrm.fgapps.GameAppUtils.isGame(GameAppUtils.java:84)
10-22 07:43:57.042  2259  2259 D SGM:PkgDataHelper: getGamePkgData(). com.arpalus.planogramcompliance
10-22 07:43:57.167 32185 32246 I Unity   : A>> 22 [04:43:57.165979]  OnProductDetected: - First Detection - name: 1000038000183690 id: 122 location: (0.03, 0.00, 0.12)
10-22 07:43:57.169 32185 32246 I Unity   : A>> 23 [04:43:57.168479]  DetectedProductBB: DetectedProductBB: RemoveSelf: 1000038000183690 (0) detectedProduct.totalOverlapRatio: 0.7113867
10-22 07:43:57.170 32185 32246 I Unity   : A>> 24 [04:43:57.169279]  RemoveProductDetected: - Remove Detection - name: 1000038000183690 id: 122 location: (0.03, 0.00, 0.12)
10-22 07:43:57.170 32185 32246 I Unity   : A>> 25 [04:43:57.170367]  DetectedProductBB: DetectedProductBB: RemoveSelf: 1000038000183690 (0) Invalid BB size
10-22 07:43:57.171 32185 32246 W Unity   : A>> 26 [04:43:57.170986]  PlanogramCompliance: RemoveProductDetected: detectedProduct not found! 1000038000183690
10-22 07:43:57.171 32185 32246 I Unity   : A>> 27 [04:43:57.171516]  RemoveProductDetected: - Failed Removing Detection - name: 1000038000183690 id: 122
10-22 07:43:57.390  2259  2259 D SGM:GameManager: identifyGamePackage. com.arpalus.planogramcompliance, mCurrentUserId: 0, callerUserId: 0, callingMethodInfo: com.android.server.ssrm.fgapps.GameAppUtils.isGame(GameAppUtils.java:84)
10-22 07:43:57.390  2259  2259 D SGM:PkgDataHelper: getGamePkgData(). com.arpalus.planogramcompliance
10-22 07:43:57.392  2259  2259 D SGM:GameManager: identifyGamePackage. com.arpalus.planogramcompliance, mCurrentUserId: 0, callerUserId: 0, callingMethodInfo: com.android.server.ssrm.fgapps.GameAppUtils.isGame(GameAppUtils.java:84)
10-22 07:43:57.392  2259  2259 D SGM:PkgDataHelper: getGamePkgData(). com.arpalus.planogramcompliance
10-22 07:43:57.393  2259  2259 D SGM:GameManager: identifyGamePackage. com.arpalus.planogramcompliance, mCurrentUserId: 0, callerUserId: 0, callingMethodInfo: com.android.server.ssrm.fgapps.GameAppUtils.isGame(GameAppUtils.java:84)
10-22 07:43:57.393  2259  2259 D SGM:PkgDataHelper: getGamePkgData(). com.arpalus.planogramcompliance
10-22 07:43:57.497  2259  2259 D SGM:GameManager: identifyGamePackage. com.arpalus.planogramcompliance, mCurrentUserId: 0, callerUserId: 0, callingMethodInfo: com.android.server.ssrm.fgapps.GameAppUtils.isGame(GameAppUtils.java:84)
10-22 07:43:57.497  2259  2259 D SGM:PkgDataHelper: getGamePkgData(). com.arpalus.planogramcompliance
10-22 07:43:57.498  2259  2259 D SGM:GameManager: identifyGamePackage. com.arpalus.planogramcompliance, mCurrentUserId: 0, callerUserId: 0, callingMethodInfo: com.android.server.ssrm.fgapps.GameAppUtils.isGame(GameAppUtils.java:84)
10-22 07:43:57.498  2259  2259 D SGM:PkgDataHelper: getGamePkgData(). com.arpalus.planogramcompliance
10-22 07:43:57.498  2259  2259 D SGM:GameManager: identifyGamePackage. com.arpalus.planogramcompliance, mCurrentUserId: 0, callerUserId: 0, callingMethodInfo: com.android.server.ssrm.fgapps.GameAppUtils.isGame(GameAppUtils.java:84)
10-22 07:43:57.498  2259  2259 D SGM:PkgDataHelper: getGamePkgData(). com.arpalus.planogramcompliance
10-22 07:43:57.534 32185 32246 I Unity   : A>> 28 [04:43:57.533932]  ARCameraPage: OnSnapClick:
10-22 07:43:57.662 32185 32246 I Unity   : A>> 29 [04:43:57.662440]  UploadSessions: SaveImage: Saving image: 7, frameNumber: 67, bytes: 2764800, total bytes saved: 19353600, memory freeMb: 1006
10-22 07:43:57.902  2259  2259 D SGM:GameManager: identifyGamePackage. com.arpalus.planogramcompliance, mCurrentUserId: 0, callerUserId: 0, callingMethodInfo: com.android.server.ssrm.fgapps.GameAppUtils.isGame(GameAppUtils.java:84)
10-22 07:43:57.902  2259  2259 D SGM:PkgDataHelper: getGamePkgData(). com.arpalus.planogramcompliance
10-22 07:43:57.903  2259  2259 D SGM:GameManager: identifyGamePackage. com.arpalus.planogramcompliance, mCurrentUserId: 0, callerUserId: 0, callingMethodInfo: com.android.server.ssrm.fgapps.GameAppUtils.isGame(GameAppUtils.java:84)
10-22 07:43:57.903  2259  2259 D SGM:PkgDataHelper: getGamePkgData(). com.arpalus.planogramcompliance
10-22 07:43:57.906  2259  2259 D SGM:GameManager: identifyGamePackage. com.arpalus.planogramcompliance, mCurrentUserId: 0, callerUserId: 0, callingMethodInfo: com.android.server.ssrm.fgapps.GameAppUtils.isGame(GameAppUtils.java:84)
10-22 07:43:57.906  2259  2259 D SGM:PkgDataHelper: getGamePkgData(). com.arpalus.planogramcompliance
10-22 07:43:57.964  2259  2259 D SGM:GameManager: identifyGamePackage. com.arpalus.planogramcompliance, mCurrentUserId: 0, callerUserId: 0, callingMethodInfo: com.android.server.ssrm.fgapps.GameAppUtils.isGame(GameAppUtils.java:84)
10-22 07:43:57.964  2259  2259 D SGM:PkgDataHelper: getGamePkgData(). com.arpalus.planogramcompliance
10-22 07:43:57.965  2259  2259 D SGM:GameManager: identifyGamePackage. com.arpalus.planogramcompliance, mCurrentUserId: 0, callerUserId: 0, callingMethodInfo: com.android.server.ssrm.fgapps.GameAppUtils.isGame(GameAppUtils.java:84)
10-22 07:43:57.965  2259  2259 D SGM:PkgDataHelper: getGamePkgData(). com.arpalus.planogramcompliance
10-22 07:43:57.966  2259  2259 D SGM:GameManager: identifyGamePackage. com.arpalus.planogramcompliance, mCurrentUserId: 0, callerUserId: 0, callingMethodInfo: com.android.server.ssrm.fgapps.GameAppUtils.isGame(GameAppUtils.java:84)
10-22 07:43:57.966  2259  2259 D SGM:PkgDataHelper: getGamePkgData(). com.arpalus.planogramcompliance
10-22 07:43:58.202 32185 32246 I Unity   : A>> 30 [04:43:58.201552]  ARCameraPage: OnSnapClick:
10-22 07:43:58.294  2259  2259 D SGM:GameManager: identifyGamePackage. com.arpalus.planogramcompliance, mCurrentUserId: 0, callerUserId: 0, callingMethodInfo: com.android.server.ssrm.fgapps.GameAppUtils.isGame(GameAppUtils.java:84)
10-22 07:43:58.294  2259  2259 D SGM:PkgDataHelper: getGamePkgData(). com.arpalus.planogramcompliance
10-22 07:43:58.296  2259  2259 D SGM:GameManager: identifyGamePackage. com.arpalus.planogramcompliance, mCurrentUserId: 0, callerUserId: 0, callingMethodInfo: com.android.server.ssrm.fgapps.GameAppUtils.isGame(GameAppUtils.java:84)
10-22 07:43:58.296  2259  2259 D SGM:PkgDataHelper: getGamePkgData(). com.arpalus.planogramcompliance
10-22 07:43:58.297  2259  2259 D SGM:GameManager: identifyGamePackage. com.arpalus.planogramcompliance, mCurrentUserId: 0, callerUserId: 0, callingMethodInfo: com.android.server.ssrm.fgapps.GameAppUtils.isGame(GameAppUtils.java:84)
10-22 07:43:58.297  2259  2259 D SGM:PkgDataHelper: getGamePkgData(). com.arpalus.planogramcompliance
10-22 07:43:58.314 32185 32246 I Unity   : A>> 31 [04:43:58.313562]  UploadSessions: SaveImage: Saving image: 8, frameNumber: 69, bytes: 2764800, total bytes saved: 22118400, memory freeMb: 1022
10-22 07:43:58.391  2259  2259 D SGM:GameManager: identifyGamePackage. com.arpalus.planogramcompliance, mCurrentUserId: 0, callerUserId: 0, callingMethodInfo: com.android.server.ssrm.fgapps.GameAppUtils.isGame(GameAppUtils.java:84)
10-22 07:43:58.391  2259  2259 D SGM:PkgDataHelper: getGamePkgData(). com.arpalus.planogramcompliance
10-22 07:43:58.391  2259  2259 D SGM:GameManager: identifyGamePackage. com.arpalus.planogramcompliance, mCurrentUserId: 0, callerUserId: 0, callingMethodInfo: com.android.server.ssrm.fgapps.GameAppUtils.isGame(GameAppUtils.java:84)
10-22 07:43:58.391  2259  2259 D SGM:PkgDataHelper: getGamePkgData(). com.arpalus.planogramcompliance
10-22 07:43:58.392  2259  2259 D SGM:GameManager: identifyGamePackage. com.arpalus.planogramcompliance, mCurrentUserId: 0, callerUserId: 0, callingMethodInfo: com.android.server.ssrm.fgapps.GameAppUtils.isGame(GameAppUtils.java:84)
10-22 07:43:58.392  2259  2259 D SGM:PkgDataHelper: getGamePkgData(). com.arpalus.planogramcompliance
10-22 07:43:58.567 32185 32246 I Unity   : A>> 32 [04:43:58.566499]  OnProductDetected: - First Detection - name: 1000038000183690 id: 123 location: (0.02, 0.00, 0.12)
10-22 07:43:58.633 32185 32246 I Unity   : A>> 33 [04:43:58.632386]  PlanogramCompliance: SetScanningStage: SelectPlanogram: RecognizePlanogram -> PlanogramRecognized
10-22 07:43:58.635 32185 32246 I Unity   : A>> 34 [04:43:58.634426]  PlanogramCompliance: SelectPlanogram: 250.5  , scanningStage: PlanogramRecognized
10-22 07:43:58.682  2259  2259 D SGM:GameManager: identifyGamePackage. com.arpalus.planogramcompliance, mCurrentUserId: 0, callerUserId: 0, callingMethodInfo: com.android.server.ssrm.fgapps.GameAppUtils.isGame(GameAppUtils.java:84)
10-22 07:43:58.682  2259  2259 D SGM:PkgDataHelper: getGamePkgData(). com.arpalus.planogramcompliance
10-22 07:43:58.683  2259  2259 D SGM:GameManager: identifyGamePackage. com.arpalus.planogramcompliance, mCurrentUserId: 0, callerUserId: 0, callingMethodInfo: com.android.server.ssrm.fgapps.GameAppUtils.isGame(GameAppUtils.java:84)
10-22 07:43:58.683  2259  2259 D SGM:PkgDataHelper: getGamePkgData(). com.arpalus.planogramcompliance
10-22 07:43:58.688  2259  2259 D SGM:GameManager: identifyGamePackage. com.arpalus.planogramcompliance, mCurrentUserId: 0, callerUserId: 0, callingMethodInfo: com.android.server.ssrm.fgapps.GameAppUtils.isGame(GameAppUtils.java:84)
10-22 07:43:58.688  2259  2259 D SGM:PkgDataHelper: getGamePkgData(). com.arpalus.planogramcompliance
10-22 07:43:58.766  2259  2259 D SGM:GameManager: identifyGamePackage. com.arpalus.planogramcompliance, mCurrentUserId: 0, callerUserId: 0, callingMethodInfo: com.android.server.ssrm.fgapps.GameAppUtils.isGame(GameAppUtils.java:84)
10-22 07:43:58.766  2259  2259 D SGM:PkgDataHelper: getGamePkgData(). com.arpalus.planogramcompliance
10-22 07:43:58.769  2259  2259 D SGM:GameManager: identifyGamePackage. com.arpalus.planogramcompliance, mCurrentUserId: 0, callerUserId: 0, callingMethodInfo: com.android.server.ssrm.fgapps.GameAppUtils.isGame(GameAppUtils.java:84)
10-22 07:43:58.769  2259  2259 D SGM:PkgDataHelper: getGamePkgData(). com.arpalus.planogramcompliance
10-22 07:43:58.769  2259  2259 D SGM:GameManager: identifyGamePackage. com.arpalus.planogramcompliance, mCurrentUserId: 0, callerUserId: 0, callingMethodInfo: com.android.server.ssrm.fgapps.GameAppUtils.isGame(GameAppUtils.java:84)
10-22 07:43:58.769  2259  2259 D SGM:PkgDataHelper: getGamePkgData(). com.arpalus.planogramcompliance
10-22 07:43:58.799 32185 32246 I Unity   : A>> 35 [04:43:58.798475]  ARCameraPage: OnSnapClick:
10-22 07:43:58.851 32185 32246 I Unity   : A>> 36 [04:43:58.849635]  UploadSessions: SaveImage: Saving image: 9, frameNumber: 70, bytes: 2764800, total bytes saved: 24883200, memory freeMb: 1019
10-22 07:43:59.069  2259  2259 D SGM:GameManager: identifyGamePackage. com.arpalus.planogramcompliance, mCurrentUserId: 0, callerUserId: 0, callingMethodInfo: com.android.server.ssrm.fgapps.GameAppUtils.isGame(GameAppUtils.java:84)
10-22 07:43:59.069  2259  2259 D SGM:PkgDataHelper: getGamePkgData(). com.arpalus.planogramcompliance
10-22 07:43:59.070  2259  2259 D SGM:GameManager: identifyGamePackage. com.arpalus.planogramcompliance, mCurrentUserId: 0, callerUserId: 0, callingMethodInfo: com.android.server.ssrm.fgapps.GameAppUtils.isGame(GameAppUtils.java:84)
10-22 07:43:59.070  2259  2259 D SGM:PkgDataHelper: getGamePkgData(). com.arpalus.planogramcompliance
10-22 07:43:59.070  2259  2259 D SGM:GameManager: identifyGamePackage. com.arpalus.planogramcompliance, mCurrentUserId: 0, callerUserId: 0, callingMethodInfo: com.android.server.ssrm.fgapps.GameAppUtils.isGame(GameAppUtils.java:84)
10-22 07:43:59.070  2259  2259 D SGM:PkgDataHelper: getGamePkgData(). com.arpalus.planogramcompliance
10-22 07:43:59.174  2259  2259 D SGM:GameManager: identifyGamePackage. com.arpalus.planogramcompliance, mCurrentUserId: 0, callerUserId: 0, callingMethodInfo: com.android.server.ssrm.fgapps.GameAppUtils.isGame(GameAppUtils.java:84)
10-22 07:43:59.174  2259  2259 D SGM:PkgDataHelper: getGamePkgData(). com.arpalus.planogramcompliance
10-22 07:43:59.174  2259  2259 D SGM:GameManager: identifyGamePackage. com.arpalus.planogramcompliance, mCurrentUserId: 0, callerUserId: 0, callingMethodInfo: com.android.server.ssrm.fgapps.GameAppUtils.isGame(GameAppUtils.java:84)
10-22 07:43:59.174  2259  2259 D SGM:PkgDataHelper: getGamePkgData(). com.arpalus.planogramcompliance
10-22 07:43:59.175  2259  2259 D SGM:GameManager: identifyGamePackage. com.arpalus.planogramcompliance, mCurrentUserId: 0, callerUserId: 0, callingMethodInfo: com.android.server.ssrm.fgapps.GameAppUtils.isGame(GameAppUtils.java:84)
10-22 07:43:59.175  2259  2259 D SGM:PkgDataHelper: getGamePkgData(). com.arpalus.planogramcompliance
10-22 07:43:59.442 32185 32246 I Unity   : A>> 37 [04:43:59.441873]  ARCameraPage: OnSnapClick:
10-22 07:43:59.526  2259  2259 D SGM:GameManager: identifyGamePackage. com.arpalus.planogramcompliance, mCurrentUserId: 0, callerUserId: 0, callingMethodInfo: com.android.server.ssrm.fgapps.GameAppUtils.isGame(GameAppUtils.java:84)
10-22 07:43:59.526  2259  2259 D SGM:PkgDataHelper: getGamePkgData(). com.arpalus.planogramcompliance
10-22 07:43:59.526  2259  2259 D SGM:GameManager: identifyGamePackage. com.arpalus.planogramcompliance, mCurrentUserId: 0, callerUserId: 0, callingMethodInfo: com.android.server.ssrm.fgapps.GameAppUtils.isGame(GameAppUtils.java:84)
10-22 07:43:59.526  2259  2259 D SGM:PkgDataHelper: getGamePkgData(). com.arpalus.planogramcompliance
10-22 07:43:59.527  2259  2259 D SGM:GameManager: identifyGamePackage. com.arpalus.planogramcompliance, mCurrentUserId: 0, callerUserId: 0, callingMethodInfo: com.android.server.ssrm.fgapps.GameAppUtils.isGame(GameAppUtils.java:84)
10-22 07:43:59.527  2259  2259 D SGM:PkgDataHelper: getGamePkgData(). com.arpalus.planogramcompliance
10-22 07:43:59.575 32185 32246 I Unity   : A>> 38 [04:43:59.574539]  UploadSessions: SaveImage: Saving image: 10, frameNumber: 73, bytes: 2764800, total bytes saved: 27648000, memory freeMb: 1044
10-22 07:43:59.624  2259  2259 D SGM:GameManager: identifyGamePackage. com.arpalus.planogramcompliance, mCurrentUserId: 0, callerUserId: 0, callingMethodInfo: com.android.server.ssrm.fgapps.GameAppUtils.isGame(GameAppUtils.java:84)
10-22 07:43:59.624  2259  2259 D SGM:PkgDataHelper: getGamePkgData(). com.arpalus.planogramcompliance
10-22 07:43:59.624  2259  2259 D SGM:GameManager: identifyGamePackage. com.arpalus.planogramcompliance, mCurrentUserId: 0, callerUserId: 0, callingMethodInfo: com.android.server.ssrm.fgapps.GameAppUtils.isGame(GameAppUtils.java:84)
10-22 07:43:59.624  2259  2259 D SGM:PkgDataHelper: getGamePkgData(). com.arpalus.planogramcompliance
10-22 07:43:59.624  2259  2259 D SGM:GameManager: identifyGamePackage. com.arpalus.planogramcompliance, mCurrentUserId: 0, callerUserId: 0, callingMethodInfo: com.android.server.ssrm.fgapps.GameAppUtils.isGame(GameAppUtils.java:84)
10-22 07:43:59.624  2259  2259 D SGM:PkgDataHelper: getGamePkgData(). com.arpalus.planogramcompliance
10-22 07:43:59.683 32185 32246 I Unity   : A>> 39 [04:43:59.682477]  OnProductDetected: - First Detection - name: 8001000000000000 id: 126 location: (0.02, 0.06, 0.13)
10-22 07:43:59.752 32185 32246 I Unity   : A>> 40 [04:43:59.751357]  OnProductDetected: - First Detection - name: 8001000000000000 id: 127 location: (0.11, 0.07, 0.15)
10-22 07:43:59.783 32185 32246 I Unity   : A>> 41 [04:43:59.782862]  OnProductDetected: - First Detection - name: 8001000000000000 id: 128 location: (0.17, -0.07, 0.12)
10-22 07:43:59.818 32185 32246 I Unity   : A>> 42 [04:43:59.817394]  OnProductDetected: - First Detection - name: 8001000000000000 id: 129 location: (0.15, 0.07, 0.15)
10-22 07:43:59.850 32185 32246 I Unity   : A>> 43 [04:43:59.849093]  OnProductDetected: - First Detection - name: 8001000000000000 id: 130 location: (0.24, -0.14, 0.12)
10-22 07:43:59.882 32185 32246 I Unity   : A>> 44 [04:43:59.882075]  OnProductDetected: - First Detection - name: 8001000000000000 id: 124 location: (0.05, 0.00, 0.13)
10-22 07:43:59.884 32185 32246 I Unity   : A>> 45 [04:43:59.883990]  DetectedProductBB: DetectedProductBB: RemoveSelf: 8001000000000000 (1) Invalid BB size
10-22 07:43:59.885 32185 32246 I Unity   : A>> 46 [04:43:59.884618]  RemoveProductDetected: - Remove Detection - name: 8001000000000000 id: 124 location: (0.05, 0.00, 0.13)
10-22 07:43:59.916 32185 32246 I Unity   : A>> 47 [04:43:59.916075]  OnProductDetected: - First Detection - name: 8001000000000000 id: 131 location: (0.16, -0.14, 0.12)
10-22 07:43:59.933  2259  2259 D SGM:GameManager: identifyGamePackage. com.arpalus.planogramcompliance, mCurrentUserId: 0, callerUserId: 0, callingMethodInfo: com.android.server.ssrm.fgapps.GameAppUtils.isGame(GameAppUtils.java:84)
10-22 07:43:59.933  2259  2259 D SGM:PkgDataHelper: getGamePkgData(). com.arpalus.planogramcompliance
10-22 07:43:59.934  2259  2259 D SGM:GameManager: identifyGamePackage. com.arpalus.planogramcompliance, mCurrentUserId: 0, callerUserId: 0, callingMethodInfo: com.android.server.ssrm.fgapps.GameAppUtils.isGame(GameAppUtils.java:84)
10-22 07:43:59.934  2259  2259 D SGM:PkgDataHelper: getGamePkgData(). com.arpalus.planogramcompliance
10-22 07:43:59.934  2259  2259 D SGM:GameManager: identifyGamePackage. com.arpalus.planogramcompliance, mCurrentUserId: 0, callerUserId: 0, callingMethodInfo: com.android.server.ssrm.fgapps.GameAppUtils.isGame(GameAppUtils.java:84)
10-22 07:43:59.934  2259  2259 D SGM:PkgDataHelper: getGamePkgData(). com.arpalus.planogramcompliance
10-22 07:43:59.952 32185 32246 I Unity   : A>> 48 [04:43:59.951740]  OnProductDetected: - First Detection - name: 8001000000000000 id: 132 location: (0.09, 0.06, 0.15)
10-22 07:43:59.986 32185 32246 I Unity   : A>> 49 [04:43:59.985718]  OnProductDetected: - First Detection - name: 8001000000000000 id: 133 location: (0.23, -0.07, 0.13)
10-22 07:44:00.015  2259  2259 D SGM:GameManager: identifyGamePackage. com.arpalus.planogramcompliance, mCurrentUserId: 0, callerUserId: 0, callingMethodInfo: com.android.server.ssrm.fgapps.GameAppUtils.isGame(GameAppUtils.java:84)
10-22 07:44:00.015  2259  2259 D SGM:PkgDataHelper: getGamePkgData(). com.arpalus.planogramcompliance
10-22 07:44:00.016  2259  2259 D SGM:GameManager: identifyGamePackage. com.arpalus.planogramcompliance, mCurrentUserId: 0, callerUserId: 0, callingMethodInfo: com.android.server.ssrm.fgapps.GameAppUtils.isGame(GameAppUtils.java:84)
10-22 07:44:00.016  2259  2259 D SGM:PkgDataHelper: getGamePkgData(). com.arpalus.planogramcompliance
10-22 07:44:00.016  2259  2259 D SGM:GameManager: identifyGamePackage. com.arpalus.planogramcompliance, mCurrentUserId: 0, callerUserId: 0, callingMethodInfo: com.android.server.ssrm.fgapps.GameAppUtils.isGame(GameAppUtils.java:84)
10-22 07:44:00.016  2259  2259 D SGM:PkgDataHelper: getGamePkgData(). com.arpalus.planogramcompliance
10-22 07:44:00.020 32185 32246 I Unity   : A>> 50 [04:44:00.019321]  OnProductDetected: - First Detection - name: 8001000000000000 id: 134 location: (0.23, 0.00, 0.14)
10-22 07:44:00.048 32185 32246 I Unity   : A>> 51 [04:44:00.047419]  ARCameraPage: OnSnapClick:
10-22 07:44:00.063 32185 32246 I Unity   : A>> 52 [04:44:00.063011]  UploadSessions: SaveImage: Saving image: 11, frameNumber: 74, bytes: 2764800, total bytes saved: 30412800, memory freeMb: 1054
10-22 07:44:00.066 32185 32246 I Unity   : A>> 53 [04:44:00.065860]  OnProductDetected: - First Detection - name: 8001000000000000 id: 135 location: (0.04, -0.01, 0.12)
10-22 07:44:00.091 32185 32246 I Unity   : A>> 54 [04:44:00.090291]  OnProductDetected: - First Detection - name: 8001000000000000 id: 136 location: (0.25, 0.00, 0.14)
10-22 07:44:00.122 32185 32246 I Unity   : A>> 55 [04:44:00.121411]  OnProductDetected: - First Detection - name: 8001000000000000 id: 137 location: (0.05, -0.13, 0.12)
10-22 07:44:00.180 32185 32246 I Unity   : A>> 56 [04:44:00.179886]  OnProductDetected: - First Detection - name: 8001000000000000 id: 138 location: (-0.02, -0.14, 0.11)
10-22 07:44:00.197 32185 32246 I Unity   : A>> 57 [04:44:00.196374]  OnProductDetected: - First Detection - name: 8001000000000000 id: 139 location: (0.22, -0.08, 0.13)
10-22 07:44:00.335  2259  2259 D SGM:GameManager: identifyGamePackage. com.arpalus.planogramcompliance, mCurrentUserId: 0, callerUserId: 0, callingMethodInfo: com.android.server.ssrm.fgapps.GameAppUtils.isGame(GameAppUtils.java:84)
10-22 07:44:00.335  2259  2259 D SGM:PkgDataHelper: getGamePkgData(). com.arpalus.planogramcompliance
10-22 07:44:00.335  2259  2259 D SGM:GameManager: identifyGamePackage. com.arpalus.planogramcompliance, mCurrentUserId: 0, callerUserId: 0, callingMethodInfo: com.android.server.ssrm.fgapps.GameAppUtils.isGame(GameAppUtils.java:84)
10-22 07:44:00.335  2259  2259 D SGM:PkgDataHelper: getGamePkgData(). com.arpalus.planogramcompliance
10-22 07:44:00.336  2259  2259 D SGM:GameManager: identifyGamePackage. com.arpalus.planogramcompliance, mCurrentUserId: 0, callerUserId: 0, callingMethodInfo: com.android.server.ssrm.fgapps.GameAppUtils.isGame(GameAppUtils.java:84)
10-22 07:44:00.336  2259  2259 D SGM:PkgDataHelper: getGamePkgData(). com.arpalus.planogramcompliance
10-22 07:44:00.432  2259  2259 D SGM:GameManager: identifyGamePackage. com.arpalus.planogramcompliance, mCurrentUserId: 0, callerUserId: 0, callingMethodInfo: com.android.server.ssrm.fgapps.GameAppUtils.isGame(GameAppUtils.java:84)
10-22 07:44:00.432  2259  2259 D SGM:PkgDataHelper: getGamePkgData(). com.arpalus.planogramcompliance
10-22 07:44:00.434  2259  2259 D SGM:GameManager: identifyGamePackage. com.arpalus.planogramcompliance, mCurrentUserId: 0, callerUserId: 0, callingMethodInfo: com.android.server.ssrm.fgapps.GameAppUtils.isGame(GameAppUtils.java:84)
10-22 07:44:00.434  2259  2259 D SGM:PkgDataHelper: getGamePkgData(). com.arpalus.planogramcompliance
10-22 07:44:00.434  2259  2259 D SGM:GameManager: identifyGamePackage. com.arpalus.planogramcompliance, mCurrentUserId: 0, callerUserId: 0, callingMethodInfo: com.android.server.ssrm.fgapps.GameAppUtils.isGame(GameAppUtils.java:84)
10-22 07:44:00.434  2259  2259 D SGM:PkgDataHelper: getGamePkgData(). com.arpalus.planogramcompliance
10-22 07:44:00.664 32185 32246 I Unity   : A>> 58 [04:44:00.663312]  [SGA] --------------
10-22 07:44:00.667 32185 32246 I Unity   : A>> 59 [04:44:00.666447]  [SGA] --------------
10-22 07:44:00.670 32185 32246 I Unity   : A>> 60 [04:44:00.670160]  UploadSessions: SaveImage: Saving image: 12, frameNumber: 76, bytes: 2764800, total bytes saved: 33177600, memory freeMb: 1060
10-22 07:44:01.121 32185 32246 I Unity   : A>> 61 [04:44:01.117449]  ARCameraPage: OnSnapClick:
10-22 07:44:01.210 32185 32246 I Unity   : A>> 62 [04:44:01.209305]  UploadSessions: SaveImage: Saving image: 13, frameNumber: 77, bytes: 2764800, total bytes saved: 35942400, memory freeMb: 1066
10-22 07:44:01.250  2259  2259 D SGM:GameManager: identifyGamePackage. com.arpalus.planogramcompliance, mCurrentUserId: 0, callerUserId: 0, callingMethodInfo: com.android.server.ssrm.fgapps.GameAppUtils.isGame(GameAppUtils.java:84)
10-22 07:44:01.250  2259  2259 D SGM:PkgDataHelper: getGamePkgData(). com.arpalus.planogramcompliance
10-22 07:44:01.252  2259  2259 D SGM:GameManager: identifyGamePackage. com.arpalus.planogramcompliance, mCurrentUserId: 0, callerUserId: 0, callingMethodInfo: com.android.server.ssrm.fgapps.GameAppUtils.isGame(GameAppUtils.java:84)
10-22 07:44:01.252  2259  2259 D SGM:PkgDataHelper: getGamePkgData(). com.arpalus.planogramcompliance
10-22 07:44:01.253  2259  2259 D SGM:GameManager: identifyGamePackage. com.arpalus.planogramcompliance, mCurrentUserId: 0, callerUserId: 0, callingMethodInfo: com.android.server.ssrm.fgapps.GameAppUtils.isGame(GameAppUtils.java:84)
10-22 07:44:01.253  2259  2259 D SGM:PkgDataHelper: getGamePkgData(). com.arpalus.planogramcompliance
10-22 07:44:01.332  2259  2259 D SGM:GameManager: identifyGamePackage. com.arpalus.planogramcompliance, mCurrentUserId: 0, callerUserId: 0, callingMethodInfo: com.android.server.ssrm.fgapps.GameAppUtils.isGame(GameAppUtils.java:84)
10-22 07:44:01.332  2259  2259 D SGM:PkgDataHelper: getGamePkgData(). com.arpalus.planogramcompliance
10-22 07:44:01.332  2259  2259 D SGM:GameManager: identifyGamePackage. com.arpalus.planogramcompliance, mCurrentUserId: 0, callerUserId: 0, callingMethodInfo: com.android.server.ssrm.fgapps.GameAppUtils.isGame(GameAppUtils.java:84)
10-22 07:44:01.332  2259  2259 D SGM:PkgDataHelper: getGamePkgData(). com.arpalus.planogramcompliance
10-22 07:44:01.332  2259  2259 D SGM:GameManager: identifyGamePackage. com.arpalus.planogramcompliance, mCurrentUserId: 0, callerUserId: 0, callingMethodInfo: com.android.server.ssrm.fgapps.GameAppUtils.isGame(GameAppUtils.java:84)
10-22 07:44:01.332  2259  2259 D SGM:PkgDataHelper: getGamePkgData(). com.arpalus.planogramcompliance
10-22 07:44:02.200 32185 32246 I Unity   : A>> 63 [04:44:02.200083]  DetectedProductBB: DetectedProductBB: RemoveSelf: 8001000000000000 (1) Invalid BB size
10-22 07:44:02.201 32185 32246 I Unity   : A>> 64 [04:44:02.200771]  RemoveProductDetected: - Remove Detection - name: 8001000000000000 id: 135 location: (0.04, -0.01, 0.12)
10-22 07:44:02.252 32185 32246 I Unity   : A>> 65 [04:44:02.251286]  PageManager: MoveToPage: Reports from: AR
10-22 07:44:02.296 17953  1112 W NetworkScheduler: android.database.sqlite.SQLiteConstraintException: UNIQUE constraint failed: pending_ops.tag, pending_ops.target_class, pending_ops.target_package, pending_ops.user_id (code 2067 SQLITE_CONSTRAINT_UNIQUE[2067])
10-22 07:44:02.761 32185 32246 I Unity   : A>> 66 [04:44:02.761284]  OnProductDetected: - First Detection - name: 1000038000138430 id: 140 location: (0.06, 0.00, 0.13)
10-22 07:44:02.762 32185 32246 I Unity   : A>> 67 [04:44:02.762204]  OnProductDetected: - Detection Update - name: 1000038000845253 id: 140 location: (0.06, 0.00, 0.13)
10-22 07:44:03.142 32185 32246 I Unity   : A>> 69 [04:44:03.141279]  OnProductDetected: - First Detection - name: 1000038000183690 id: 125 location: (0.08, -0.07, 0.12)
10-22 07:44:03.170 32185 32246 I Unity   : A>> 70 [04:44:03.170204]  PlanogramCompliance: SetScanningStage: SelectPlanogram: PlanogramRecognized -> PlanogramRecognized
10-22 07:44:03.174 32185 32246 I Unity   : A>> 71 [04:44:03.173708]  PlanogramCompliance: SendComplianceScanReport: Adding report with 63 products, detection count: 3, totalRealFacings: 3, totalPlanFacings: 100
10-22 07:44:03.175 32185 32246 I Unity   : A>> 72 [04:44:03.174960]  FileUtils: SaveBinaryFile: Saving binary file: /storage/emulated/0/Android/data/com.arpalus.planogramcompliance/files/ReportsForEmail/2023-10-22/2023-10-22_04-41-31/TSV/Scan_DorAlon_bgon_2023-10-22_04-43-53.tsv
10-22 07:44:03.176 32185 32246 I Unity   : A>> 73 [04:44:03.176251]  image 1 for dashboard: Sessions/DorAlon/Alonit/bgon/2023-10-22/2023-10-22_04-41-31/2023-10-22_04-43-53/Images/2023-10-22_04-43-53_1.jpg
10-22 07:44:03.177 32185 32246 I Unity   : A>> 74 [04:44:03.176904]  image 2 for dashboard: Sessions/DorAlon/Alonit/bgon/2023-10-22/2023-10-22_04-41-31/2023-10-22_04-43-53/Images/2023-10-22_04-43-53_2.jpg
10-22 07:44:03.178 32185 32246 I Unity   : A>> 75 [04:44:03.177472]  image 6 for dashboard: Sessions/DorAlon/Alonit/bgon/2023-10-22/2023-10-22_04-41-31/2023-10-22_04-43-53/Images/2023-10-22_04-43-53_12.jpg
10-22 07:44:03.179 32185 32246 I Unity   : A>> 76 [04:44:03.179144]  PlanogramCompliance: Scan report: AC: 0.03174603, PC: 0, SOS: 0, OOS: 0.97
10-22 07:44:03.183 32185 32246 I Unity   : A>> 77 [04:44:03.182741]  SaveSvg: Realogram SVG file path: /storage/emulated/0/Android/data/com.arpalus.planogramcompliance/files/Thumbnails/DorAlon/Alonit/  250.5.svg
10-22 07:44:03.183 32185 32246 I Unity   : A>> 78 [04:44:03.183333]  SvgGenerator: GenerateAndSaveSVGFile: Generate svg for: _45 use catalogDimensions: True productLocation: BottomCenter alignStacks: True
10-22 07:44:03.187 32185 32246 I Unity   : A>> 79 [04:44:03.186595]  FileUtils: SaveTextFile: Saving text file: /storage/emulated/0/Android/data/com.arpalus.planogramcompliance/files/Thumbnails/DorAlon/Alonit/  250.5.svg
10-22 07:44:03.193 32185 32246 I Unity   : A>> 80 [04:44:03.192511]  FileUtils: SaveTextFile: Saving text file: /storage/emulated/0/Android/data/com.arpalus.planogramcompliance/files/Thumbnails/DorAlon/Alonit/  250.5.svg
10-22 07:44:03.196 32185 32246 I Unity   : A>> 81 [04:44:03.196093]  SaveSvg: Realogram SVG file path: /storage/emulated/0/Android/data/com.arpalus.planogramcompliance/files/Thumbnails/DorAlon/Alonit/Pog_  250.5.svg
10-22 07:44:03.197 32185 32246 I Unity   : A>> 82 [04:44:03.196750]  SvgGenerator: GenerateAndSaveSVGFile: Generate svg for:   250.5 use catalogDimensions: True productLocation: Center alignStacks: False
10-22 07:44:03.200 32185 32246 I Unity   : A>> 83 [04:44:03.200067]  FileUtils: SaveTextFile: Saving text file: /storage/emulated/0/Android/data/com.arpalus.planogramcompliance/files/Thumbnails/DorAlon/Alonit/Pog_  250.5.svg
10-22 07:44:03.209 17953   765 W NetworkScheduler: android.database.sqlite.SQLiteConstraintException: UNIQUE constraint failed: pending_ops.tag, pending_ops.target_class, pending_ops.target_package, pending_ops.user_id (code 2067 SQLITE_CONSTRAINT_UNIQUE[2067])
10-22 07:44:03.222 32185 32246 I Unity   : A>> 84 [04:44:03.221735]  FileUtils: SaveTextFile: Saving text file: /storage/emulated/0/Android/data/com.arpalus.planogramcompliance/files/Thumbnails/DorAlon/Alonit/Pog_  250.5.svg
10-22 07:44:03.279 32185 32246 I Unity   : A>> 85 [04:44:03.279330]  PlanogramCompliance: TakePlanogramThumbnail: pogMatched: False, planogram fixture count: 5, realogram fixture count: 0
10-22 07:44:03.449 32185 32246 W Unity   : A>> 86 [04:44:03.449124]  ReportPage: SaveReports: Saving 10 scan reports - removed old reports, maxReportCount: 10
10-22 07:44:03.482 32185 32246 I Unity   : A>> 87 [04:44:03.481864]  FileUtils: SaveTextFile: Saving text file: /storage/emulated/0/Android/data/com.arpalus.planogramcompliance/files/Reports/2023-10-22/2023-10-22_04-41-31/ScanReport_45.txt
10-22 07:44:03.502 32185 32246 I Unity   : A>> 88 [04:44:03.502414]  PlanogramCompliance: SetScanningStage: SessionDone: PlanogramRecognized -> Standby
10-22 07:44:03.503 32185 32246 W Unity   : A>> 89 [04:44:03.503138]  EncodeTexture: PushFrameForProcessing: Not currently scanning so releasing the frame instead.
10-22 07:44:03.644 32185 32246 I Unity   : A>> 90 [04:44:03.642913]  PlanogramThumbnail: SaveThumbnail: Save png: /storage/emulated/0/Android/data/com.arpalus.planogramcompliance/files/SmallThumbnails/DorAlon/Alonit/  250.5_last.png
10-22 07:44:03.646 32185 32246 I Unity   : A>> 91 [04:44:03.645523]  FileUtils: SaveBinaryFile: Saving binary file: /storage/emulated/0/Android/data/com.arpalus.planogramcompliance/files/SmallThumbnails/DorAlon/Alonit/  250.5_last.png
10-22 07:44:04.253 32185 32246 I Unity   : A>> 92 [04:44:04.252900]  PlanogramThumbnail: SaveThumbnail: Save png: /storage/emulated/0/Android/data/com.arpalus.planogramcompliance/files/Thumbnails/DorAlon/Alonit/  250.5_last.png
10-22 07:44:04.254 32185 32246 I Unity   : A>> 93 [04:44:04.253975]  FileUtils: SaveBinaryFile: Saving binary file: /storage/emulated/0/Android/data/com.arpalus.planogramcompliance/files/Thumbnails/DorAlon/Alonit/  250.5_last.png
10-22 07:44:06.163 32185 32246 I Unity   : A>> 94 [04:44:06.163315]  FileUtils: SaveTextFile: Saving text file: /storage/emulated/0/Android/data/com.arpalus.planogramcompliance/files/ScanUploadBatches/Session_2023-10-22_04-43-53.batch
10-22 07:44:06.239 32185 32246 I Unity   : A>> 95 [04:44:06.239328]  FileUtils: SaveBinaryFile: Saving binary file: /storage/emulated/0/Android/data/com.arpalus.planogramcompliance/files/Sessions/DorAlon/Alonit/bgon/2023-10-22/2023-10-22_04-41-31/2023-10-22_04-43-53/Image_DorAlon_bgon_2023-10-22_04-43-53.jpg
10-22 07:44:06.241 32185 32246 I Unity   : A>> 96 [04:44:06.241123]  FileUtils: SaveBinaryFile: Saving binary file: /storage/emulated/0/Android/data/com.arpalus.planogramcompliance/files/Sessions/DorAlon/Alonit/bgon/2023-10-22/2023-10-22_04-41-31/2023-10-22_04-43-53/Realogram_DorAlon_bgon_2023-10-22_04-43-53.svg
10-22 07:44:06.248 32185 32246 I Unity   : A>> 97 [04:44:06.248130]  UploadSessions: SaveCurrentScanBatchToDisk: Adding scanBatch: 2023-10-22_04-43-53
10-22 07:44:06.249 32185 32246 I Unity   : A>> 98 [04:44:06.248710]  [SGA] BgUpProcMng: PreprocessAndUploadBatches: [ARP_U_BgUpProcMng_PreProcAndUp-10]
10-22 07:44:06.249 32185 32246 I Unity   : A>> 99 [04:44:06.249186]  [SGA] BgUpProcMng: PreprocessAndUploadBatches: [ARP_U_BgUpProcMng_PreProcAndUp-110] preprocCoroutine already running - stopping it
10-22 07:44:06.250 32185 32246 I Unity   : A>> 100 [04:44:06.249631]  [SGA] BgUpProcMng: PreprocessAndUploadBatches: [ARP_U_BgUpProcMng_PreProcAndUp-230] Reloading batches
10-22 07:44:06.250 32185 32246 I Unity   : A>> 101 [04:44:06.250033]  [SGA] BgUpProcMng: ReloadBatches: [ARP_U_BgUpProcMng_ReloadBs-10]
10-22 07:44:06.280 32185 32246 I Unity   : A>> 102 [04:44:06.279985]  UploadSessions: LoadScanBatchesFromDisk: scanUploadBatch.scanInfo.scanTimestamp = 2023-10-22_04-43-53
10-22 07:44:06.316 32185 32246 I Unity   : A>> 103 [04:44:06.315589]  UploadSessions: LoadScanBatchesFromDisk: scanUploadBatch.scanInfo.scanTimestamp = 2023-10-22_04-42-09
10-22 07:44:06.355 32185 32246 I Unity   : A>> 104 [04:44:06.354721]  UploadSessions: LoadScanBatchesFromDisk: scanUploadBatch.scanInfo.scanTimestamp = 2023-10-22_04-41-50
10-22 07:44:06.374 32185 32246 I Unity   : A>> 105 [04:44:06.373336]  UploadSessions: LoadScanBatchesFromDisk: scanUploadBatch.scanInfo.scanTimestamp = 2023-10-21_16-30-14
10-22 07:44:06.375 32185 32246 I Unity   : A>> 106 [04:44:06.375134]  [SGA] BgUpProcMng: PreprocessAndUploadBatches: [ARP_U_BgUpProcMng_PreProcAndUp-10]
10-22 07:44:06.376 32185 32246 I Unity   : A>> 107 [04:44:06.375679]  [SGA] BgUpProcMng: PreprocessAndUploadBatches: [ARP_U_BgUpProcMng_PreProcAndUp-130] preprocCoroutine already running
10-22 07:44:06.376 32185 32246 I Unity   : A>> 108 [04:44:06.376115]  [SGA] BgUpProcMng: ReloadBatches: [ARP_U_BgUpProcMng_ReloadBs-1000]
10-22 07:44:06.376 32185 32246 I Unity   : A>> 109 [04:44:06.376481]  [SGA] BgUpProcMng: PreprocessAndUploadBatches: [ARP_U_BgUpProcMng_PreProcAndUp-310] Starting PreprocessBatchesCoroutine
10-22 07:44:06.377 32185 32246 I Unity   : A>> 110 [04:44:06.376873]  BgUpProcessMng: PreprocessBatchesCoroutine: [ARP_U_BgUpProcMng_PreProcCorut #LookAtMe -10]   
10-22 07:44:06.377 32185 32246 I Unity   : A>> 111 [04:44:06.377347]  [SGA] BgUpProcMng:  ValidateBatches: [ARP_U_BgUpProcMng_Validate-10]
10-22 07:44:06.378 32185 32246 I Unity   : A>> 112 [04:44:06.378056]  [SGA] BgUpProcMng:  ValidateBatches: [ARP_U_BgUpProcMng_Validate-50.1]  BatchUpInfo file not found: /storage/emulated/0/Android/data/com.arpalus.planogramcompliance/files/ScanUploadBatches/Session_2023-10-22_04-43-53.batchUpInfo
10-22 07:44:06.379 32185 32246 I Unity   : A>> 113 [04:44:06.378906]  [SGA] BgUpProcMng:  ValidateBatches: [ARP_U_BgUpProcMng_Validate-80]  BatchUpInfo file found with state: -4 for batch: 2023-10-22_04-42-09
10-22 07:44:06.380 32185 32246 I Unity   : A>> 114 [04:44:06.379689]  [SGA] BgUpProcMng:  ValidateBatches: [ARP_U_BgUpProcMng_Validate-80]  BatchUpInfo file found with state: -4 for batch: 2023-10-22_04-41-50
10-22 07:44:06.380 32185 32246 I Unity   : A>> 115 [04:44:06.380354]  [SGA] BgUpProcMng:  ValidateBatches: [ARP_U_BgUpProcMng_Validate-80]  BatchUpInfo file found with state: -4 for batch: 2023-10-21_16-30-14
10-22 07:44:06.381 32185 32246 I Unity   : A>> 116 [04:44:06.380824]  [SGA] BgUpProcMng:  ValidateBatches: [ARP_U_BgUpProcMng_Validate-1000]
10-22 07:44:06.381 32185 32246 I Unity   : A>> 117 [04:44:06.381347]  BgUpProcessMng: PreprocessBatchesCoroutine: [ARP_U_BgUpProcMng_PreProcCorut-40] - STARTED
10-22 07:44:06.382 32185 32246 I Unity   : A>> 118 [04:44:06.381861]  BgUpProcessMng: PreprocessBatchesCoroutine: [ARP_U_BgUpProcMng_PreProcCorut-50.10] - Couning images  
10-22 07:44:06.382 32185 32246 I Unity   : A>> 119 [04:44:06.382303]  [SGA] BgUpProcMng: PreprocessAndUploadBatches: [ARP_U_BgUpProcMng_PreProcAndUp-1000]
10-22 07:44:06.429 32185 32246 I Unity   : A>> 121 [04:44:06.428845]  BgUpProcessMng: PreprocessBatchesCoroutine: [ARP_U_BgUpProcMng_PreProcCorut: 20.1000 - Wait till can preProcess 
10-22 07:44:06.429 32185 32246 I Unity   : A>> 122 [04:44:06.429400]  BgUpProcessMng: PreprocessBatchesCoroutine: [ARP_U_BgUpProcMng_PreProcCorut: 30.1 - CAN PREPROCESS 
10-22 07:44:06.430 32185 32246 I Unity   : A>> 123 [04:44:06.429850]  BgUpProcessMng: PreprocessBatchesCoroutine: [ARP_U_BgUpProcMng_PreProcCorut: 40.1 - COUNTING ALL IMAGES
10-22 07:44:06.430 32185 32246 I Unity   : A>> 124 [04:44:06.430200]  [SGA] BgUpProcMng: PreProcCountBatchesAndImgs: : 10
10-22 07:44:06.430 32185 32246 I Unity   : A>> 125 [04:44:06.430595]  [SGA] BgUpProcMng: PreProcCountBatchesAndImgs: : 40.10.1 found batch with ts: 2023-10-22_04-43-53
10-22 07:44:06.431 32185 32246 I Unity   : A>> 126 [04:44:06.430949]  [SGA] BgUpProcMng: PreProcCountBatchesAndImgs: : 40.10.2 found batch with ts: 2023-10-22_04-42-09
10-22 07:44:06.431 32185 32246 I Unity   : A>> 127 [04:44:06.431303]  [SGA] BgUpProcMng: PreProcCountBatchesAndImgs: : 40.10.3 found batch with ts: 2023-10-22_04-41-50
10-22 07:44:06.432 32185 32246 I Unity   : A>> 128 [04:44:06.431707]  [SGA] BgUpProcMng: PreProcCountBatchesAndImgs: : 40.10.4 found batch with ts: 2023-10-21_16-30-14
10-22 07:44:06.432 32185 32246 I Unity   : A>> 129 [04:44:06.432109]  BgUpProcessMng: PreprocessBatchesCoroutine: [ARP_U_BgUpProcMng_PreProcCorut: 40.10.4 totalImgCount: 48
10-22 07:44:06.432 32185 32246 I Unity   : A>> 130 [04:44:06.432459]  BgUpProcessMng: PreprocessBatchesCoroutine: [ARP_U_BgUpProcMng_PreProcCorut: 40.1000 - Time to count all images: 50 ms
10-22 07:44:06.433 32185 32246 I Unity   : A>> 131 [04:44:06.432793]  BgUpProcessMng: PreprocessBatchesCoroutine: [ARP_U_BgUpProcMng_PreProcCorut - 50.1.2.12] #LookAtMe - Num Of Batches 4
10-22 07:44:06.433 32185 32246 I Unity   : A>> 132 [04:44:06.433124]  BgUpProcessMng: PreprocessBatchesCoroutine: [ARP_U_BgUpProcMng_PreProcCorut - 50.1.2.13] #LookAtMe - Timestamps Of Batches 2023-10-22_04-43-53, 2023-10-22_04-42-09, 2023-10-22_04-41-50, 2023-10-21_16-30-14
10-22 07:44:06.434 32185 32246 I Unity   : A>> 133 [04:44:06.433695]  [SGA][BBgUpInfo][batchUploadState] , <#LookAtMe>  - -4 -> -1
10-22 07:44:06.434 32185 32246 I Unity   : A>> 134 [04:44:06.434106]  BgUpProcessMng: PreprocessBatchesCoroutine: [ARP_U_BgUpProcMng_PreProcCorut - 50.1.4 - batch.timeStamp 2023-10-22_04-43-53
10-22 07:44:06.434 32185 32246 I Unity   : A>> 135 [04:44:06.434454]  BgUpProcessMng: PreprocessBatchesCoroutine: [ARP_U_BgUpProcMng_PreProcCorut: 50.1000 - preparing for BgUpload
10-22 07:44:06.435 32185 32246 I Unity   : A>> 136 [04:44:06.434783]  BgUpProcessMng: PreprocessBatchesCoroutine: [ARP_U_BgUpProcMng_PreProcCorut: 60.1 - COUNTING IMAGES
10-22 07:44:06.435 32185 32246 I Unity   : A>> 137 [04:44:06.435109]  UploadSessions: UploadScanBatchesProcess: Uploading batch: 2023-10-22_04-43-53.  batch.imageInfo.Count = 13
10-22 07:44:06.435 32185 32246 I Unity   : A>> 138 [04:44:06.435564]  BgUpProcessMng: PreprocessBatchesCoroutine: [ARP_U_BgUpProcMng_PreProcCorut: 60.3.1 -  numOfImagesUploadedInLastSession: 0
10-22 07:44:06.436 32185 32246 I Unity   : A>> 139 [04:44:06.435899]  BgUpProcessMng: PreprocessBatchesCoroutine: [ARP_U_BgUpProcMng_PreProcCorut: 60.3.2 - Time to get batch imgs to upload count: 0 ms
10-22 07:44:06.436 32185 32246 I Unity   : A>> 140 [04:44:06.436216]  BgUpProcessMng: PreprocessBatchesCoroutine: [ARP_U_BgUpProcMng_PreProcCorut: 60.1000 
10-22 07:44:06.436 32185 32246 I Unity   : A>> 141 [04:44:06.436522]  BgUpProcessMng: PreprocessBatchesCoroutine: [ARP_U_BgUpProcMng_PreProcCorut: 70.1 - EMAIL REPORT
10-22 07:44:06.437 32185 32246 I Unity   : A>> 142 [04:44:06.436962]  UploadSessions: SendEmailReport: Sending Email Report
10-22 07:44:06.438 32185 32246 I Unity   : A>> 143 [04:44:06.437859]  UploadSessions: SendEmailReport: Email report sent
10-22 07:44:06.438 32185 32246 I Unity   : A>> 144 [04:44:06.438233]  BgUpProcessMng: PreprocessBatchesCoroutine: [ARP_U_BgUpProcMng_PreProcCorut: 70.1000 - Time to send email report: 2 ms
10-22 07:44:06.438 32185 32246 I Unity   : A>> 145 [04:44:06.438554]  BgUpProcessMng: PreprocessBatchesCoroutine: [ARP_U_BgUpProcMng_PreProcCorut: 80.1 - IMAGES AND META DATA
10-22 07:44:06.439 32185 32246 I Unity   : A>> 146 [04:44:06.438883]  BgUpProcessMng: PreprocessBatchesCoroutine: [ARP_U_BgUpProcMng_PreProcCorut: 80.4.1000
10-22 07:44:06.439 32185 32246 I Unity   : A>> 147 [04:44:06.439245]  BgUpProcessMng: PreprocessBatchesCoroutine: [ARP_U_BgUpProcMng_PreProcCorut: 80.12 - LOOP ON EACH IMAGE
10-22 07:44:06.439 32185 32246 I Unity   : A>> 148 [04:44:06.439560]  BgUpProcessMng: PreprocessBatchesCoroutine: [ARP_U_BgUpProcMng_PreProcCorut: 80.12.1 - On the Image handling loop - Working on imageKey: 0
10-22 07:44:06.440 32185 32246 I Unity   : A>> 149 [04:44:06.439927]  BgUpProcessMng: PreprocessBatchesCoroutine: [ARP_U_BgUpProcMng_PreProcCorut: 80.12.4.1 - preprocess Img for bgUpload
10-22 07:44:06.440 32185 32246 I Unity   : A>> 150 [04:44:06.440244]  BgUpProcessMng: PreprocessImgForBgUpload: [ARP_U_BgUpProcMng_PreProcImg-10]
10-22 07:44:06.441 32185 32246 I Unity   : A>> 151 [04:44:06.440681]  BgUpProcessMng: PreprocessImgForBgUpload: [ARP_U_BgUpProcMng_PreProcImg-[ScanImg.003]: Img for imgkey 0, imgFileInd 1
10-22 07:44:06.441 32185 32246 I Unity   : A>> 152 [04:44:06.441046]  BgUpProcessMng: PreprocessImgForBgUpload: [ARP_U_BgUpProcMng_PreProcImg-[ScanImg.007]: Img for imgkey 0, imgPath: /storage/emulated/0/Android/data/com.arpalus.planogramcompliance/files/ScanUploadBatches/Session_2023-10-22_04-43-53_img-0.imgb
10-22 07:44:06.441 32185 32246 I Unity   : A>> 153 [04:44:06.441488]  BgUpProcessMng: PreprocessImgForBgUpload: [ARP_U_BgUpProcMng_PreProcImg-[ScanImg.012]: - about to get image info from file
10-22 07:44:06.442 32185 32246 I Unity   : A>> 154 [04:44:06.442018]  UploadSessions: GetImageFromPath: Loading image with key 0
10-22 07:44:06.443 32185 32246 I Unity   : A>> 155 [04:44:06.443402]  BgUpProcessMng: PreprocessImgForBgUpload: [ARP_U_BgUpProcMng_PreProcImg-[ScanImg.030.5]: - after getting the info
10-22 07:44:06.444 32185 32246 I Unity   : A>> 156 [04:44:06.443785]  BgUpProcessMng: PreprocessImgForBgUpload: [ARP_U_BgUpProcMng_PreProcImg-[ScanImg.039]: imageFileName: 2023-10-22_04-43-53_1 -> img Decopression
10-22 07:44:06.444 32185 32246 I Unity   : A>> 157 [04:44:06.444144]  UploadSessions: UploadScanBatchesProcess: Uploading image: 2023-10-22_04-43-53_1
10-22 07:44:06.474 32185 32246 I Unity   : A>> 158 [04:44:06.473876]  BgUpProcessMng: PreprocessImgForBgUpload: [ARP_U_BgUpProcMng_PreProcImg-[ScanImg.098]:  Save file to: /storage/emulated/0/Android/data/com.arpalus.planogramcompliance/files/ScanUploadBatches/2023-10-22_04-43-53_0.jpg
10-22 07:44:06.475 32185 32246 I Unity   : A>> 159 [04:44:06.475012]  BgUpProcessMng: PreprocessImgForBgUpload: [ARP_U_BgUpProcMng_PreProcImg-[ScanImg.103]: Img for imgkey 0, string imgFfbUrl = batch.scanInfo.SessionImagesURL + imgFileName;imgFileName: 2023-10-22_04-43-53_0.jpg, fbUrl: Sessions/DorAlon/Alonit/bgon/2023-10-22/2023-10-22_04-41-31/2023-10-22_04-43-53/Images/2023-10-22_04-43-53_0.jpg
10-22 07:44:06.476 32185 32246 I Unity   : A>> 160 [04:44:06.475700]  BgUpProcessMng: PreprocessImgForBgUpload: [ARP_U_BgUpProcMng_PreProcImg-[ScanImg.108]:  Save Image meta file to: /storage/emulated/0/Android/data/com.arpalus.planogramcompliance/files/ScanUploadBatches/2023-10-22_04-43-53_0.txt
10-22 07:44:06.476 32185 32246 I Unity   : A>> 161 [04:44:06.476404]  BgUpProcessMng: PreprocessImgForBgUpload: [ARP_U_BgUpProcMng_PreProcImg-[ScanImg.131] ImgMeta for imgkey 0, imgMetaFileName: 2023-10-22_04-43-53_0.txt, fbUrl: Sessions/DorAlon/Alonit/bgon/2023-10-22/2023-10-22_04-41-31/2023-10-22_04-43-53/Images/2023-10-22_04-43-53_0.txt
10-22 07:44:06.477 32185 32246 I Unity   : A>> 162 [04:44:06.476822]  BgUpProcessMng: PreprocessImgForBgUpload: [ARP_U_BgUpProcMng_PreProcImg-1000]
10-22 07:44:06.477 32185 32246 I Unity   : A>> 163 [04:44:06.477201]  BgUpProcessMng: PreprocessBatchesCoroutine: [ARP_U_BgUpProcMng_PreProcCorut: 80.12.4.1000 - preprocessed Img for bgUpload
10-22 07:44:06.478 32185 32246 I Unity   : A>> 164 [04:44:06.477950]  BgUpProcessMng: PreprocessBatchesCoroutine: [ARP_U_BgUpProcMng_PreProcCorut: 80.12.1 - On the Image handling loop - Working on imageKey: 1
10-22 07:44:06.478 32185 32246 I Unity   : A>> 165 [04:44:06.478306]  BgUpProcessMng: PreprocessBatchesCoroutine: [ARP_U_BgUpProcMng_PreProcCorut: 80.12.4.1 - preprocess Img for bgUpload
10-22 07:44:06.478 32185 32246 I Unity   : A>> 166 [04:44:06.478626]  BgUpProcessMng: PreprocessImgForBgUpload: [ARP_U_BgUpProcMng_PreProcImg-10]
10-22 07:44:06.479 32185 32246 I Unity   : A>> 167 [04:44:06.479098]  BgUpProcessMng: PreprocessImgForBgUpload: [ARP_U_BgUpProcMng_PreProcImg-[ScanImg.003]: Img for imgkey 1, imgFileInd 2
10-22 07:44:06.479 32185 32246 I Unity   : A>> 168 [04:44:06.479439]  BgUpProcessMng: PreprocessImgForBgUpload: [ARP_U_BgUpProcMng_PreProcImg-[ScanImg.007]: Img for imgkey 1, imgPath: /storage/emulated/0/Android/data/com.arpalus.planogramcompliance/files/ScanUploadBatches/Session_2023-10-22_04-43-53_img-1.imgb
10-22 07:44:06.480 32185 32246 I Unity   : A>> 169 [04:44:06.479858]  BgUpProcessMng: PreprocessImgForBgUpload: [ARP_U_BgUpProcMng_PreProcImg-[ScanImg.012]: - about to get image info from file
10-22 07:44:06.480 32185 32246 I Unity   : A>> 170 [04:44:06.480309]  UploadSessions: GetImageFromPath: Loading image with key 1
10-22 07:44:06.482 32185 32246 I Unity   : A>> 171 [04:44:06.481661]  BgUpProcessMng: PreprocessImgForBgUpload: [ARP_U_BgUpProcMng_PreProcImg-[ScanImg.030.5]: - after getting the info
10-22 07:44:06.482 32185 32246 I Unity   : A>> 172 [04:44:06.482082]  BgUpProcessMng: PreprocessImgForBgUpload: [ARP_U_BgUpProcMng_PreProcImg-[ScanImg.039]: imageFileName: 2023-10-22_04-43-53_2 -> img Decopression
10-22 07:44:06.482 32185 32246 I Unity   : A>> 173 [04:44:06.482457]  UploadSessions: UploadScanBatchesProcess: Uploading image: 2023-10-22_04-43-53_2
10-22 07:44:06.513 32185 32246 I Unity   : A>> 174 [04:44:06.512995]  BgUpProcessMng: PreprocessImgForBgUpload: [ARP_U_BgUpProcMng_PreProcImg-[ScanImg.098]:  Save file to: /storage/emulated/0/Android/data/com.arpalus.planogramcompliance/files/ScanUploadBatches/2023-10-22_04-43-53_1.jpg
10-22 07:44:06.514 32185 32246 I Unity   : A>> 175 [04:44:06.514132]  BgUpProcessMng: PreprocessImgForBgUpload: [ARP_U_BgUpProcMng_PreProcImg-[ScanImg.103]: Img for imgkey 1, string imgFfbUrl = batch.scanInfo.SessionImagesURL + imgFileName;imgFileName: 2023-10-22_04-43-53_1.jpg, fbUrl: Sessions/DorAlon/Alonit/bgon/2023-10-22/2023-10-22_04-41-31/2023-10-22_04-43-53/Images/2023-10-22_04-43-53_1.jpg
10-22 07:44:06.515 32185 32246 I Unity   : A>> 176 [04:44:06.514814]  BgUpProcessMng: PreprocessImgForBgUpload: [ARP_U_BgUpProcMng_PreProcImg-[ScanImg.108]:  Save Image meta file to: /storage/emulated/0/Android/data/com.arpalus.planogramcompliance/files/ScanUploadBatches/2023-10-22_04-43-53_1.txt
10-22 07:44:06.515 32185 32246 I Unity   : A>> 177 [04:44:06.515452]  BgUpProcessMng: PreprocessImgForBgUpload: [ARP_U_BgUpProcMng_PreProcImg-[ScanImg.131] ImgMeta for imgkey 1, imgMetaFileName: 2023-10-22_04-43-53_1.txt, fbUrl: Sessions/DorAlon/Alonit/bgon/2023-10-22/2023-10-22_04-41-31/2023-10-22_04-43-53/Images/2023-10-22_04-43-53_1.txt
10-22 07:44:06.516 32185 32246 I Unity   : A>> 178 [04:44:06.515846]  BgUpProcessMng: PreprocessImgForBgUpload: [ARP_U_BgUpProcMng_PreProcImg-1000]
10-22 07:44:06.516 32185 32246 I Unity   : A>> 179 [04:44:06.516221]  BgUpProcessMng: PreprocessBatchesCoroutine: [ARP_U_BgUpProcMng_PreProcCorut: 80.12.4.1000 - preprocessed Img for bgUpload
10-22 07:44:06.516 32185 32246 I Unity   : A>> 180 [04:44:06.516648]  BgUpProcessMng: PreprocessBatchesCoroutine: [ARP_U_BgUpProcMng_PreProcCorut: 80.12.1 - On the Image handling loop - Working on imageKey: 2
10-22 07:44:06.517 32185 32246 I Unity   : A>> 181 [04:44:06.517005]  BgUpProcessMng: PreprocessBatchesCoroutine: [ARP_U_BgUpProcMng_PreProcCorut: 80.12.4.1 - preprocess Img for bgUpload
10-22 07:44:06.517 32185 32246 I Unity   : A>> 182 [04:44:06.517380]  BgUpProcessMng: PreprocessImgForBgUpload: [ARP_U_BgUpProcMng_PreProcImg-10]
10-22 07:44:06.518 32185 32246 I Unity   : A>> 183 [04:44:06.517903]  BgUpProcessMng: PreprocessImgForBgUpload: [ARP_U_BgUpProcMng_PreProcImg-[ScanImg.003]: Img for imgkey 2, imgFileInd 3
